******************************************************************************
                  TI ARM Linker Unix v16.9.6                   
******************************************************************************
>> Linked Mon Feb  5 17:41:50 2024

OUTPUT FILE NAME:   <test/xwr18xxAOP_objectdetection_test_mss.xer4f>
ENTRY POINT SYMBOL: "_c_int00"  address: 00012b30


MEMORY CONFIGURATION

         name            origin    length      used     unused   attr    fill
----------------------  --------  ---------  --------  --------  ----  --------
PAGE 0:
  VECTORS               00000000   00000100  0000003c  000000c4     X
  PROG_RAM              00000100   0007ff00  000194e6  00066a1a  R  X
  DATA_RAM              08000000   00030000  0002b7cc  00004834  RW  
  L3_RAM                51000000   00100000  00100000  00000000  RW  
  HWA_RAM               52030000   00010000  00000000  00010000  RW  
  HS_RAM                52080000   00008000  00000000  00008000  RW  

PAGE 1:
  L3_RAM                51000000   00100000  00000000  00100000  RW  


SEGMENT ALLOCATION MAP

run origin  load origin   length   init length attrs members
----------  ----------- ---------- ----------- ----- -------
00000000    00000000    0000003c   0000003c    r--
  00000000    00000000    0000003c   0000003c    r-- .vecs
00000100    00000100    000194f0   000194f0    r-x
  00000100    00000100    00016b32   00016b32    r-x .text
  00016c38    00016c38    0000257c   0000257c    r-- .const
  000191b8    000191b8    00000438   00000438    r-- .cinit
08000000    08000000    0002b7d0   00000000    rw-
  08000000    08000000    00014000   00000000    rw- .tcmbHeap
  08014000    08014000    00011a3c   00000000    rw- .bss
  08025a40    08025a40    00002990   00000000    rw- .data
  080283d0    080283d0    00002400   00000000    rw- .MCPILogBuffer
  0802a7d0    0802a7d0    00001000   00000000    rw- .stack
51000000    51000000    00100000   00000000    rw-
  51000000    51000000    00100000   00000000    rw- .l3ram


SECTION ALLOCATION MAP

 output                                  attributes/
section   page    origin      length       input sections
--------  ----  ----------  ----------   ----------------
.vecs      0    00000000    0000003c     
                  00000000    0000003c     mss_per4ft.oer4ft (.vecs)

xdc.meta   0    00000000    00000130     COPY SECTION
                  00000000    00000130     mss_per4ft.oer4ft (xdc.meta)

.text      0    00000100    00016b32     
                  00000100    0000107a     rtsv7R4_T_le_v3D16_eabi.lib : _printfi.obj (.text)
                  0000117a    00000002     libhwa_xwr18xx.aer4f : hwa.oer4f (.text:HWA_init)
                  0000117c    00000a30     main.oer4f (.text:ObjectDetection_Test_task)
                  00001bac    00000684     rtsv7R4_T_le_v3D16_eabi.lib : e_pow.obj (.text)
                  00002230    00000670     libdopplerproc_hwa_xwr18xx.aer4f : dopplerprochwa.oer4f (.text:DPU_DopplerProcHWA_config)
                  000028a0    00000658     libhwa_xwr18xx.aer4f : hwa.oer4f (.text:HWA_configParamSet)
                  00002ef8    000005fc     rtsv7R4_T_le_v3D16_eabi.lib : k_rem_pio2.obj (.text)
                  000034f4    000005bd     objectdetection.oer4f (.text:DPC_ObjectDetection_ioctl)
                  00003ab1    00000001     --HOLE-- [fill = 0]
                  00003ab2    000005b4     libaoa2dproc_hwa_xwr18xx.aer4f : aoa2dprochwa.oer4f (.text:AoAProcHWA_config_HWA)
                  00004066    00000576                                    : aoa2dprochwa.oer4f (.text:AoAProcHWA_config_EDMA)
                  000045dc    00000564     librangeproc_hwa_xwr18xx.aer4f : rangeprochwa.oer4f (.text:DPU_RangeProcHWA_process)
                  00004b40    000004e1     sysbios.aer4ft : BIOS.obj (.text:xdc_runtime_System_doPrint__I)
                  00005021    00000001     --HOLE-- [fill = 0]
                  00005022    00000002     rtsv7R4_T_le_v3D16_eabi.lib : i_div0.obj (.text)
                  00005024    0000044c     objectdetection.oer4f (.text:DPC_ObjDet_rangeBiasRxChPhaseMeasure)
                  00005470    0000043c     librangeproc_hwa_xwr18xx.aer4f : rangeprochwa.oer4f (.text:DPU_RangeProcHWA_config)
                  000058ac    000003f4     libaoa2dproc_hwa_xwr18xx.aer4f : aoa2dprochwa.oer4f (.text:DPU_AoAProcHWA_process)
                  00005ca0    000003f4     rtsv7R4_T_le_v3D16_eabi.lib : s_cos.obj (.text)
                  00006094    000003f4                                 : s_sin.obj (.text)
                  00006488    00000308     libsoc_xwr18xx.aer4f : soc_xwr18xx_mss.oer4f (.text:SOC_deviceInit)
                  00006790    00000304     librangeproc_hwa_xwr18xx.aer4f : rangeprochwa.oer4f (.text:rangeProcHWA_ConfigEDMA_DataOut_nonInterleave)
                  00006a94    000002f8     main.oer4f (.text:ObjectDetection_Test_setProfile)
                  00006d8c    000002ec     rtsv7R4_T_le_v3D16_eabi.lib : ll_div32.obj (.text)
                  00007078    00000008     libaoa2dproc_hwa_xwr18xx.aer4f : aoa2dprochwa.oer4f (.text:AOAProcHWADoneIsrCallback)
                  00007080    000002e4     sysbios.aer4ft : BIOS.obj (.text:ti_sysbios_knl_Semaphore_pend__E)
                  00007364    000002d4     objectdetection.oer4f (.text:DPC_ObjDet_AoAconfig)
                  00007638    000002b8     libaoa2dproc_hwa_xwr18xx.aer4f : aoa2dprochwa.oer4f (.text:AoAProcHWA_dopplerCompensation)
                  000078f0    000002b8     rtsv7R4_T_le_v3D16_eabi.lib : ull_div32.obj (.text)
                  00007ba8    00000008     libcfarcaproc_hwa_xwr18xx.aer4f : cfarcaprochwa.oer4f (.text:CFARCAHWADoneIsrCallback)
                  00007bb0    000002a4     sysbios.aer4ft : BIOS.obj (.text:ti_sysbios_heaps_HeapMem_freeUnprotected__E)
                  00007e54    00000294     objectdetection.oer4f (.text:DPC_ObjectDetection_execute)
                  000080e8    00000008     objectdetection.oer4f (.text:DPC_ObjDet_MemPoolReset)
                  000080f0    00000280     sysbios.aer4ft : BIOS.obj (.text:ti_sysbios_family_arm_exc_Exception_excDumpContext__I)
                  00008370    00000264     rtsv7R4_T_le_v3D16_eabi.lib : e_log.obj (.text)
                  000085d4    00000260     libmailbox_xwr18xx.aer4f : mailbox.oer4f (.text:Mailbox_open)
                  00008834    00000248     gen_frame_data.oer4f (.text:genChirpData)
                  00008a7c    00000240     objectdetection.oer4f (.text:DPC_ObjDet_rangeConfig)
                  00008cbc    00000230     main.oer4f (.text:ObjectDetection_Test_configDPC)
                  00008eec    0000022c     librangeproc_hwa_xwr18xx.aer4f : rangeprochwa.oer4f (.text:rangeProcHWA_ConfigHWA)
                  00009118    00000008     libdopplerproc_hwa_xwr18xx.aer4f : dopplerprochwa.oer4f (.text:DPU_DopplerProcHWA_edmaDoneIsrCallback)
                  00009120    0000022c     sysbios.aer4ft : BIOS.obj (.text:ti_sysbios_knl_Task_Instance_finalize__E)
                  0000934c    00000004     libaoa2dproc_hwa_xwr18xx.aer4f : aoa2dprochwa.oer4f (.text:DPU_AoAProcHWA_getNumHwaParamSets)
                  00009350    00000228     sysbios.aer4ft : BIOS.obj (.text:ti_sysbios_heaps_HeapMem_allocUnprotected__E)
                  00009578    00000224     main.oer4f (.text:ObjectDetection_Test_CompareToRef)
                  0000979c    00000220     libhwa_xwr18xx.aer4f : hwa.oer4f (.text:HWA_configCommon)
                  000099bc    00000214     libedma_xwr18xx.aer4f : edma.oer4f (.text:EDMA_configChannel)
                  00009bd0    00000204     objectdetection.oer4f (.text:DPC_ObjDet_preStartConfig)
                  00009dd4    000001fa     libaoa2dproc_hwa_xwr18xx.aer4f : aoa2dprochwa.oer4f (.text:AoAProcHWA_config_azimuthHeatMap_HWA)
                  00009fce    00000002     rtsv7R4_T_le_v3D16_eabi.lib : l_div0.obj (.text)
                  00009fd0    000001ef     libedma_xwr18xx.aer4f : edma.oer4f (.text:EDMA_paramConfig_assist)
                  0000a1bf    00000001     --HOLE-- [fill = 0]
                  0000a1c0    000001ee     libaoa2dproc_hwa_xwr18xx.aer4f : aoa2dprochwa.oer4f (.text:AoAProcHWA_peakGrouping)
                  0000a3ae    00000002     mss_per4ft.oer4ft (.text:ti_sysbios_BIOS_nullFunc__I)
                  0000a3b0    000001e0     sysbios.aer4ft : BIOS.obj (.text:ti_sysbios_knl_Task_sleep__E)
                  0000a590    000001dc     libaoa2dproc_hwa_xwr18xx.aer4f : aoa2dprochwa.oer4f (.text:DPU_AoAProcHWA_config)
                  0000a76c    000001d8                                    : aoa2dprochwa.oer4f (.text:AoAProcHWA_XYZestimationAoA2D)
                  0000a944    0000000c     libedma_xwr18xx.aer4f : edma_low_level.oer4f (.text:EDMA3ChannelToParamMap)
                  0000a950    000001d8     sysbios.aer4ft : BIOS.obj (.text:ti_sysbios_knl_Task_Module_startup__E)
                  0000ab28    000001c8     rtsv7R4_T_le_v3D16_eabi.lib : fopen.obj (.text)
                  0000acf0    000001c8     sysbios.aer4ft : BIOS.obj (.text:ti_sysbios_knl_Task_Instance_init__E)
                  0000aeb8    000001c0     libedma_xwr18xx.aer4f : edma.oer4f (.text:EDMA_open)
                  0000b078    000001a4     objectdetection.oer4f (.text:DPC_ObjectDetection_init)
                  0000b21c    00000190     gen_frame_data.oer4f (.text:initFrameData)
                  0000b3ac    0000018c     libstaticclutterproc_xwr18xx.aer4f : staticclutterproc.oer4f (.text:DPU_StaticClutterProc_process)
                  0000b538    00000188     libcfarcaproc_hwa_xwr18xx.aer4f : cfarcaprochwa.oer4f (.text:DPU_CFARCAProcHWA_process)
                  0000b6c0    00000188     libhwa_xwr18xx.aer4f : hwa.oer4f (.text:HWA_open)
                  0000b848    00000180     libdpm_xwr18xx.aer4f : dpm_core.oer4f (.text:DPM_init)
                  0000b9c8    00000180                          : dpm_msg.oer4f (.text:DPM_msgRecv)
                  0000bb48    00000008     libdopplerproc_hwa_xwr18xx.aer4f : dopplerprochwa.oer4f (.text:DPU_DopplerProcHWA_hwaDoneIsrCallback)
                  0000bb50    0000017c     sysbios.aer4ft : BIOS.obj (.text:ti_sysbios_family_arm_exc_Exception_excHandler__I)
                  0000bccc    0000016c     libsoc_xwr18xx.aer4f : soc_xwr18xx_mss.oer4f (.text:SOC_unhaltDSS)
                  0000be38    0000016a     libaoa2dproc_hwa_xwr18xx.aer4f : aoa2dprochwa.oer4f (.text:AoAProcHWA_config_azimuthHeatMap_EDMA)
                  0000bfa2    0000000e     libosal_xwr18xx.aer4f : SemaphoreP_tirtos.oer4f (.text:SemaphoreP_delete)
                  0000bfb0    00000160     sysbios.aer4ft : BIOS.obj (.text:ti_sysbios_family_arm_v7r_vim_Hwi_reconfig__E)
                  0000c110    00000158     main.oer4f (.text:ObjectDetection_Test_reportFxn)
                  0000c268    0000014c     main.oer4f (.text:ObjectDetection_Test_convertCoordinates)
                  0000c3b4    00000148     libstaticclutterproc_xwr18xx.aer4f : staticclutterproc.oer4f (.text:DPU_StaticClutterProc_configEdma)
                  0000c4fc    00000148     libedma_xwr18xx.aer4f : edma.oer4f (.text:EDMA_setSourceAddress)
                  0000c644    00000144     objectdetection.oer4f (.text:DPC_ObjDet_dopplerConfig)
                  0000c788    00000008     libosal_xwr18xx.aer4f : HwiP_tirtos.oer4f (.text:HwiP_disable)
                  0000c790    00000144     sysbios.aer4ft : BIOS.obj (.text:ti_sysbios_timers_rti_Timer_Module_startup__E)
                  0000c8d4    0000000c     libedma_xwr18xx.aer4f : edma_low_level.oer4f (.text:EDMAsetRegion)
                  0000c8e0    00000140     sysbios.aer4ft : BIOS.obj (.text:ti_sysbios_heaps_HeapMem_Instance_init__E)
                  0000ca20    00000140                    : BIOS.obj (.text:xdc_runtime_Core_createObject__I)
                  0000cb60    0000013c                    : BIOS.obj (.text:ti_sysbios_family_arm_v7r_vim_Hwi_dispatchIRQC__I)
                  0000cc9c    00000138     rtsv7R4_T_le_v3D16_eabi.lib : fputs.obj (.text)
                  0000cdd4    00000134     libcfarcaproc_hwa_xwr18xx.aer4f : cfarcaprochwa.oer4f (.text:CFARHWA_cfarRange_AND_cfarDoppler)
                  0000cf08    00000134                                     : cfarcaprochwa.oer4f (.text:DPU_CFARCAProcHWA_config)
                  0000d03c    00000134     main.oer4f (.text:ObjectDetection_Test_DPCInit)
                  0000d170    00000134     sysbios.aer4ft : BIOS.obj (.text:xdc_runtime_Startup_startMods__I)
                  0000d2a4    00000130     libaoa2dproc_hwa_xwr18xx.aer4f : aoa2dprochwa.oer4f (.text:AoAProcHWA_PrepareRangeAzimuthHeatmap)
                  0000d3d4    0000000c     sysbios.aer4ft : arm_IntrinsicsSupport_asm.obj (.text:_ti_sysbios_family_arm_IntrinsicsSupport_maxbitA)
                  0000d3e0    00000130                    : BIOS.obj (.text:xdc_runtime_Error_policyDefault__E)
                  0000d510    0000012c     libcfarcaproc_hwa_xwr18xx.aer4f : cfarcaprochwa.oer4f (.text:HWAutil_configCFAR)
                  0000d63c    0000012c     librangeproc_hwa_xwr18xx.aer4f : rangeprochwa.oer4f (.text:rangeProcHWA_ConfigEDMADummyThreeLinks)
                  0000d768    0000012a     libaoa2dproc_hwa_xwr18xx.aer4f : aoa2dprochwa.oer4f (.text:AoAProc_configLUT)
                  0000d892    0000012a     libedma_xwr18xx.aer4f : edma.oer4f (.text:EDMA_check4kSiErrata)
                  0000d9bc    00000128     libmathutils.aer4f : mathutils.oer4f (.text:mathUtils_genWindow)
                  0000dae4    00000124     objectdetection.oer4f (.text:DPC_ObjDet_CFARCAconfig)
                  0000dc08    00000124     libedma_xwr18xx.aer4f : edma.oer4f (.text:EDMA_init)
                  0000dd2c    00000120     libtestlogger_xwr18xx.aer4f : logger.oer4f (.text:MCPI_setFeatureTestResult)
                  0000de4c    00000114     libedma_xwr18xx.aer4f : edma.oer4f (.text:EDMA_configErrorMonitoring)
                  0000df60    00000114                           : edma.oer4f (.text:EDMA_transferComplete_isr)
                  0000e074    0000010c     libdpedma_hwa_xwr18xx.aer4f : dpedma.oer4f (.text:DPEDMA_configSyncAB)
                  0000e180    0000010c     libdpm_xwr18xx.aer4f : dpm_msg.oer4f (.text:DPM_msgResultHandler)
                  0000e28c    00000004     libedma_xwr18xx.aer4f : edma.oer4f (.text:EDMA_getNumInstances)
                  0000e290    0000010c     sysbios.aer4ft : BIOS.obj (.text:xdc_runtime_Core_constructObject__I)
                  0000e39c    00000108     libmailbox_xwr18xx.aer4f : mailbox.oer4f (.text:Mailbox_write)
                  0000e4a4    00000104     libdpedma_hwa_xwr18xx.aer4f : dpedma.oer4f (.text:DPEDMA_configSyncA_singleFrame)
                  0000e5a8    00000104     libedma_xwr18xx.aer4f : edma.oer4f (.text:EDMA_configParamSet)
                  0000e6ac    00000004     libosal_xwr18xx.aer4f : HwiP_tirtos.oer4f (.text:HwiP_disableInterrupt)
                  0000e6b0    00000104     sysbios.aer4ft : BIOS.obj (.text:ti_sysbios_timers_rti_Timer_getFreq__E)
                  0000e7b4    000000f8     mss_per4ft.oer4ft (.text:xdc_runtime_System_printfExtend__I)
                  0000e8ac    000000f0     main.oer4f (.text:ObjectDetection_Test_edmaOpen)
                  0000e99c    000000f0     rtsv7R4_T_le_v3D16_eabi.lib : fread.obj (.text)
                  0000ea8c    000000ec     libaoa2dproc_hwa_xwr18xx.aer4f : aoa2dprochwa.oer4f (.text:DPU_AoAProcHWA_init)
                  0000eb78    000000ec     rtsv7R4_T_le_v3D16_eabi.lib : s_scalbn.obj (.text)
                  0000ec64    0000000c                                 : copy_zero_init.obj (.text:decompress:ZI)
                  0000ec70    000000ec     sysbios.aer4ft : BIOS.obj (.text:ti_sysbios_heaps_HeapBuf_Module_startup__E)
                  0000ed5c    000000ea     libdpedma_hwa_xwr18xx.aer4f : dpedmahwa.oer4f (.text:DPEDMAHWA_configTwoHotSignature)
                  0000ee46    00000002     mss_per4ft.oer4ft (.text:xdc_runtime_Startup_reset__I)
                  0000ee48    000000e8     libdopplerproc_hwa_xwr18xx.aer4f : dopplerprochwa.oer4f (.text:DPU_DopplerProcHWA_process)
                  0000ef30    000000e8     sysbios.aer4ft : BIOS.obj (.text:ti_sysbios_family_arm_v7r_vim_Hwi_Instance_init__E)
                  0000f018    000000e0     libcfarcaproc_hwa_xwr18xx.aer4f : cfarcaprochwa.oer4f (.text:DPU_CFARCAProcHWA_control)
                  0000f0f8    000000e0     rtsv7R4_T_le_v3D16_eabi.lib : s_floor.obj (.text)
                  0000f1d8    000000dc                                 : setvbuf.obj (.text)
                  0000f2b4    0000000c     sysbios.aer4ft : BIOS.obj (.text:ti_sysbios_family_arm_v7a_Pmu_configureCounterI__I)
                  0000f2c0    000000dc                    : BIOS.obj (.text:ti_sysbios_knl_Semaphore_post__E)
                  0000f39c    000000da     main.oer4f (.text:ObjectDetection_Test_printAndCheckResults)
                  0000f476    00000002     --HOLE-- [fill = 0]
                  0000f478    000000d4     libdopplerproc_hwa_xwr18xx.aer4f : dopplerprochwa.oer4f (.text:DPU_DopplerProcHWA_init)
                  0000f54c    000000d4     libmailbox_xwr18xx.aer4f : mailbox.oer4f (.text:Mailbox_read)
                  0000f620    000000d4     librangeproc_hwa_xwr18xx.aer4f : rangeprochwa.oer4f (.text:rangeProcHWA_ConfigEDMA_DataIn)
                  0000f6f4    000000d2     objectdetection.oer4f (.text:DPC_ObjectDetection_frameStart)
                  0000f7c6    00000002     --HOLE-- [fill = 0]
                  0000f7c8    000000d0     librangeproc_hwa_xwr18xx.aer4f : rangeprochwa.oer4f (.text:DPU_RangeProcHWA_control)
                  0000f898    000000d0     sysbios.aer4ft : exc_Exception_asm.obj (.text:ti_sysbios_family_arm_exc_Exception_excHandlerAsm__I)
                  0000f968    000000cc     objectdetection.oer4f (.text:DPC_ObjDet_staticClutterConfig)
                  0000fa34    000000cc     libhwa_xwr18xx.aer4f : hwa.oer4f (.text:HWA_enableParamSetInterrupt)
                  0000fb00    000000cc     rtsv7R4_T_le_v3D16_eabi.lib : fflush.obj (.text)
                  0000fbcc    00000004     libosal_xwr18xx.aer4f : HwiP_tirtos.oer4f (.text:HwiP_enableInterrupt)
                  0000fbd0    000000cc     sysbios.aer4ft : BIOS.obj (.text:ti_sysbios_knl_Task_checkStacks__E)
                  0000fc9c    000000ca     libdpedma_hwa_xwr18xx.aer4f : dpedmahwa.oer4f (.text:DPEDMAHWA_configOneHotSignature)
                  0000fd66    000000c4     libaoa2dproc_hwa_xwr18xx.aer4f : aoa2dprochwa.oer4f (.text:AoAProcHWA_SelectMaxPeaks)
                  0000fe2a    00000002     --HOLE-- [fill = 0]
                  0000fe2c    000000c4     libdpm_xwr18xx.aer4f : dpm_core.oer4f (.text:DPM_deinit)
                  0000fef0    000000c4                          : dpm_core.oer4f (.text:DPM_ioctl)
                  0000ffb4    0000000c     sysbios.aer4ft : BIOS.obj (.text:ti_sysbios_family_arm_v7a_Pmu_getCountI__E)
                  0000ffc0    000000c4                    : BIOS.obj (.text:ti_sysbios_family_arm_v7a_Pmu_configureCounter__E)
                  00010084    0000000c     mss_per4ft.oer4ft (.text:ti_sysbios_knl_Queue_Object__get__S)
                  00010090    000000c4     sysbios.aer4ft : BIOS.obj (.text:ti_sysbios_family_arm_v7r_vim_Hwi_Module_startup__E)
                  00010154    0000000a     objectdetection.oer4f (.text:DPC_ObjDet_GetRangeWinGenLen)
                  0001015e    00000002     --HOLE-- [fill = 0]
                  00010160    000000c4     sysbios.aer4ft : BIOS.obj (.text:ti_sysbios_knl_Task_postInit__I)
                  00010224    000000c0     objectdetection.oer4f (.text:DPC_ObjectDetection_start)
                  000102e4    000000c0     librangeproc_hwa_xwr18xx.aer4f : rangeprochwa.oer4f (.text:DPU_RangeProcHWA_init)
                  000103a4    0000000a     libdpm_xwr18xx.aer4f : dpm_core.oer4f (.text:DPM_chirpISR)
                  000103ae    00000002     --HOLE-- [fill = 0]
                  000103b0    000000c0     sysbios.aer4ft : BIOS.obj (.text:ti_sysbios_timers_rti_Timer_startup__E)
                  00010470    000000bc     rtsv7R4_T_le_v3D16_eabi.lib : open.obj (.text)
                  0001052c    000000b8     gen_frame_data.oer4f (.text:GaussianNoise)
                  000105e4    000000b8     rtsv7R4_T_le_v3D16_eabi.lib : k_cos.obj (.text)
                  0001069c    000000b6     libsoc_xwr18xx.aer4f : soc_mpu.o (.text)
                  00010752    00000002     --HOLE-- [fill = 0]
                  00010754    000000b4     libedma_xwr18xx.aer4f : edma.oer4f (.text:EDMA_startTransfer)
                  00010808    000000b4     main.oer4f (.text:ObjectDetection_Test_dpmTask)
                  000108bc    00000004     libsoc_xwr18xx.aer4f : soc_xwr18xx.oer4f (.text:SOC_ungateClock)
                  000108c0    000000b4     sysbios.aer4ft : BIOS.obj (.text:ti_sysbios_gates_GateMutex_enter__E)
                  00010974    0000000a     libdpm_xwr18xx.aer4f : dpm_core.oer4f (.text:DPM_frameStartISR)
                  0001097e    00000002     --HOLE-- [fill = 0]
                  00010980    000000b0     sysbios.aer4ft : BIOS.obj (.text:ti_sysbios_knl_Swi_restoreHwi__E)
                  00010a30    000000b0                    : BIOS.obj (.text:ti_sysbios_knl_Task_exit__E)
                  00010ae0    000000b0                    : BIOS.obj (.text:xdc_runtime_Text_putMod__E)
                  00010b90    000000ae     rtsv7R4_T_le_v3D16_eabi.lib : _io_perm.obj (.text)
                  00010c3e    00000002     --HOLE-- [fill = 0]
                  00010c40    000000ac     libaoa2dproc_hwa_xwr18xx.aer4f : aoa2dprochwa.oer4f (.text:AoAProcHWA_ConvertFov)
                  00010cec    000000ac                                    : aoa2dprochwa.oer4f (.text:AoAProcHWA_rxChanPhaseBiasCompensation)
                  00010d98    000000ac     libesm_xwr18xx.aer4f : esm.oer4f (.text:ESM_processInterrupt)
                  00010e44    000000ac     main.oer4f (.text:main)
                  00010ef0    000000a8     libedma_xwr18xx.aer4f : edma_low_level.oer4f (.text:EDMA3Init)
                  00010f98    000000a8     libsoc_xwr18xx.aer4f : soc.oer4f (.text:SOC_deregisterSysIntListener)
                  00011040    000000a4     libesm_xwr18xx.aer4f : esm.oer4f (.text:ESM_init)
                  000110e4    000000a4     rtsv7R4_T_le_v3D16_eabi.lib : k_sin.obj (.text)
                  00011188    00000008     libosal_xwr18xx.aer4f : MemoryP_tirtos.oer4f (.text:MemoryP_getStats)
                  00011190    000000a2     sysbios.aer4ft : BIOS.obj (.text:xdc_runtime_Text_putSite__E)
                  00011232    00000002     --HOLE-- [fill = 0]
                  00011234    000000a0     main.oer4f (.text:ObjectDetection_Test_trigFrameStart)
                  000112d4    000000a0     libsoc_xwr18xx.aer4f : soc.oer4f (.text:SOC_registerSysIntListener)
                  00011374    000000a0     auto_init.aer4ft : auto_init.oer4ft (.text)
                  00011414    0000009c     rtsv7R4_T_le_v3D16_eabi.lib : _bufread.obj (.text)
                  000114b0    0000009c                                 : memcpy_t2.obj (.text)
                  0001154c    00000004     mss_per4ft.oer4ft (.text:ti_sysbios_BIOS_RtsGateProxy_enter__E)
                  00011550    0000009c     sysbios.aer4ft : BIOS.obj (.text:ti_sysbios_family_arm_v7r_vim_Hwi_initIntController__I)
                  000115ec    00000004     mss_per4ft.oer4ft (.text:ti_sysbios_BIOS_RtsGateProxy_leave__E)
                  000115f0    0000009c     sysbios.aer4ft : BIOS.obj (.text:ti_sysbios_family_arm_v7r_vim_Hwi_mapChannel__I)
                  0001168c    00000004     mss_per4ft.oer4ft (.text:ti_sysbios_family_arm_TaskSupport_Module__startupDone__S)
                  00011690    0000009c     sysbios.aer4ft : BIOS.obj (.text:ti_sysbios_knl_Semaphore_Instance_init__E)
                  0001172c    00000004     mss_per4ft.oer4ft (.text:ti_sysbios_family_arm_v7r_vim_Hwi_delete)
                  00011730    0000009c     sysbios.aer4ft : BIOS.obj (.text:ti_sysbios_knl_Swi_runLoop__I)
                  000117cc    0000009a     libdpm_xwr18xx.aer4f : dpm_msg.oer4f (.text:DPM_msgResponseHandler)
                  00011866    00000002     --HOLE-- [fill = 0]
                  00011868    00000098     libaoa2dproc_hwa_xwr18xx.aer4f : aoa2dprochwa.oer4f (.text:DPU_AoAProcHWA_control)
                  00011900    00000098     rtsv7R4_T_le_v3D16_eabi.lib : fclose.obj (.text)
                  00011998    00000098                                 : fputc.obj (.text)
                  00011a30    00000098     sysbios.aer4ft : vim_Hwi_asm_switch.obj (.text)
                  00011ac8    00000096     libedma_xwr18xx.aer4f : edma.oer4f (.text:EDMA_getErrorStatusInfo)
                  00011b5e    00000096     libhwa_xwr18xx.aer4f : hwa.oer4f (.text:HWA_configRam)
                  00011bf4    00000094     main.oer4f (.text:ObjectDetection_Test_DPCDeinit)
                  00011c88    00000094     rtsv7R4_T_le_v3D16_eabi.lib : snprintf.obj (.text)
                  00011d1c    00000094     sysbios.aer4ft : vim_Hwi_asm.obj (.text:ti_sysbios_family_arm_v7r_vim_Hwi_dispatchIRQ__I)
                  00011db0    00000090     libmailbox_xwr18xx.aer4f : mailbox.oer4f (.text:Mailbox_close)
                  00011e40    00000090     sysbios.aer4ft : BIOS.obj (.text:ti_sysbios_family_arm_v7a_Pmu_startCounter__E)
                  00011ed0    0000008c     main.oer4f (.text:ObjectDetection_Test_startDPC)
                  00011f5c    0000008c     main.oer4f (.text:ObjectDetection_Test_stopDPC)
                  00011fe8    0000008c     libsoc_xwr18xx.aer4f : soc.oer4f (.text:SOC_init)
                  00012074    0000008c                          : soc_xwr18xx.oer4f (.text:SOC_translateAddress)
                  00012100    0000008c     sysbios.aer4ft : BIOS.obj (.text:ti_sysbios_family_arm_v7a_Pmu_getCount__E)
                  0001218c    00000004     mss_per4ft.oer4ft (.text:ti_sysbios_heaps_HeapMem_Module_GateProxy_enter__E)
                  00012190    0000008c     sysbios.aer4ft : BIOS.obj (.text:ti_sysbios_family_arm_v7r_vim_Hwi_Instance_finalize__E)
                  0001221c    00000004     mss_per4ft.oer4ft (.text:ti_sysbios_heaps_HeapMem_Module_GateProxy_leave__E)
                  00012220    0000008c     sysbios.aer4ft : BIOS.obj (.text:xdc_runtime_Memory_alloc__E)
                  000122ac    00000088     libhwa_xwr18xx.aer4f : hwa.oer4f (.text:HWA_disableParamSetInterrupt)
                  00012334    00000086     libaoa2dproc_hwa_xwr18xx.aer4f : aoa2dprochwa.oer4f (.text:AoAProcHWA_cfgAndTrigger_EDMA_2DFFT)
                  000123ba    00000002     --HOLE-- [fill = 0]
                  000123bc    00000084     libcfarcaproc_hwa_xwr18xx.aer4f : cfarcaprochwa.oer4f (.text:DPU_CFARCAProcHWA_init)
                  00012440    00000082     libhwa_xwr18xx.aer4f : hwa.oer4f (.text:HWA_paramDoneISR)
                  000124c2    00000002     --HOLE-- [fill = 0]
                  000124c4    00000080     libdpm_xwr18xx.aer4f : dpm_mailbox.oer4f (.text:DPM_mboxRemoteMailboxCallbackFxn)
                  00012544    0000000a     libosal_xwr18xx.aer4f : MemoryP_tirtos.oer4f (.text:MemoryP_ctrlFree)
                  0001254e    00000002     --HOLE-- [fill = 0]
                  00012550    00000080     sysbios.aer4ft : BIOS.obj (.text:ti_sysbios_timers_rti_Timer_initDevice__I)
                  000125d0    0000007e     objectdetection.oer4f (.text:DPC_ObjDet_GetRxChPhaseComp)
                  0001264e    00000002     --HOLE-- [fill = 0]
                  00012650    0000007e     libosal_xwr18xx.aer4f : HwiP_tirtos.oer4f (.text:HwiP_create)
                  000126ce    00000002     --HOLE-- [fill = 0]
                  000126d0    0000007c     libdpm_xwr18xx.aer4f : dpm_pipe.oer4f (.text:DPM_pipeSend)
                  0001274c    0000007c     libedma_xwr18xx.aer4f : edma.oer4f (.text:EDMA_clearErrors)
                  000127c8    0000007c     sysbios.aer4ft : arm_TaskSupport_asm.obj (.text:_ti_sysbios_family_arm_TaskSupport_buildTaskStack)
                  00012844    0000000a     libosal_xwr18xx.aer4f : SemaphoreP_tirtos.oer4f (.text:SemaphoreP_post)
                  0001284e    00000002     --HOLE-- [fill = 0]
                  00012850    0000007c     sysbios.aer4ft : BIOS.obj (.text:ti_sysbios_knl_Clock_workFunc__E)
                  000128cc    00000004     mss_per4ft.oer4ft (.text:ti_sysbios_knl_Clock_TimerProxy_getMaxTicks__E)
                  000128d0    0000007c     sysbios.aer4ft : BIOS.obj (.text:ti_sysbios_timers_rti_Timer_setPeriodMicroSecs__E)
                  0001294c    00000004     mss_per4ft.oer4ft (.text:ti_sysbios_knl_Semaphore_delete)
                  00012950    0000007c     sysbios.aer4ft : BIOS.obj (.text:xdc_runtime_Core_deleteObject__I)
                  000129cc    0000007a     rtsv7R4_T_le_v3D16_eabi.lib : memset_t2.obj (.text)
                  00012a46    00000074     objectdetection.oer4f (.text:DPC_ObjDet_reconfigSubFrame)
                  00012aba    00000002     --HOLE-- [fill = 0]
                  00012abc    00000074     libedma_xwr18xx.aer4f : edma.oer4f (.text:EDMA_isTransferComplete)
                  00012b30    00000074     boot.aer4ft : boot.oer4ft (.text)
                  00012ba4    00000074     rtsv7R4_T_le_v3D16_eabi.lib : getdevice.obj (.text)
                  00012c18    00000074                                 : s_frexp.obj (.text)
                  00012c8c    00000072     libcfarcaproc_hwa_xwr18xx.aer4f : cfarcaprochwa.oer4f (.text:CFARHWA_saveConfiguration)
                  00012cfe    00000002     --HOLE-- [fill = 0]
                  00012d00    00000070     libedma_xwr18xx.aer4f : edma.oer4f (.text:EDMA_error_isr)
                  00012d70    00000070     libhwa_xwr18xx.aer4f : hwa.oer4f (.text:HWA_close)
                  00012de0    00000070                          : hwa.oer4f (.text:HWA_getDriverAccess)
                  00012e50    00000070     rtsv7R4_T_le_v3D16_eabi.lib : printf.obj (.text)
                  00012ec0    00000070     sysbios.aer4ft : BIOS.obj (.text:xdc_runtime_Error_print__E)
                  00012f30    00000070                    : BIOS.obj (.text:xdc_runtime_Text_visitRope2__I)
                  00012fa0    0000006f     objectdetection.oer4f (.text:DPC_ObjectDetection_stop)
                  0001300f    00000001     --HOLE-- [fill = 0]
                  00013010    0000006e     libcfarcaproc_hwa_xwr18xx.aer4f : cfarcaprochwa.oer4f (.text:CFARCAHWA_config_EDMA)
                  0001307e    0000006c     rtsv7R4_T_le_v3D16_eabi.lib : copy_decompress_lzss.obj (.text:decompress:lzss)
                  000130ea    00000002     --HOLE-- [fill = 0]
                  000130ec    0000006c                                 : trgmsg.obj (.text)
                  00013158    00000068     objectdetection.oer4f (.text:DPC_ObjectDetection_deinit)
                  000131c0    00000068     libdpm_xwr18xx.aer4f : dpm_msg.oer4f (.text:DPM_msgDPCCfgHandler)
                  00013228    00000068     libmailbox_xwr18xx.aer4f : mailbox.oer4f (.text:Mailbox_readFlush)
                  00013290    00000068     librangeproc_hwa_xwr18xx.aer4f : rangeprochwa.oer4f (.text:rangeProcHWA_ConfigEDMATranspose)
                  000132f8    00000068                                    : rangeprochwa.oer4f (.text:rangeProcHWA_ConfigHWACommon)
                  00013360    00000068     rtsv7R4_T_le_v3D16_eabi.lib : hostlseek.obj (.text)
                  000133c8    00000068                                 : hostrename.obj (.text)
                  00013430    00000064     libedma_xwr18xx.aer4f : edma.oer4f (.text:EDMA_getTransferControllerErrorStatusInfo)
                  00013494    00000064                           : edma.oer4f (.text:EDMA_startDmaTransfer)
                  000134f8    00000064     libhwa_xwr18xx.aer4f : hwa.oer4f (.text:HWA_getDMAChanIndex)
                  0001355c    00000064     main.oer4f (.text:ObjectDetection_Test_edmaInit)
                  000135c0    00000064     libosal_xwr18xx.aer4f : SemaphoreP_tirtos.oer4f (.text:SemaphoreP_create)
                  00013624    00000064     rtsv7R4_T_le_v3D16_eabi.lib : fseek.obj (.text)
                  00013688    00000064                                 : sprintf.obj (.text)
                  000136ec    00000064     sysbios.aer4ft : exc_Exception_asm.obj (.text:ti_sysbios_family_arm_exc_Exception_initCore0__I)
                  00013750    00000064                    : BIOS.obj (.text:ti_sysbios_family_arm_v7r_vim_Hwi_phantomIntHandler__I)
                  000137b4    0000000a     libmathutils.aer4f : mathutils.oer4f (.text:mathUtils_floorLog2)
                  000137be    00000002     --HOLE-- [fill = 0]
                  000137c0    00000064     sysbios.aer4ft : BIOS.obj (.text:ti_sysbios_knl_Task_schedule__I)
                  00013824    0000000a                    : tms570_Core_asm.obj (.text:ti_sysbios_family_arm_v7r_tms570_Core_getId__E)
                  0001382e    00000002     --HOLE-- [fill = 0]
                  00013830    00000064                    : BIOS.obj (.text:xdc_runtime_Startup_exec__E)
                  00013894    00000060     libosal_xwr18xx.aer4f : DebugP_tirtos.oer4f (.text:DebugP_log2)
                  000138f4    00000060     libedma_xwr18xx.aer4f : edma.oer4f (.text:EDMA_close)
                  00013954    0000000a     mss_per4ft.oer4ft (.text:xdc_runtime_IHeap_alloc)
                  0001395e    00000002     --HOLE-- [fill = 0]
                  00013960    00000060     sysbios.aer4ft : BIOS.obj (.text:ti_sysbios_heaps_HeapMem_alloc__E)
                  000139c0    00000060                    : BIOS.obj (.text:xdc_runtime_Assert_raise__I)
                  00013a20    0000005f                    : BIOS.obj (.text:xdc_runtime_Text_putLab__E)
                  00013a7f    00000001     --HOLE-- [fill = 0]
                  00013a80    0000005c     libcfarcaproc_hwa_xwr18xx.aer4f : cfarcaprochwa.oer4f (.text:CFARHWA_fovConvertDoppler)
                  00013adc    0000005c                                     : cfarcaprochwa.oer4f (.text:CFARHWA_prepareHwaRunTime)
                  00013b38    0000005c     rtsv7R4_T_le_v3D16_eabi.lib : hostopen.obj (.text)
                  00013b94    0000005c                                 : hostread.obj (.text)
                  00013bf0    0000005c     sysbios.aer4ft : BIOS.obj (.text:ti_sysbios_knl_Swi_schedule__I)
                  00013c4c    00000058     libdpm_xwr18xx.aer4f : dpm_core.oer4f (.text:DPM_execute)
                  00013ca4    00000058                          : dpm_mailbox.oer4f (.text:DPM_mboxInit)
                  00013cfc    00000058     libosal_xwr18xx.aer4f : DebugP_tirtos.oer4f (.text:DebugP_log0)
                  00013d54    00000058                           : DebugP_tirtos.oer4f (.text:DebugP_log1)
                  00013dac    00000058     libedma_xwr18xx.aer4f : edma_low_level.oer4f (.text:EDMA3EnableChInShadowReg)
                  00013e04    00000058     libesm_xwr18xx.aer4f : esm.oer4f (.text:ESM_highpriority_FIQ)
                  00013e5c    00000058     libhwa_xwr18xx.aer4f : hwa.oer4f (.text:HWA_getDMAconfig)
                  00013eb4    00000058     main.oer4f (.text:ObjectDetection_Test_hwaOpen)
                  00013f0c    00000058     rtsv7R4_T_le_v3D16_eabi.lib : close.obj (.text)
                  00013f64    00000058                                 : hostwrite.obj (.text)
                  00013fbc    00000056     libaoa2dproc_hwa_xwr18xx.aer4f : aoa2dprochwa.oer4f (.text:AoAProcHWA_config_HWA_common)
                  00014012    00000056     libedma_xwr18xx.aer4f : edma.oer4f (.text:EDMA_check4kSiErrata_boundaryCheckUtilType1)
                  00014068    00000054     main.oer4f (.text:ObjectDetection_Test_setCommonProfile)
                  000140bc    00000054     rtsv7R4_T_le_v3D16_eabi.lib : ltoa.obj (.text)
                  00014110    00000054     mss_per4ft.oer4ft (.text:ti_sysbios_family_arm_v7r_vim_Hwi_create)
                  00014164    0000000a     mss_per4ft.oer4ft (.text:xdc_runtime_IHeap_free)
                  0001416e    00000002     --HOLE-- [fill = 0]
                  00014170    00000054     sysbios.aer4ft : BIOS.obj (.text:ti_sysbios_heaps_HeapMem_getStats__E)
                  000141c4    0000000a     mss_per4ft.oer4ft (.text:xdc_runtime_IHeap_getStats)
                  000141ce    00000002     --HOLE-- [fill = 0]
                  000141d0    00000054     sysbios.aer4ft : BIOS.obj (.text:ti_sysbios_knl_Task_startCore__E)
                  00014224    00000008     libosal_xwr18xx.aer4f : SemaphoreP_tirtos.oer4f (.text:SemaphoreP_Params_init)
                  0001422c    00000004     mss_per4ft.oer4ft (.text:xdc_runtime_System_Module_GateProxy_enter__E)
                  00014230    00000054     sysbios.aer4ft : BIOS.obj (.text:xdc_runtime_Core_assignLabel__I)
                  00014284    00000052     libdpedma_hwa_xwr18xx.aer4f : dpedma.oer4f (.text:DPEDMA_setup_shadow_link)
                  000142d6    00000050     libedma_xwr18xx.aer4f : edma_low_level.oer4f (.text:EDMA3MapChToEvtQ)
                  00014326    00000002     --HOLE-- [fill = 0]
                  00014328    00000050     main.oer4f (.text:ObjectDetection_Test_hwaClose)
                  00014378    00000050     rtsv7R4_T_le_v3D16_eabi.lib : atoi.obj (.text)
                  000143c8    00000050                                 : exit.obj (.text)
                  00014418    00000050                                 : u_div32.obj (.text)
                  00014468    00000008     librangeproc_hwa_xwr18xx.aer4f : rangeprochwa.oer4f (.text:rangeProcHWADoneIsrCallback)
                  00014470    00000050     sysbios.aer4ft : BIOS.obj (.text:xdc_runtime_System_exit__E)
                  000144c0    0000004c     libaoa2dproc_hwa_xwr18xx.aer4f : aoa2dprochwa.oer4f (.text:AoAProcHWA_findSinglePeak)
                  0001450c    0000004c     libstaticclutterproc_xwr18xx.aer4f : staticclutterproc.oer4f (.text:DPU_StaticClutterProc_config)
                  00014558    0000004c     libedma_xwr18xx.aer4f : edma.oer4f (.text:EDMA_disableChannel)
                  000145a4    0000004c                           : edma.oer4f (.text:EDMA_enableChannel)
                  000145f0    0000004c     libhwa_xwr18xx.aer4f : hwa.oer4f (.text:HWA_enableDoneInterrupt)
                  0001463c    0000004c     libmailbox_xwr18xx.aer4f : mailbox.oer4f (.text:Mailbox_boxEmptyISRProcessing)
                  00014688    0000004c     rtsv7R4_T_le_v3D16_eabi.lib : cpy_tbl.obj (.text)
                  000146d4    00000008     sysbios.aer4ft : BIOS.obj (.text:ti_sysbios_family_arm_v7a_Pmu_getEnabled__E)
                  000146dc    00000004     mss_per4ft.oer4ft (.text:xdc_runtime_System_Module_GateProxy_leave__E)
                  000146e0    0000004c     sysbios.aer4ft : BIOS.obj (.text:ti_sysbios_family_arm_v7r_vim_Hwi_getStackInfo__E)
                  0001472c    0000004c     mss_per4ft.oer4ft (.text:ti_sysbios_knl_Task_create)
                  00014778    0000004a     libdpm_xwr18xx.aer4f : dpm_mailbox.oer4f (.text:DPM_mboxSendResult)
                  000147c2    0000004a     libmailbox_xwr18xx.aer4f : mailbox.oer4f (.text:Mailbox_boxFullISRProcessing)
                  0001480c    00000004     --HOLE-- [fill = 0]
                  00014810    0000004a     sysbios.aer4ft : BIOS.obj (.text:xdc_runtime_Core_assignParams__I)
                  0001485a    00000006     libosal_xwr18xx.aer4f : CycleprofilerP_tirtos.oer4f (.text:CycleprofilerP_getTimeStamp)
                  00014860    0000004a     sysbios.aer4ft : BIOS.obj (.text:xdc_runtime_Text_xprintf__I)
                  000148aa    00000048     libcfarcaproc_hwa_xwr18xx.aer4f : cfarcaprochwa.oer4f (.text:CFARHWA_convHwaCfarDetListToDetMask)
                  000148f2    00000048     libdpm_xwr18xx.aer4f : dpm_pipe.oer4f (.text:DPM_pipeRecv)
                  0001493a    00000002     --HOLE-- [fill = 0]
                  0001493c    00000048     libhwa_xwr18xx.aer4f : hwa.oer4f (.text:HWA_deleteInstance)
                  00014984    00000048                          : hwa.oer4f (.text:HWA_readCFARPeakCountReg)
                  000149cc    00000048     main.oer4f (.text:ObjectDetection_Test_EDMA_errorCallbackFxn)
                  00014a14    00000048     main.oer4f (.text:ObjectDetection_Test_EDMA_transferControllerErrorCallbackFxn)
                  00014a5c    00000046     libmailbox_xwr18xx.aer4f : mailbox.oer4f (.text:CSL_FINSR)
                  00014aa2    00000002     --HOLE-- [fill = 0]
                  00014aa4    00000044     libdpm_xwr18xx.aer4f : dpm_core.oer4f (.text:DPM_start)
                  00014ae8    00000044                          : dpm_core.oer4f (.text:DPM_stop)
                  00014b2c    00000044     libedma_xwr18xx.aer4f : edma.oer4f (.text:EDMA_linkParamSets)
                  00014b70    00000044     libmailbox_xwr18xx.aer4f : mailbox.oer4f (.text:Mailbox_boxFullISRMssDss)
                  00014bb4    00000044     libsoc_xwr18xx.aer4f : soc_xwr18xx_mss.oer4f (.text:SOC_resetDMA)
                  00014bf8    00000044     rtsv7R4_T_le_v3D16_eabi.lib : hostclose.obj (.text)
                  00014c3c    00000044                                 : hostunlink.obj (.text)
                  00014c80    00000044     sysbios.aer4ft : BIOS.obj (.text:ti_sysbios_family_arm_v7r_tms570_Core_Module_startup__E)
                  00014cc4    00000006     libdpm_xwr18xx.aer4f : dpm_mailbox.oer4f (.text:DPM_mboxSynch)
                  00014cca    00000006     libedma_xwr18xx.aer4f : edma_low_level.oer4f (.text:EDMA3ClrCCErr)
                  00014cd0    00000044     sysbios.aer4ft : BIOS.obj (.text:ti_sysbios_knl_Task_allBlockedFunction__I)
                  00014d14    00000006     libedma_xwr18xx.aer4f : edma_low_level.oer4f (.text:EDMA3ErrIntrHighStatusGet)
                  00014d1a    00000006                           : edma_low_level.oer4f (.text:EDMA3GetCCErrStatus)
                  00014d20    00000044     sysbios.aer4ft : BIOS.obj (.text:xdc_runtime_System_atexit__E)
                  00014d64    00000042     libedma_xwr18xx.aer4f : edma.oer4f (.text:EDMA_transferController_error_isr)
                  00014da6    00000042     libhwa_xwr18xx.aer4f : hwa.oer4f (.text:HWA_reset)
                  00014de8    00000040     objectdetection.oer4f (.text:DPC_ObjDet_GetAntGeometryDef)
                  00014e28    00000040     libhwa_xwr18xx.aer4f : hwa.oer4f (.text:HWA_getHWAMemInfo)
                  00014e68    00000040     main.oer4f (.text:ObjectDetection_Test_initComponents)
                  00014ea8    00000006     libedma_xwr18xx.aer4f : edma_low_level.oer4f (.text:EDMA3GetErrIntrStatus)
                  00014eae    00000002     --HOLE-- [fill = 0]
                  00014eb0    00000040     sysbios.aer4ft : BIOS.obj (.text:ti_sysbios_family_arm_v7r_vim_Hwi_setType__E)
                  00014ef0    00000040                    : BIOS.obj (.text:ti_sysbios_knl_Swi_post__E)
                  00014f30    00000040                    : BIOS.obj (.text:ti_sysbios_timers_rti_Timer_stop__E)
                  00014f70    0000003e     libhwa_xwr18xx.aer4f : hwa.oer4f (.text:CSL_FINSR)
                  00014fae    0000003e     libsoc_xwr18xx.aer4f : soc.oer4f (.text:CSL_FINSR)
                  00014fec    0000003e                          : soc_xwr18xx.oer4f (.text:CSL_FINSR)
                  0001502a    0000003e                          : soc_xwr18xx_mss.oer4f (.text:CSL_FINSR)
                  00015068    0000003e     libdpm_xwr18xx.aer4f : dpm_msg.oer4f (.text:DPM_msgStopHandler)
                  000150a6    0000003e     libhwa_xwr18xx.aer4f : hwa.oer4f (.text:HWA_enable)
                  000150e4    0000003c     libsoc_xwr18xx.aer4f : soc.oer4f (.text:SOC_unhaltBSS)
                  00015120    0000003c     sysbios.aer4ft : vim_Hwi_asm.obj (.text:ti_sysbios_family_arm_v7r_vim_Hwi_init__I)
                  0001515c    00000004     --HOLE-- [fill = 0]
                  00015160    0000003c                    : BIOS.obj (.text:ti_sysbios_hal_Hwi_checkStack)
                  0001519c    00000004     --HOLE-- [fill = 0]
                  000151a0    0000003c                    : BIOS.obj (.text:ti_sysbios_heaps_HeapMem_init__I)
                  000151dc    00000004     --HOLE-- [fill = 0]
                  000151e0    0000003c                    : BIOS.obj (.text:ti_sysbios_knl_Swi_startup__E)
                  0001521c    00000004     --HOLE-- [fill = 0]
                  00015220    0000003c                    : BIOS.obj (.text:ti_sysbios_timers_rti_Timer_setPeriod__E)
                  0001525c    0000003a     libhwa_xwr18xx.aer4f : hwa.oer4f (.text:HWA_setDMA2ACCManualTrig)
                  00015296    00000002     --HOLE-- [fill = 0]
                  00015298    0000003a     libosal_xwr18xx.aer4f : HwiP_tirtos.oer4f (.text:HwiP_delete)
                  000152d2    00000002     --HOLE-- [fill = 0]
                  000152d4    00000038     libdpm_xwr18xx.aer4f : dpm_core.oer4f (.text:DPM_notifyExecute)
                  0001530c    00000038     libedma_xwr18xx.aer4f : edma_low_level.oer4f (.text:EDMA3ClrMissEvt)
                  00015344    00000006                           : edma_low_level.oer4f (.text:EDMA3QdmaGetErrIntrStatus)
                  0001534a    00000006     libosal_xwr18xx.aer4f : HwiP_tirtos.oer4f (.text:HwiP_restore)
                  00015350    00000038     sysbios.aer4ft : BIOS.obj (.text:ti_sysbios_knl_Task_sleepTimeout__I)
                  00015388    00000036     rtsv7R4_T_le_v3D16_eabi.lib : strncpy.obj (.text)
                  000153be    00000034     libedma_xwr18xx.aer4f : edma.oer4f (.text:EDMA_configTransferControllerError)
                  000153f2    00000002     --HOLE-- [fill = 0]
                  000153f4    00000034     libhwa_xwr18xx.aer4f : hwa.oer4f (.text:HWA_disableDoneInterrupt)
                  00015428    00000034     libsoc_xwr18xx.aer4f : soc_xwr18xx.oer4f (.text:SOC_enableHWA)
                  0001545c    00000034                          : soc_xwr18xx.oer4f (.text:SOC_setMSSLinkState)
                  00015490    00000034     mss_per4ft.oer4ft (.text:ti_sysbios_knl_Semaphore_create)
                  000154c4    0000000c     --HOLE-- [fill = 0]
                  000154d0    00000034     sysbios.aer4ft : BIOS.obj (.text:ti_sysbios_knl_Task_processVitalTaskFlag__I)
                  00015504    00000032     libcfarcaproc_hwa_xwr18xx.aer4f : cfarcaprochwa.oer4f (.text:CFARHWA_fovConvertRange)
                  00015536    00000032     libedma_xwr18xx.aer4f : edma.oer4f (.text:EDMA_configQueueThreshold)
                  00015568    00000032     libhwa_xwr18xx.aer4f : hwa.oer4f (.text:HWA_allParamDoneISR)
                  0001559a    00000006     --HOLE-- [fill = 0]
                  000155a0    00000032     sysbios.aer4ft : BIOS.obj (.text:ti_sysbios_hal_Hwi_initStack)
                  000155d2    00000002     --HOLE-- [fill = 0]
                  000155d4    00000030     libedma_xwr18xx.aer4f : edma.oer4f (.text:EDMA_setDestinationAddress)
                  00015604    00000030     gen_frame_data.oer4f (.text:RandSimple)
                  00015634    00000030     mss_per4ft.oer4ft (.text:ti_sysbios_BIOS_atExitFunc__I)
                  00015664    00000030     mss_per4ft.oer4ft (.text:ti_sysbios_BIOS_startFunc__I)
                  00015694    0000000c     --HOLE-- [fill = 0]
                  000156a0    00000030     sysbios.aer4ft : BIOS.obj (.text:ti_sysbios_family_arm_TaskSupport_start__E)
                  000156d0    00000030     mss_per4ft.oer4ft (.text:ti_sysbios_gates_GateHwi_Object__create__S)
                  00015700    00000030     mss_per4ft.oer4ft (.text:ti_sysbios_gates_GateMutex_Object__create__S)
                  00015730    00000030     mss_per4ft.oer4ft (.text:ti_sysbios_heaps_HeapMem_Object__create__S)
                  00015760    00000030     sysbios.aer4ft : BIOS.obj (.text:ti_sysbios_heaps_HeapMem_free__E)
                  00015790    00000030     mss_per4ft.oer4ft (.text:ti_sysbios_knl_Semaphore_construct)
                  000157c0    0000002f     sysbios.aer4ft : BIOS.obj (.text:xdc_runtime_Text_printVisFxn__I)
                  000157ef    00000001     --HOLE-- [fill = 0]
                  000157f0    0000002e     libcfarcaproc_hwa_xwr18xx.aer4f : cfarcaprochwa.oer4f (.text:CFARHWA_triggerCFAR)
                  0001581e    0000002e     libdpm_xwr18xx.aer4f : dpm_msg.oer4f (.text:DPM_msgStartHandler)
                  0001584c    0000002e     libhwa_xwr18xx.aer4f : hwa.oer4f (.text:HWA_getCfarPeakCntRegAddress)
                  0001587a    0000002e     objectdetection.oer4f (.text:_DPC_Objdet_Assert)
                  000158a8    0000002e     mss_per4ft.oer4ft (.text:ti_sysbios_rts_MemAlloc_alloc)
                  000158d6    0000002c     libdpm_xwr18xx.aer4f : dpm_pipe.oer4f (.text:DPM_pipeInit)
                  00015902    00000002     --HOLE-- [fill = 0]
                  00015904    0000002c     libstaticclutterproc_xwr18xx.aer4f : staticclutterproc.oer4f (.text:DPU_StaticClutterProc_init)
                  00015930    0000002c     libedma_xwr18xx.aer4f : edma.oer4f (.text:EDMA_validate_channelIdchannelType)
                  0001595c    0000002c     rtsv7R4_T_le_v3D16_eabi.lib : e_sqrt.obj (.text)
                  00015988    0000002c                                 : unlink.obj (.text)
                  000159b4    0000002c     mss_per4ft.oer4ft (.text:ti_sysbios_knl_Clock_doTick__I)
                  000159e0    0000002c     mss_per4ft.oer4ft (.text:ti_sysbios_knl_Queue_construct)
                  00015a0c    00000004     --HOLE-- [fill = 0]
                  00015a10    0000002c     sysbios.aer4ft : BIOS.obj (.text:ti_sysbios_knl_Semaphore_pendTimeout__I)
                  00015a3c    00000004     --HOLE-- [fill = 0]
                  00015a40    0000002c                    : BIOS.obj (.text:ti_sysbios_knl_Swi_Module_startup__E)
                  00015a6c    00000004     --HOLE-- [fill = 0]
                  00015a70    0000002c                    : BIOS.obj (.text:ti_sysbios_knl_Task_unblockI__E)
                  00015a9c    00000004     --HOLE-- [fill = 0]
                  00015aa0    0000002c                    : BIOS.obj (.text:ti_sysbios_timers_rti_Timer_periodicStub__E)
                  00015acc    0000002a     objectdetection.oer4f (.text:DPC_ObjDet_MemPoolAlloc)
                  00015af6    0000002a     libdpm_xwr18xx.aer4f : dpm_pipe.oer4f (.text:DPM_pipeDeinit)
                  00015b20    0000002a     libsoc_xwr18xx.aer4f : soc.oer4f (.text:SOC_SystemISR)
                  00015b4a    00000002     --HOLE-- [fill = 0]
                  00015b4c    00000028     libdpm_xwr18xx.aer4f : dpm_mailbox.oer4f (.text:DPM_mboxDeinit)
                  00015b74    00000028                          : dpm_msg.oer4f (.text:DPM_msgInitHeader)
                  00015b9c    00000028     librangeproc_hwa_xwr18xx.aer4f : rangeprochwa.oer4f (.text:DPU_RangeProcHWA_deinit)
                  00015bc4    00000028     libmailbox_xwr18xx.aer4f : mailbox.oer4f (.text:Mailbox_Config_init)
                  00015bec    00000028     rtsv7R4_T_le_v3D16_eabi.lib : lseek.obj (.text)
                  00015c14    00000028                                 : read.obj (.text)
                  00015c3c    00000028                                 : write.obj (.text)
                  00015c64    0000000c     --HOLE-- [fill = 0]
                  00015c70    00000028     sysbios.aer4ft : BIOS.obj (.text:ti_sysbios_knl_Idle_run__E)
                  00015c98    00000008     --HOLE-- [fill = 0]
                  00015ca0    00000028                    : BIOS.obj (.text:ti_sysbios_knl_Task_restore__E)
                  00015cc8    00000008     --HOLE-- [fill = 0]
                  00015cd0    00000028                    : BIOS.obj (.text:xdc_runtime_SysStd_abort__E)
                  00015cf8    00000008     --HOLE-- [fill = 0]
                  00015d00    00000028                    : BIOS.obj (.text:xdc_runtime_System_aprintf_va__F)
                  00015d28    00000026     libstaticclutterproc_xwr18xx.aer4f : staticclutterproc.oer4f (.text:DPU_StaticClutterProc_waitInData)
                  00015d4e    00000026                                        : staticclutterproc.oer4f (.text:DPU_StaticClutterProc_waitOutData)
                  00015d74    00000026     rtsv7R4_T_le_v3D16_eabi.lib : memcmp.obj (.text)
                  00015d9a    00000006     --HOLE-- [fill = 0]
                  00015da0    00000026     sysbios.aer4ft : BIOS.obj (.text:xdc_runtime_System_printf_va__F)
                  00015dc6    00000002     --HOLE-- [fill = 0]
                  00015dc8    00000024     libedma_xwr18xx.aer4f : edma_low_level.oer4f (.text:EDMA3ClrEvt)
                  00015dec    00000024                           : edma_low_level.oer4f (.text:EDMA3ClrIntr)
                  00015e10    00000024                           : edma_low_level.oer4f (.text:EDMA3DisableDmaEvt)
                  00015e34    00000024                           : edma_low_level.oer4f (.text:EDMA3DisableEvtIntr)
                  00015e58    00000024                           : edma_low_level.oer4f (.text:EDMA3EnableDmaEvt)
                  00015e7c    00000024                           : edma_low_level.oer4f (.text:EDMA3EnableEvtIntr)
                  00015ea0    00000024                           : edma_low_level.oer4f (.text:EDMA3SetEvt)
                  00015ec4    00000024                           : edma.oer4f (.text:EDMA_clearTransferControllerErrors)
                  00015ee8    00000024     libtestlogger_xwr18xx.aer4f : logger.oer4f (.text:MCPI_Initialize)
                  00015f0c    00000024     main.oer4f (.text:ObjectDetection_Test_getChirpData)
                  00015f30    00000024     libsoc_xwr18xx.aer4f : soc_xwr18xx.oer4f (.text:SOC_isDSSOperational)
                  00015f54    00000024     mss_per4ft.oer4ft (.text:ti_sysbios_BIOS_errorRaiseHook__I)
                  00015f78    00000024     mss_per4ft.oer4ft (.text:ti_sysbios_BIOS_registerRTSLock__I)
                  00015f9c    00000024     mss_per4ft.oer4ft (.text:ti_sysbios_BIOS_removeRTSLock__I)
                  00015fc0    00000024     mss_per4ft.oer4ft (.text:ti_sysbios_gates_GateMutex_Object__delete__S)
                  00015fe4    0000000c     --HOLE-- [fill = 0]
                  00015ff0    00000024     sysbios.aer4ft : BIOS.obj (.text:ti_sysbios_knl_Clock_Module_startup__E)
                  00016014    00000024     mss_per4ft.oer4ft (.text:ti_sysbios_knl_Semaphore_Object__delete__S)
                  00016038    00000008     --HOLE-- [fill = 0]
                  00016040    00000024     sysbios.aer4ft : BIOS.obj (.text:ti_sysbios_knl_Task_restoreHwi__E)
                  00016064    00000022     objectdetection.oer4f (.text:DPC_ObjDet_GenDopplerWindow)
                  00016086    00000020     libdpm_xwr18xx.aer4f : dpm_listlib.oer4f (.text:DPM_listCat)
                  000160a6    00000002     --HOLE-- [fill = 0]
                  000160a8    00000020     libedma_xwr18xx.aer4f : edma_low_level.oer4f (.text:EDMA3QdmaClrMissEvt)
                  000160c8    00000020     libesm_xwr18xx.aer4f : esm.oer4f (.text:ESM_lowpriority_IRQ)
                  000160e8    00000020     rtsv7R4_T_le_v3D16_eabi.lib : memchr.obj (.text)
                  00016108    00000008     --HOLE-- [fill = 0]
                  00016110    00000020     sysbios.aer4ft : BIOS.obj (.text:ti_sysbios_family_arm_v7a_Pmu_Module_startup__E)
                  00016130    00000020     mss_per4ft.oer4ft (.text:ti_sysbios_family_arm_v7r_vim_Hwi_Object__delete__S)
                  00016150    00000020     sysbios.aer4ft : BIOS.obj (.text:ti_sysbios_family_arm_v7r_vim_Hwi_disableInterrupt__E)
                  00016170    00000020                    : BIOS.obj (.text:ti_sysbios_family_arm_v7r_vim_Hwi_enableInterrupt__E)
                  00016190    00000020     mss_per4ft.oer4ft (.text:ti_sysbios_gates_GateHwi_Object__delete__S)
                  000161b0    00000020     mss_per4ft.oer4ft (.text:ti_sysbios_heaps_HeapMem_Object__delete__S)
                  000161d0    00000020     mss_per4ft.oer4ft (.text:ti_sysbios_knl_Semaphore_destruct)
                  000161f0    0000001e     libaoa2dproc_hwa_xwr18xx.aer4f : aoa2dprochwa.oer4f (.text:AoAProcHWA_waitEdma)
                  0001620e    0000001e     libcfarcaproc_hwa_xwr18xx.aer4f : cfarcaprochwa.oer4f (.text:CFARHWA_isHwaCfarDetected)
                  0001622c    0000001e     libdpm_xwr18xx.aer4f : dpm_pipe.oer4f (.text:DPM_pipeDequeue)
                  0001624a    0000001e     libsoc_xwr18xx.aer4f : soc_xwr18xx_mss.oer4f (.text:SOC_getOutAddr_LUTType)
                  00016268    0000001e     rtsv7R4_T_le_v3D16_eabi.lib : strcat.obj (.text)
                  00016286    0000001c     libhwa_xwr18xx.aer4f : hwa.oer4f (.text:CSL_FEXTR)
                  000162a2    0000001c     libsoc_xwr18xx.aer4f : soc.oer4f (.text:CSL_FEXTR)
                  000162be    0000001c                          : soc_xwr18xx.oer4f (.text:CSL_FEXTR)
                  000162da    0000001c                          : soc_xwr18xx_mss.oer4f (.text:CSL_FEXTR)
                  000162f6    0000001c     libdpm_xwr18xx.aer4f : dpm_listlib.oer4f (.text:DPM_listRemove)
                  00016312    00000002     --HOLE-- [fill = 0]
                  00016314    0000001c     libaoa2dproc_hwa_xwr18xx.aer4f : aoa2dprochwa.oer4f (.text:DPU_AoAProcHWA_deinit)
                  00016330    0000001c     libstaticclutterproc_xwr18xx.aer4f : staticclutterproc.oer4f (.text:DPU_StaticClutterProc_deinit)
                  0001634c    0000001c     libsoc_xwr18xx.aer4f : soc_xwr18xx_mss.oer4f (.text:SOC_getInAddr_LUTType)
                  00016368    0000001c     sysbios.aer4ft : arm_TaskSupport_asm.obj (.text:_ti_sysbios_family_arm_TaskSupport_glue)
                  00016384    0000001c                    : arm_TaskSupport_asm.obj (.text:_ti_sysbios_family_arm_TaskSupport_swap__E)
                  000163a0    0000001c     rtsv7R4_T_le_v3D16_eabi.lib : memccpy.obj (.text)
                  000163bc    0000001c     mss_per4ft.oer4ft (.text:ti_sysbios_BIOS_rtsLock__I)
                  000163d8    00000008     --HOLE-- [fill = 0]
                  000163e0    0000001c     sysbios.aer4ft : BIOS.obj (.text:ti_sysbios_gates_GateMutex_Instance_init__E)
                  000163fc    00000004     --HOLE-- [fill = 0]
                  00016400    0000001c                    : BIOS.obj (.text:ti_sysbios_gates_GateMutex_leave__E)
                  0001641c    0000001c     mss_per4ft.oer4ft (.text:ti_sysbios_knl_Queue_destruct)
                  00016438    0000001a     libdpm_xwr18xx.aer4f : dpm_listlib.oer4f (.text:DPM_listAdd)
                  00016452    0000001a                          : dpm_mailbox.oer4f (.text:DPM_mboxMsgSend)
                  0001646c    0000001a                          : dpm_msg.oer4f (.text:DPM_msgAssertHandler)
                  00016486    0000001a                          : dpm_msg.oer4f (.text:DPM_msgDPCInfoHandler)
                  000164a0    0000001a     libedma_xwr18xx.aer4f : edma_low_level.oer4f (.text:EDMA3SetPaRAM)
                  000164ba    0000001a     mss_per4ft.oer4ft (.text:free)
                  000164d4    0000001a     libedma_xwr18xx.aer4f : edma.oer4f (.text:isAcntInList1)
                  000164ee    0000001a     rtsv7R4_T_le_v3D16_eabi.lib : s_copysign.obj (.text)
                  00016508    0000001a     mss_per4ft.oer4ft (.text:ti_sysbios_gates_GateHwi_Handle__label__S)
                  00016522    0000001a     mss_per4ft.oer4ft (.text:ti_sysbios_gates_GateMutex_Handle__label__S)
                  0001653c    0000001a     mss_per4ft.oer4ft (.text:ti_sysbios_heaps_HeapMem_Handle__label__S)
                  00016556    0000001a     mss_per4ft.oer4ft (.text:xdc_runtime_System_aprintf__E)
                  00016570    0000001a     mss_per4ft.oer4ft (.text:xdc_runtime_System_printf__E)
                  0001658a    00000018     objectdetection.oer4f (.text:DPC_ObjDet_GenRangeWindow)
                  000165a2    00000018     libdpm_xwr18xx.aer4f : dpm_msg.oer4f (.text:DPM_msgBSSFaultHandler)
                  000165ba    00000002     --HOLE-- [fill = 0]
                  000165bc    00000018     libcfarcaproc_hwa_xwr18xx.aer4f : cfarcaprochwa.oer4f (.text:DPU_CFARCAProcHWA_deinit)
                  000165d4    00000018     libdopplerproc_hwa_xwr18xx.aer4f : dopplerprochwa.oer4f (.text:DPU_DopplerProcHWA_deinit)
                  000165ec    00000018     libedma_xwr18xx.aer4f : edma_low_level.oer4f (.text:EDMA3DisableQdmaEvt)
                  00016604    00000018                           : edma_low_level.oer4f (.text:EDMA3EnableQdmaEvt)
                  0001661c    00000018     libmailbox_xwr18xx.aer4f : mailbox.oer4f (.text:Mailbox_boxEmptyISRBss)
                  00016634    00000018                              : mailbox.oer4f (.text:Mailbox_boxEmptyISRMssDss)
                  0001664c    00000018                              : mailbox.oer4f (.text:Mailbox_boxFullISRBss)
                  00016664    00000018     rtsv7R4_T_le_v3D16_eabi.lib : args_main.obj (.text)
                  0001667c    00000018                                 : ll_mul_t2.obj (.text)
                  00016694    00000018                                 : strcmp.obj (.text)
                  000166ac    00000018     mss_per4ft.oer4ft (.text:ti_sysbios_BIOS_rtsUnlock__I)
                  000166c4    00000018     sysbios.aer4ft : BIOS.obj (.text:ti_sysbios_family_arm_v7a_Pmu_initCounters__I)
                  000166dc    00000018     mss_per4ft.oer4ft (.text:ti_sysbios_family_arm_v7r_vim_Hwi_Module__startupDone__F)
                  000166f4    00000018     mss_per4ft.oer4ft (.text:ti_sysbios_family_arm_v7r_vim_Hwi_Params__init__S)
                  0001670c    00000004     --HOLE-- [fill = 0]
                  00016710    00000018     sysbios.aer4ft : BIOS.obj (.text:ti_sysbios_family_arm_v7r_vim_Hwi_clearInterrupt__E)
                  00016728    00000018     mss_per4ft.oer4ft (.text:ti_sysbios_knl_Semaphore_Params__init__S)
                  00016740    00000018     mss_per4ft.oer4ft (.text:ti_sysbios_knl_Task_Params__init__S)
                  00016758    00000008     --HOLE-- [fill = 0]
                  00016760    00000018     sysbios.aer4ft : BIOS.obj (.text:ti_sysbios_knl_Task_enter__I)
                  00016778    00000018     mss_per4ft.oer4ft (.text:ti_sysbios_timers_rti_Timer_Module__startupDone__F)
                  00016790    00000018     sysbios.aer4ft : BIOS.obj (.text:xdc_runtime_Error_init__E)
                  000167a8    00000016     main.oer4f (.text:ObjectDetection_Test_deinitComponents)
                  000167be    00000016     main.oer4f (.text:ObjectDetection_Test_edmaClose)
                  000167d4    00000016     librangeproc_hwa_xwr18xx.aer4f : rangeprochwa.oer4f (.text:rangeProcHWA_EDMA_transferCompletionCallbackFxn)
                  000167ea    00000016     rtsv7R4_T_le_v3D16_eabi.lib : strchr.obj (.text)
                  00016800    00000016                                 : strlen.obj (.text)
                  00016816    00000016     mss_per4ft.oer4ft (.text:ti_sysbios_BIOS_exitFunc__I)
                  0001682c    00000004     --HOLE-- [fill = 0]
                  00016830    00000016     sysbios.aer4ft : BIOS.obj (.text:ti_sysbios_knl_Idle_loop__E)
                  00016846    00000014     libosal_xwr18xx.aer4f : CycleprofilerP_tirtos.oer4f (.text:CycleprofilerP_init)
                  0001685a    00000002     --HOLE-- [fill = 0]
                  0001685c    00000014     libedma_xwr18xx.aer4f : edma_low_level.oer4f (.text:EDMA3GetIntrStatus)
                  00016870    00000014                           : edma_low_level.oer4f (.text:EDMA3IntrStatusHighGet)
                  00016884    00000014                           : edma_low_level.oer4f (.text:EDMA3MapQdmaChToPaRAM)
                  00016898    00000014     libosal_xwr18xx.aer4f : HwiP_tirtos.oer4f (.text:HwiP_Params_init)
                  000168ac    00000014     libtestlogger_xwr18xx.aer4f : logger.oer4f (.text:MCPI_setTestResult)
                  000168c0    00000014     libosal_xwr18xx.aer4f : DebugP_tirtos.oer4f (.text:_DebugP_assert)
                  000168d4    00000014     libmathutils.aer4f : mathutils.oer4f (.text:mathUtils_ceilLog2)
                  000168e8    00000014     rtsv7R4_T_le_v3D16_eabi.lib : _lock.obj (.text)
                  000168fc    00000014                                 : strcpy.obj (.text)
                  00016910    00000014     mss_per4ft.oer4ft (.text:ti_sysbios_heaps_HeapMem_Object__get__S)
                  00016924    00000014     mss_per4ft.oer4ft (.text:ti_sysbios_knl_Swi_Object__get__S)
                  00016938    00000012     libedma_xwr18xx.aer4f : edma_low_level.oer4f (.text:EDMA3SetQdmaTrigWord)
                  0001694a    00000012     libosal_xwr18xx.aer4f : MemoryP_tirtos.oer4f (.text:MemoryP_ctrlAlloc)
                  0001695c    00000012                           : SemaphoreP_tirtos.oer4f (.text:SemaphoreP_pend)
                  0001696e    00000012     libmathutils.aer4f : mathutils.oer4f (.text:mathUtils_pow2roundup)
                  00016980    00000012     sysbios.aer4ft : BIOS.obj (.text:ti_sysbios_hal_Hwi_Module_startup__E)
                  00016992    00000012     mss_per4ft.oer4ft (.text:xdc_runtime_Startup_exec__I)
                  000169a4    00000010     main.oer4f (.text:ObjectDetection_Test_initGenerator)
                  000169b4    0000000c     --HOLE-- [fill = 0]
                  000169c0    00000010     sysbios.aer4ft : BIOS.obj (.text:ti_sysbios_BIOS_exit__E)
                  000169d0    00000010                    : BIOS.obj (.text:ti_sysbios_BIOS_setThreadType__E)
                  000169e0    00000010                    : BIOS.obj (.text:ti_sysbios_BIOS_start__E)
                  000169f0    00000010                    : BIOS.obj (.text:ti_sysbios_family_arm_v7a_Pmu_disableInterruptI__E)
                  00016a00    00000010                    : BIOS.obj (.text:ti_sysbios_family_arm_v7a_Pmu_enableInterruptI__E)
                  00016a10    00000010                    : BIOS.obj (.text:ti_sysbios_family_arm_v7a_Pmu_getNumCounters__E)
                  00016a20    00000010                    : BIOS.obj (.text:ti_sysbios_family_arm_v7a_Pmu_startCounterI__E)
                  00016a30    00000010                    : BIOS.obj (.text:ti_sysbios_family_arm_v7a_Pmu_stopCounterI__E)
                  00016a40    00000010                    : BIOS.obj (.text:ti_sysbios_gates_GateMutex_Instance_finalize__E)
                  00016a50    00000010     mss_per4ft.oer4ft (.text:ti_sysbios_heaps_HeapBuf_Object__get__S)
                  00016a60    00000010     sysbios.aer4ft : BIOS.obj (.text:ti_sysbios_knl_Semaphore_Instance_finalize__E)
                  00016a70    00000010                    : BIOS.obj (.text:ti_sysbios_knl_Swi_disable__E)
                  00016a80    00000010     mss_per4ft.oer4ft (.text:ti_sysbios_knl_Task_Object__get__S)
                  00016a90    00000010     sysbios.aer4ft : BIOS.obj (.text:ti_sysbios_knl_Task_disable__E)
                  00016aa0    00000010                    : BIOS.obj (.text:xdc_runtime_Memory_free__E)
                  00016ab0    00000010                    : BIOS.obj (.text:xdc_runtime_Memory_getStats__E)
                  00016ac0    00000010     mss_per4ft.oer4ft (.text:xdc_runtime_Text_visitRope__I)
                  00016ad0    0000000e     rtsv7R4_T_le_v3D16_eabi.lib : copy_decompress_none.obj (.text:decompress:none)
                  00016ade    00000002     --HOLE-- [fill = 0]
                  00016ae0    0000000e     sysbios.aer4ft : BIOS.obj (.text:ti_sysbios_knl_Queue_empty__E)
                  00016aee    00000002     --HOLE-- [fill = 0]
                  00016af0    0000000c                    : BIOS.obj (.text:ti_sysbios_family_arm_TaskSupport_checkStack__E)
                  00016afc    00000004     --HOLE-- [fill = 0]
                  00016b00    0000000c                    : BIOS.obj (.text:ti_sysbios_family_arm_TaskSupport_getStackAlignment__E)
                  00016b0c    00000004     --HOLE-- [fill = 0]
                  00016b10    0000000c                    : BIOS.obj (.text:ti_sysbios_family_arm_exc_Exception_Module_startup__E)
                  00016b1c    00000004     --HOLE-- [fill = 0]
                  00016b20    0000000c                    : BIOS.obj (.text:ti_sysbios_family_arm_v7r_vim_Hwi_switchFromBootStack__E)
                  00016b2c    00000004     --HOLE-- [fill = 0]
                  00016b30    0000000c                    : BIOS.obj (.text:xdc_runtime_Startup_rtsDone__E)
                  00016b3c    00000004     --HOLE-- [fill = 0]
                  00016b40    0000000c                    : BIOS.obj (.text:xdc_runtime_SysStd_exit__E)
                  00016b4c    00000004     --HOLE-- [fill = 0]
                  00016b50    00000008                    : BIOS.obj (.text:ti_sysbios_gates_GateHwi_enter__E)
                  00016b58    00000008     --HOLE-- [fill = 0]
                  00016b60    00000006                    : BIOS.obj (.text:ti_sysbios_family_arm_v7r_vim_Hwi_startup__E)
                  00016b66    0000000a     --HOLE-- [fill = 0]
                  00016b70    00000006                    : BIOS.obj (.text:ti_sysbios_gates_GateHwi_leave__E)
                  00016b76    0000000a     --HOLE-- [fill = 0]
                  00016b80    00000006                    : BIOS.obj (.text:ti_sysbios_heaps_HeapMem_isBlocking__E)
                  00016b86    0000000a     --HOLE-- [fill = 0]
                  00016b90    00000006                    : BIOS.obj (.text:ti_sysbios_knl_Queue_Instance_init__E)
                  00016b96    0000000a     --HOLE-- [fill = 0]
                  00016ba0    00000006                    : BIOS.obj (.text:xdc_runtime_System_Module_startup__E)
                  00016ba6    0000000a     --HOLE-- [fill = 0]
                  00016bb0    00000004                    : BIOS.obj (.text:ti_sysbios_gates_GateHwi_query__E)
                  00016bb4    0000000c     --HOLE-- [fill = 0]
                  00016bc0    00000004                    : BIOS.obj (.text:ti_sysbios_gates_GateMutex_query__E)
                  00016bc4    0000000c     --HOLE-- [fill = 0]
                  00016bd0    00000004                    : BIOS.obj (.text:ti_sysbios_knl_Task_startup__E)
                  00016bd4    0000000c     --HOLE-- [fill = 0]
                  00016be0    00000004                    : BIOS.obj (.text:ti_sysbios_timers_rti_Timer_getMaxTicks__E)
                  00016be4    0000000c     --HOLE-- [fill = 0]
                  00016bf0    00000004                    : BIOS.obj (.text:xdc_runtime_SysStd_putch__E)
                  00016bf4    0000000c     --HOLE-- [fill = 0]
                  00016c00    00000004                    : BIOS.obj (.text:xdc_runtime_SysStd_ready__E)
                  00016c04    0000000c     --HOLE-- [fill = 0]
                  00016c10    00000002                    : BIOS.obj (.text:ti_sysbios_BIOS_linkedWithIncorrectBootLibrary__E)
                  00016c12    0000000e     --HOLE-- [fill = 0]
                  00016c20    00000002                    : BIOS.obj (.text:ti_sysbios_gates_GateHwi_Instance_init__E)
                  00016c22    0000000e     --HOLE-- [fill = 0]
                  00016c30    00000002                    : BIOS.obj (.text:ti_sysbios_knl_Clock_logTick__E)

.const     0    00016c38    0000257c     
                  00016c38    00001b6f     mss_per4ft.oer4ft (.const:xdc_runtime_Text_charTab__A)
                  000187a7    00000001     --HOLE-- [fill = 0]
                  000187a8    00000158     rtsv7R4_T_le_v3D16_eabi.lib : k_rem_pio2.obj (.const:$O1$$)
                  00018900    00000101                                 : ctype.obj (.const:.string:_ctypes_)
                  00018a01    00000001     --HOLE-- [fill = 0]
                  00018a02    000000d8     mss_per4ft.oer4ft (.const:xdc_runtime_Text_nodeTab__A)
                  00018ada    00000080     mss_per4ft.oer4ft (.const:ti_sysbios_family_arm_v7r_vim_Hwi_channelMap__A)
                  00018b5a    00000002     mss_per4ft.oer4ft (.const:ti_sysbios_family_arm_exc_Exception_Module__id__C)
                  00018b5c    00000058     mss_per4ft.oer4ft (.const:.string)
                  00018bb4    00000044     mss_per4ft.oer4ft (.const:ti_sysbios_knl_Task_Object__PARAMS__C)
                  00018bf8    00000040     libhwa_xwr18xx.aer4f : hwa.oer4f (.const:gHwaTrigSignatures)
                  00018c38    00000038     libedma_xwr18xx.aer4f : edma_xwr1xxx.oer4f (.const:gEdmaHwAttrs)
                  00018c70    00000030     rtsv7R4_T_le_v3D16_eabi.lib : e_pow.obj (.const:$O1$$)
                  00018ca0    00000030     mss_per4ft.oer4ft (.const:ti_sysbios_family_arm_v7r_vim_Hwi_Object__PARAMS__C)
                  00018cd0    0000002c     mss_per4ft.oer4ft (.const:xdc_runtime_Startup_sfxnTab__A)
                  00018cfc    00000028     libdpm_xwr18xx.aer4f : dpm_msg.oer4f (.const:gDPMMessageFxnTable)
                  00018d24    00000028     mss_per4ft.oer4ft (.const:ti_sysbios_heaps_HeapMem_Module__FXNS__C)
                  00018d4c    00000024     libmailbox_xwr18xx.aer4f : mailbox.oer4f (.const:Mailbox_defaultCfg)
                  00018d70    00000024     mss_per4ft.oer4ft (.const:ti_sysbios_gates_GateHwi_Module__FXNS__C)
                  00018d94    00000024     mss_per4ft.oer4ft (.const:ti_sysbios_gates_GateMutex_Module__FXNS__C)
                  00018db8    00000024     mss_per4ft.oer4ft (.const:ti_sysbios_heaps_HeapMem_Object__PARAMS__C)
                  00018ddc    00000024     mss_per4ft.oer4ft (.const:ti_sysbios_knl_Semaphore_Object__PARAMS__C)
                  00018e00    00000020     libhwa_xwr18xx.aer4f : hwa.oer4f (.const:$P$T0$1)
                  00018e20    00000020     mss_per4ft.oer4ft (.const:ti_sysbios_family_arm_v7r_vim_Hwi_Object__DESC__C)
                  00018e40    00000020     mss_per4ft.oer4ft (.const:ti_sysbios_gates_GateHwi_Object__DESC__C)
                  00018e60    00000020     mss_per4ft.oer4ft (.const:ti_sysbios_gates_GateMutex_Object__DESC__C)
                  00018e80    00000020     mss_per4ft.oer4ft (.const:ti_sysbios_heaps_HeapMem_Object__DESC__C)
                  00018ea0    00000020     mss_per4ft.oer4ft (.const:ti_sysbios_knl_Queue_Object__DESC__C)
                  00018ec0    00000020     mss_per4ft.oer4ft (.const:ti_sysbios_knl_Semaphore_Object__DESC__C)
                  00018ee0    00000020     mss_per4ft.oer4ft (.const:ti_sysbios_knl_Task_Object__DESC__C)
                  00018f00    00000018     mss_per4ft.oer4ft (.const:ti_sysbios_gates_GateHwi_Object__PARAMS__C)
                  00018f18    00000018     mss_per4ft.oer4ft (.const:ti_sysbios_gates_GateMutex_Object__PARAMS__C)
                  00018f30    00000018     mss_per4ft.oer4ft (.const:ti_sysbios_knl_Queue_Object__PARAMS__C)
                  00018f48    00000016     mss_per4ft.oer4ft (.const:xdc_runtime_Startup_sfxnRts__A)
                  00018f5e    00000002     mss_per4ft.oer4ft (.const:ti_sysbios_family_arm_v7a_Pmu_Module__id__C)
                  00018f60    00000010     libedma_xwr18xx.aer4f : edma.oer4f (.const:EDMA_config$1)
                  00018f70    00000010     mss_per4ft.oer4ft (.const:ti_sysbios_family_arm_v7r_vim_Hwi_intReqEnaSet__A)
                  00018f80    00000010     mss_per4ft.oer4ft (.const:ti_sysbios_family_arm_v7r_vim_Hwi_wakeEnaSet__A)
                  00018f90    00000008     mss_per4ft.oer4ft (.const:ti_sysbios_knl_Idle_funcList__C)
                  00018f98    00000008     mss_per4ft.oer4ft (.const:xdc_runtime_Startup_firstFxns__A)
                  00018fa0    00000008     mss_per4ft.oer4ft (.const:xdc_runtime_Startup_firstFxns__C)
                  00018fa8    00000008     mss_per4ft.oer4ft (.const:xdc_runtime_Startup_lastFxns__C)
                  00018fb0    00000004     mss_per4ft.oer4ft (.const:ti_sysbios_family_arm_TaskSupport_stackAlignment__C)
                  00018fb4    00000004     mss_per4ft.oer4ft (.const:ti_sysbios_family_arm_exc_Exception_E_dataAbort__C)
                  00018fb8    00000004     mss_per4ft.oer4ft (.const:ti_sysbios_family_arm_exc_Exception_E_prefetchAbort__C)
                  00018fbc    00000004     mss_per4ft.oer4ft (.const:ti_sysbios_family_arm_exc_Exception_E_swi__C)
                  00018fc0    00000004     mss_per4ft.oer4ft (.const:ti_sysbios_family_arm_exc_Exception_E_undefinedInstruction__C)
                  00018fc4    00000004     mss_per4ft.oer4ft (.const:ti_sysbios_family_arm_exc_Exception_excHookFuncs__A)
                  00018fc8    00000004     mss_per4ft.oer4ft (.const:ti_sysbios_family_arm_exc_Exception_excHookFuncs__C)
                  00018fcc    00000004     mss_per4ft.oer4ft (.const:ti_sysbios_family_arm_v7a_Pmu_A_invalidCounterId__C)
                  00018fd0    00000004     mss_per4ft.oer4ft (.const:ti_sysbios_family_arm_v7a_Pmu_Module__diagsEnabled__C)
                  00018fd4    00000004     mss_per4ft.oer4ft (.const:ti_sysbios_family_arm_v7a_Pmu_Module__diagsIncluded__C)
                  00018fd8    00000004     mss_per4ft.oer4ft (.const:ti_sysbios_family_arm_v7a_Pmu_Module__diagsMask__C)
                  00018fdc    00000004     mss_per4ft.oer4ft (.const:ti_sysbios_family_arm_v7r_tms570_Core_E_mismatchedIds__C)
                  00018fe0    00000004     mss_per4ft.oer4ft (.const:ti_sysbios_family_arm_v7r_tms570_Core_id__C)
                  00018fe4    00000004     mss_per4ft.oer4ft (.const:ti_sysbios_family_arm_v7r_vim_Hwi_A_badChannelId__C)
                  00018fe8    00000004     mss_per4ft.oer4ft (.const:ti_sysbios_family_arm_v7r_vim_Hwi_E_alreadyDefined__C)
                  00018fec    00000004     mss_per4ft.oer4ft (.const:ti_sysbios_family_arm_v7r_vim_Hwi_E_badIntNum__C)
                  00018ff0    00000004     mss_per4ft.oer4ft (.const:ti_sysbios_family_arm_v7r_vim_Hwi_E_phantomInterrupt__C)
                  00018ff4    00000004     mss_per4ft.oer4ft (.const:ti_sysbios_family_arm_v7r_vim_Hwi_E_undefined__C)
                  00018ff8    00000004     mss_per4ft.oer4ft (.const:ti_sysbios_family_arm_v7r_vim_Hwi_E_unsupportedMaskingOption__C)
                  00018ffc    00000004     mss_per4ft.oer4ft (.const:ti_sysbios_family_arm_v7r_vim_Hwi_Module__diagsEnabled__C)
                  00019000    00000004     mss_per4ft.oer4ft (.const:ti_sysbios_family_arm_v7r_vim_Hwi_Module__diagsIncluded__C)
                  00019004    00000004     mss_per4ft.oer4ft (.const:ti_sysbios_family_arm_v7r_vim_Hwi_Module__diagsMask__C)
                  00019008    00000004     mss_per4ft.oer4ft (.const:ti_sysbios_family_arm_v7r_vim_Hwi_NUM_INTERRUPTS__C)
                  0001900c    00000004     mss_per4ft.oer4ft (.const:ti_sysbios_family_arm_v7r_vim_Hwi_channelMap__C)
                  00019010    00000004     mss_per4ft.oer4ft (.const:ti_sysbios_family_arm_v7r_vim_Hwi_intReqEnaSet__C)
                  00019014    00000004     mss_per4ft.oer4ft (.const:ti_sysbios_family_arm_v7r_vim_Hwi_phantomFunc__C)
                  00019018    00000004     mss_per4ft.oer4ft (.const:ti_sysbios_family_arm_v7r_vim_Hwi_swiDisable__C)
                  0001901c    00000004     mss_per4ft.oer4ft (.const:ti_sysbios_family_arm_v7r_vim_Hwi_swiRestoreHwi__C)
                  00019020    00000004     mss_per4ft.oer4ft (.const:ti_sysbios_family_arm_v7r_vim_Hwi_taskDisable__C)
[...]
00018fc8  ti_sysbios_family_arm_exc_Exception_excHookFuncs__C                  
00018fcc  ti_sysbios_family_arm_v7a_Pmu_A_invalidCounterId__C                  
00018fd0  ti_sysbios_family_arm_v7a_Pmu_Module__diagsEnabled__C                
00018fd4  ti_sysbios_family_arm_v7a_Pmu_Module__diagsIncluded__C               
00018fd8  ti_sysbios_family_arm_v7a_Pmu_Module__diagsMask__C                   
00018fdc  ti_sysbios_family_arm_v7r_tms570_Core_E_mismatchedIds__C             
00018fe0  ti_sysbios_family_arm_v7r_tms570_Core_id__C                          
00018fe4  ti_sysbios_family_arm_v7r_vim_Hwi_A_badChannelId__C                  
00018fe8  ti_sysbios_family_arm_v7r_vim_Hwi_E_alreadyDefined__C                
00018fec  ti_sysbios_family_arm_v7r_vim_Hwi_E_badIntNum__C                     
00018ff0  ti_sysbios_family_arm_v7r_vim_Hwi_E_phantomInterrupt__C              
00018ff4  ti_sysbios_family_arm_v7r_vim_Hwi_E_undefined__C                     
00018ff8  ti_sysbios_family_arm_v7r_vim_Hwi_E_unsupportedMaskingOption__C      
00018ffc  ti_sysbios_family_arm_v7r_vim_Hwi_Module__diagsEnabled__C            
00019000  ti_sysbios_family_arm_v7r_vim_Hwi_Module__diagsIncluded__C           
00019004  ti_sysbios_family_arm_v7r_vim_Hwi_Module__diagsMask__C               
00019008  ti_sysbios_family_arm_v7r_vim_Hwi_NUM_INTERRUPTS__C                  
0001900c  ti_sysbios_family_arm_v7r_vim_Hwi_channelMap__C                      
00019010  ti_sysbios_family_arm_v7r_vim_Hwi_intReqEnaSet__C                    
00019014  ti_sysbios_family_arm_v7r_vim_Hwi_phantomFunc__C                     
00019018  ti_sysbios_family_arm_v7r_vim_Hwi_swiDisable__C                      
0001901c  ti_sysbios_family_arm_v7r_vim_Hwi_swiRestoreHwi__C                   
00019020  ti_sysbios_family_arm_v7r_vim_Hwi_taskDisable__C                     
00019024  ti_sysbios_family_arm_v7r_vim_Hwi_taskRestoreHwi__C                  
00019028  ti_sysbios_family_arm_v7r_vim_Hwi_wakeEnaSet__C                      
0001902c  ti_sysbios_gates_GateMutex_A_badContext__C                           
00019030  ti_sysbios_gates_GateMutex_Instance_State_sem__O                     
00019034  ti_sysbios_gates_GateMutex_Module__diagsEnabled__C                   
00019038  ti_sysbios_gates_GateMutex_Module__diagsIncluded__C                  
0001903c  ti_sysbios_gates_GateMutex_Module__diagsMask__C                      
00019040  ti_sysbios_hal_Hwi_E_stackOverflow__C                                
00019044  ti_sysbios_heaps_HeapBuf_Instance_State_freeList__O                  
00019048  ti_sysbios_heaps_HeapBuf_Object__count__C                            
0001904c  ti_sysbios_heaps_HeapBuf_numConstructedHeaps__C                      
00019050  ti_sysbios_heaps_HeapMem_A_align__C                                  
00019054  ti_sysbios_heaps_HeapMem_A_heapSize__C                               
00019058  ti_sysbios_heaps_HeapMem_A_invalidFree__C                            
0001905c  ti_sysbios_heaps_HeapMem_A_zeroBlock__C                              
00019060  ti_sysbios_heaps_HeapMem_E_memory__C                                 
00019064  ti_sysbios_heaps_HeapMem_Module__diagsEnabled__C                     
00019068  ti_sysbios_heaps_HeapMem_Module__diagsIncluded__C                    
0001906c  ti_sysbios_heaps_HeapMem_Module__diagsMask__C                        
00019070  ti_sysbios_heaps_HeapMem_Module__gateObj__C                          
00019074  ti_sysbios_heaps_HeapMem_Object__count__C                            
00019078  ti_sysbios_heaps_HeapMem_reqAlign__C                                 
0001907c  ti_sysbios_knl_Clock_Module_State_clockQ__O                          
00019080  ti_sysbios_knl_Idle_funcList__A                                      
00019084  ti_sysbios_knl_Semaphore_A_badContext__C                             
00019088  ti_sysbios_knl_Semaphore_A_noEvents__C                               
0001908c  ti_sysbios_knl_Semaphore_A_overflow__C                               
00019090  ti_sysbios_knl_Semaphore_A_pendTaskDisabled__C                       
00019094  ti_sysbios_knl_Semaphore_Instance_State_pendQ__O                     
00019098  ti_sysbios_knl_Semaphore_Module__diagsEnabled__C                     
0001909c  ti_sysbios_knl_Semaphore_Module__diagsIncluded__C                    
000190a0  ti_sysbios_knl_Semaphore_Module__diagsMask__C                        
000190a4  ti_sysbios_knl_Swi_Object__count__C                                  
000190a8  ti_sysbios_knl_Task_A_badPriority__C                                 
000190ac  ti_sysbios_knl_Task_A_badTaskState__C                                
000190b0  ti_sysbios_knl_Task_A_badThreadType__C                               
000190b4  ti_sysbios_knl_Task_A_badTimeout__C                                  
000190b8  ti_sysbios_knl_Task_A_noPendElem__C                                  
000190bc  ti_sysbios_knl_Task_A_sleepTaskDisabled__C                           
000190c0  ti_sysbios_knl_Task_E_spOutOfBounds__C                               
000190c4  ti_sysbios_knl_Task_E_stackOverflow__C                               
000190c8  ti_sysbios_knl_Task_Module_State_inactiveQ__O                        
000190cc  ti_sysbios_knl_Task_Module__diagsEnabled__C                          
000190d0  ti_sysbios_knl_Task_Module__diagsIncluded__C                         
000190d4  ti_sysbios_knl_Task_Module__diagsMask__C                             
000190d8  ti_sysbios_knl_Task_Object__count__C                                 
000190dc  ti_sysbios_knl_Task_allBlockedFunc__C                                
000190e0  ti_sysbios_knl_Task_defaultStackHeap__C                              
000190e4  ti_sysbios_knl_Task_defaultStackSize__C                              
000190e8  ti_sysbios_knl_Task_numConstructedTasks__C                           
000190ec  ti_sysbios_timers_rti_Timer_E_cannotSupport__C                       
000190f0  ti_sysbios_timers_rti_Timer_Module__diagsEnabled__C                  
000190f4  ti_sysbios_timers_rti_Timer_Module__diagsIncluded__C                 
000190f8  ti_sysbios_timers_rti_Timer_Module__diagsMask__C                     
000190fc  ti_sysbios_timers_rti_Timer_numTimerDevices__C                       
00019100  ti_sysbios_timers_rti_Timer_startupNeeded__C                         
00019104  xdc_runtime_Assert_E_assertFailed__C                                 
00019108  xdc_runtime_Core_A_initializedParams__C                              
0001910c  xdc_runtime_Core_Module__diagsEnabled__C                             
00019110  xdc_runtime_Core_Module__diagsIncluded__C                            
00019114  xdc_runtime_Core_Module__diagsMask__C                                
00019118  xdc_runtime_Error_E_memory__C                                        
0001911c  xdc_runtime_Error_policyFxn__C                                       
00019120  xdc_runtime_Error_policy__C                                          
00019124  xdc_runtime_Error_raiseHook__C                                       
00019128  xdc_runtime_IGateProvider_Interface__BASE__C                         
0001912c  xdc_runtime_IHeap_Interface__BASE__C                                 
00019130  xdc_runtime_IModule_Interface__BASE__C                               
00019134  xdc_runtime_Main_Module__diagsEnabled__C                             
00019138  xdc_runtime_Main_Module__diagsIncluded__C                            
0001913c  xdc_runtime_Main_Module__diagsMask__C                                
00019140  xdc_runtime_Main_Module__loggerFxn1__C                               
00019144  xdc_runtime_Main_Module__loggerFxn2__C                               
00019148  xdc_runtime_Main_Module__loggerFxn4__C                               
0001914c  xdc_runtime_Main_Module__loggerObj__C                                
00019150  xdc_runtime_Memory_defaultHeapInstance__C                            
00019154  xdc_runtime_Startup_execImpl__C                                      
00019158  xdc_runtime_Startup_maxPasses__C                                     
0001915c  xdc_runtime_Startup_sfxnRts__C                                       
00019160  xdc_runtime_Startup_sfxnTab__C                                       
00019164  xdc_runtime_System_Module__gateObj__C                                
00019168  xdc_runtime_System_abortFxn__C                                       
0001916c  xdc_runtime_System_exitFxn__C                                        
00019170  xdc_runtime_System_extendFxn__C                                      
00019174  xdc_runtime_System_maxAtexitHandlers__C                              
00019178  xdc_runtime_Text_charTab__C                                          
0001917c  xdc_runtime_Text_nameEmpty__C                                        
00019180  xdc_runtime_Text_nameStatic__C                                       
00019184  xdc_runtime_Text_nameUnknown__C                                      
00019188  xdc_runtime_Text_nodeTab__C                                          
0001918c  xdc_runtime_Text_visitRopeFxn__C                                     
00019190  ti_sysbios_family_arm_v7r_tms570_Core_Module__id__C                  
00019192  ti_sysbios_family_arm_v7r_vim_Hwi_Module__id__C                      
00019194  ti_sysbios_gates_GateMutex_Module__id__C                             
00019196  ti_sysbios_hal_Hwi_Module__id__C                                     
00019198  ti_sysbios_heaps_HeapMem_Module__id__C                               
0001919a  ti_sysbios_knl_Semaphore_Module__id__C                               
0001919c  ti_sysbios_knl_Task_Module__id__C                                    
0001919e  ti_sysbios_timers_rti_Timer_Module__id__C                            
000191a0  ti_sysbios_timers_rti_Timer_continueOnSuspend__C                     
000191a2  xdc_runtime_Core_Module__id__C                                       
000191a4  xdc_runtime_Error_maxDepth__C                                        
000191a6  xdc_runtime_Main_Module__id__C                                       
000191a8  xdc_runtime_Main_Module__loggerDefined__C                            
000191aa  xdc_runtime_Memory_Module__id__C                                     
000191ac  xdc_runtime_Text_charCnt__C                                          
000191ae  xdc_runtime_Text_isLoaded__C                                         
000191b0  xdc_runtime_Text_registryModsLastId__C                               
000191b2  xdc_runtime_Text_unnamedModsLastId__C                                
00019598  __TI_Handler_Table_Base                                              
000195a4  __TI_Handler_Table_Limit                                             
000195c8  __TI_CINIT_Base                                                      
000195f0  __TI_CINIT_Limit                                                     
08000000  gObjectDetection_Test_TCMramHeap                                     
08010000  gObjectDetection_Test_chirpData                                      
08014000  ti_sysbios_heaps_HeapMem_Instance_State_0_buf__A                     
08024000  ti_sysbios_family_arm_exc_Exception_Module_State_0_excStack_0__A     
08025000  ti_sysbios_knl_Task_Instance_State_0_stack__A                        
08025400  ti_sysbios_family_arm_v7r_vim_Hwi_Module_State_0_fiqStack__A         
08025800  __CIOBUF_                                                            
08025920  __TI_tmpnams                                                         
080259c0  gEsmMCB                                                              
08025a30  parmbuf                                                              
08025a38  gObjDetObj                                                           
08025a40  gNumSubFrames                                                        
08025a41  gReadTestConfigFromBinFile                                           
08025a42  gCurrTestId                                                          
08025a44  gMaxL3RamUsageTestId                                                 
08025a46  gMaxTCMUsageTestId                                                   
08025a48  socHandle                                                            
08025a4c  gMaxL3RamUsage                                                       
08025a50  gMaxTCMUsage                                                         
08025a54  stdEvmCliTxAntOrder                                                  
08025a5c  gDataPathObj                                                         
08025e8c  gGenFrameDataObj                                                     
08026764  gFrameConfig                                                         
080272d4  gEDMA_4K_errata_check                                                
080272d8  edmaDbg                                                              
080279e0  ti_sysbios_family_arm_v7r_vim_Hwi_Module_State_0_dispatchTable__A    
08027be0  _ftable                                                              
08027cd0  ti_sysbios_knl_Swi_Module_State_0_readyQ__A                          
08027d50  ti_sysbios_knl_Task_Module_State_0_readyQ__A                         
08027dd0  _device                                                              
08027e48  ti_sysbios_knl_Task_Object__table__V                                 
08027ea4  _stream                                                              
08027ef4  gMailboxMCB                                                          
08027f44  ti_sysbios_knl_Task_Module__state__V                                 
08027f8c  SOC_TranslateAddr_LUT                                                
08027fcc  ti_sysbios_gates_GateMutex_Object__table__V                          
0802800c  ti_sysbios_timers_rti_Timer_Object__table__V                         
08028048  ti_sysbios_family_arm_v7r_vim_Hwi_Module__state__V                   
0802807c  gHWAHwCfg                                                            
080280ac  ti_sysbios_knl_Swi_Object__table__V                                  
080280dc  ti_sysbios_family_arm_v7r_vim_Hwi_Object__table__V                   
08028108  ti_sysbios_knl_Clock_Module__state__V                                
08028134  gDPC_ObjectDetectionCfg                                              
08028158  ti_sysbios_BIOS_Module__state__V                                     
0802817c  gAntennaSpacing                                                      
08028180  gSOCHwAttrib                                                         
080281a0  xdc_runtime_Error_IgnoreBlock                                        
080281c0  xdc_runtime_System_Module_State_0_atexitHandlers__A                  
080281e0  gAntDef_AWR1843AOP                                                   
080281fc  ti_sysbios_knl_Swi_Module__state__V                                  
08028218  gMailboxMssBssHwCfg                                                  
08028230  gMailboxMssDssHwCfg                                                  
08028248  ti_sysbios_heaps_HeapMem_Object__table__V                            
08028260  ti_sysbios_timers_rti_Timer_Module_State_0_device__A                 
08028278  gDPMRemoteTable                                                      
0802828c  ti_sysbios_family_arm_exc_Exception_Module__state__V                 
080282b0  gHwaEDMAChanMapping                                                  
080282c0  __TI_ft_end                                                          
080282c4  __aeabi_stdin                                                        
080282c8  __aeabi_stdout                                                       
080282cc  __aeabi_stderr                                                       
080282d0  ti_sysbios_timers_rti_Timer_Module_State_0_intFreqs__A               
080282e0  ti_sysbios_timers_rti_Timer_Module__state__V                         
080282f0  MCPI_Result                                                          
080282f4  MCPI_FailSignature                                                   
080282fc  __TI_cleanup_ptr                                                     
08028300  __TI_dtors_ptr                                                       
08028304  __TI_enable_exit_profile_output                                      
08028308  gESMHwCfgAttrs                                                       
08028314  ti_sysbios_family_arm_v7a_Pmu_Module__state__V                       
08028320  _lock                                                                
08028324  _unlock                                                              
08028328  gDPMHwAttrib                                                         
08028330  ti_sysbios_family_arm_v7r_vim_Hwi_Module__root__V                    
08028338  ti_sysbios_gates_GateHwi_Module__root__V                             
08028340  ti_sysbios_gates_GateMutex_Module__root__V                           
08028348  ti_sysbios_hal_Hwi_Object__table__V                                  
08028350  ti_sysbios_heaps_HeapMem_Module__root__V                             
08028358  ti_sysbios_knl_Queue_Module__root__V                                 
08028360  ti_sysbios_knl_Semaphore_Module__root__V                             
08028368  ti_sysbios_knl_Task_Module__root__V                                  
08028370  ti_sysbios_timers_rti_Timer_Module_State_0_handles__A                
08028378  xdc_runtime_Registry_Module__state__V                                
08028380  xdc_runtime_Startup_Module__state__V                                 
08028388  xdc_runtime_System_Module__state__V                                  
08028390  gHWADriverPtr                                                        
08028394  gDPM                                                                 
08028398  regionId                                                             
0802839c  gMCPILogMessageSize                                                  
080283a0  errno                                                                
080283ac  main_func_sp                                                         
080283b0  ti_sysbios_family_arm_exc_Exception_Module_State_0_excContext__A     
080283b4  ti_sysbios_family_arm_exc_Exception_Module_State_0_excStackBuffers__A
080283b8  ti_sysbios_family_arm_exc_Exception_Module_State_0_excStack__A       
080283bc  ti_sysbios_gates_GateHwi_Object__table__V                            
080283c0  ti_sysbios_heaps_HeapBuf_Module__state__V                            
080283c4  ti_sysbios_knl_Task_Module_State_0_idleTask__A                       
080283c8  xdc_runtime_Memory_Module__state__V                                  
080283cc  ti_sysbios_family_arm_exc_Exception_Module_State_0_excActive__A      
080283ce  xdc_runtime_Error_Module__state__V                                   
080283d0  MCPI_logMessage                                                      
0802a7d0  __stack                                                              
0802b7d0  __STACK_END                                                          
51000000  gObjectDetection_Test_L3Heap                                         
fffffdec  ti_sysbios_family_arm_v7r_vim_Hwi_vim                                
ffffffff  __TI_pprof_out_hndl                                                  
ffffffff  __TI_prof_data_size                                                  
ffffffff  __TI_prof_data_start                                                 
ffffffff  __binit__                                                            
ffffffff  __c_args__                                                           
ffffffff  binit                                                                
UNDEFED   SHT$$INIT_ARRAY$$Base                                                
UNDEFED   SHT$$INIT_ARRAY$$Limit                                               

[879 symbols]
