******************************************************************************
               TMS320C6x Linker Unix v8.3.3                    
******************************************************************************
>> Linked Mon Feb  5 17:41:14 2024

OUTPUT FILE NAME:   <test/xwr18xx_objectdetection_test_dss.xe674>
ENTRY POINT SYMBOL: "_c_int00"  address: 007fe560


MEMORY CONFIGURATION

         name            origin    length      used     unused   attr    fill
----------------------  --------  ---------  --------  --------  ----  --------
PAGE 0:
  L2SRAM_UMAP1          007e0000   00020000  0001ffa0  00000060  RWIX
  L2SRAM_UMAP0          00800000   00020000  0001bf2a  000040d6  RWIX
  L1PSRAM               00e00000   00004000  000001a0  00003e60  RWIX
  L1DSRAM               00f00000   00004000  00002400  00001c00  RWIX
  L3SRAM                20000000   00100000  000f9000  00007000  RWIX
  HWA_RAM               21030000   00010000  00000000  00010000  RWIX
  HSRAM                 21080000   00008000  00004000  00004000  RWIX

PAGE 1:
  L3SRAM                20000000   00100000  00000000  00100000  RWIX


SEGMENT ALLOCATION MAP

run origin  load origin   length   init length attrs members
----------  ----------- ---------- ----------- ----- -------
007e0000    007e0000    0001ffa0   0001ffa0    r-x
  007e0000    007e0000    00000200   00000200    r-x .vecs
  007e0200    007e0200    0001fda0   0001fda0    r-x .text.1
00800000    00800000    00003740   00003740    r-x
  00800000    00800000    00003740   00003740    r-x .text.2
00803740    00803740    00000800   00000000    rw-
  00803740    00803740    00000800   00000000    rw- .stack
00803f40    00803f40    000000c0   000000c0    r--
  00803f40    00803f40    000000c0   000000c0    r-- .const.1
00804000    00804000    00013a80   00000000    rw-
  00804000    00804000    0000a000   00000000    rw- .l2Heap
  0080e000    0080e000    00008000   00000000    rw- systemHeap
  00816000    00816000    0000195c   00000000    rw- .far
  00817960    00817960    00000120   00000000    rw- .cio
00817a80    00817a80    00003314   00003314    r--
  00817a80    00817a80    00003314   00003314    r-- .const.2
0081ad98    0081ad98    00001064   00001064    rw-
  0081ad98    0081ad98    00001064   00001064    rw- .fardata
0081bdfc    0081bdfc    000000f4   000000f4    r--
  0081bdfc    0081bdfc    000000f4   000000f4    r-- .switch
0081bef0    0081bef0    00000042   00000038    rw-
  0081bef0    0081bef0    00000038   00000038    rw- .neardata
  0081bf28    0081bf28    0000000a   00000000    rw- .bss
00e00000    00e00000    000001a0   000001a0    r-x
  00e00000    00e00000    000001a0   000001a0    r-x .code
00f00000    00f00000    00002400   00000000    rw-
  00f00000    00f00000    00002400   00000000    rw- .MCPILogBuffer
20000000    20000000    000f9000   000f9000    rwx
  20000000    20000000    000f9000   000f9000    rwx .l3ram
21080000    21080000    00004000   00000000    rw-
  21080000    21080000    00004000   00000000    rw- .hsram


SECTION ALLOCATION MAP

 output                                  attributes/
section   page    origin      length       input sections
--------  ----  ----------  ----------   ----------------
xdc.meta   0    00000000    00000130     COPY SECTION
                  00000000    00000130     dss_pe674.oe674 (xdc.meta)

.vecs      0    007e0000    00000200     
                  007e0000    00000200     dss_pe674.oe674 (.vecs)

.stack     0    00803740    00000800     UNINITIALIZED
                  00803740    00000008     boot.ae674 : boot.oe674 (.stack)
                  00803748    000007f8     --HOLE--

.neardata 
*          0    0081bef0    00000038     
                  0081bef0    00000016     main.oe674 (.neardata)
                  0081bf06    00000002     --HOLE-- [fill = 0]
                  0081bf08    0000000c     libtestlogger_xwr18xx.ae674 : logger.oe674 (.neardata)
                  0081bf14    00000004     antenna_geometry.oe674 (.neardata)
                  0081bf18    00000008     gen_frame_data.oe674 (.neardata)
                  0081bf20    00000004     libdpm_xwr18xx.ae674 : dpm_mailbox.oe674 (.neardata)
                  0081bf24    00000004     libedma_xwr18xx.ae674 : edma_low_level.oe674 (.neardata)

.bss       0    0081bf28    0000000a     UNINITIALIZED
                  0081bf28    00000004     (.common:gObjDetObj)
                  0081bf2c    00000004     (.common:socHandle)
                  0081bf30    00000002     (.common:gCurrTestId)

.cinit     0    00800000    00000000     UNINITIALIZED

.text.1    0    007e0200    0001fda0     
                  007e0200    00000e00     main.oe674 (.text:ObjectDetection_Test_task)
                  007e1000    00000ba0     sysbios.ae674 : BIOS.obj (.text:xdc_runtime_System_doPrint__I)
                  007e1ba0    00000b40     libdopplerproc_hwa_xwr18xx.ae674 : dopplerprochwa.oe674 (.text:DPU_DopplerProcHWA_config)
                  007e26e0    00000aa0     libhwa_xwr18xx.ae674 : hwa.oe674 (.text:HWA_configParamSet)
                  007e3180    000009e0     librangeproc_hwa_xwr18xx.ae674 : rangeprochwa.oe674 (.text:DPU_RangeProcHWA_process)
                  007e3b60    00000860     objectdetection.oe674 (.text:DPC_ObjectDetection_ioctl)
                  007e43c0    00000800     librangeproc_hwa_xwr18xx.ae674 : rangeprochwa.oe674 (.text:DPU_RangeProcHWA_config)
                  007e4bc0    00000780     sysbios.ae674 : BIOS.obj (.text:ti_sysbios_family_c64p_Exception_handler__I)
                  007e5340    00000740     objectdetection.oe674 (.text:DPC_ObjDet_rangeBiasRxChPhaseMeasure)
                  007e5a80    00000720     libaoaproc_hwa_xwr18xx.ae674 : aoaprochwa.oe674 (.text:AoAProcHWA_config_EDMA)
                  007e61a0    00000700                                  : aoaprochwa.oe674 (.text:HWAutil_configHWA_extendedVelocityScheme)
                  007e68a0    000006a0     sysbios.ae674 : BIOS.obj (.text:ti_sysbios_knl_Semaphore_pend__E)
                  007e6f40    00000680                   : BIOS.obj (.text:ti_sysbios_heaps_HeapMem_allocUnprotected__E)
                  007e75c0    00000660                   : BIOS.obj (.text:ti_sysbios_heaps_HeapMem_freeUnprotected__E)
                  007e7c20    00000620     main.oe674 (.text:ObjectDetection_Test_setProfile)
                  007e8240    00000600     libaoaproc_hwa_xwr18xx.ae674 : aoaprochwa.oe674 (.text:DPU_AoAProcHWA_process)
                  007e8840    00000580     sysbios.ae674 : BIOS.obj (.text:ti_sysbios_knl_Task_Instance_finalize__E)
                  007e8dc0    00000520     objectdetection.oe674 (.text:DPC_ObjDet_AoAconfig)
                  007e92e0    000004c0     librangeproc_hwa_xwr18xx.ae674 : rangeprochwa.oe674 (.text:rangeProcHWA_ConfigEDMA_DataOut_nonInterleave)
                  007e97a0    00000460     libhwa_xwr18xx.ae674 : hwa.oe674 (.text:HWA_configCommon)
                  007e9c00    00000440     sysbios.ae674 : BIOS.obj (.text:ti_sysbios_knl_Task_Instance_init__E)
                  007ea040    00000420     libmailbox_xwr18xx.ae674 : mailbox.oe674 (.text:Mailbox_open)
                  007ea460    00000400     objectdetection.oe674 (.text:DPC_ObjDet_preStartConfig)
                  007ea860    000003e0     libaoaproc_hwa_xwr18xx.ae674 : aoaprochwa.oe674 (.text:DPU_AoAProcHWA_config)
                  007eac40    000003e0     sysbios.ae674 : BIOS.obj (.text:ti_sysbios_knl_Task_sleep__E)
                  007eb020    000003e0                   : BIOS.obj (.text:ti_sysbios_utils_Load_updateThreadContexts__E)
                  007eb400    000003c0     libaoaproc_hwa_xwr18xx.ae674 : aoaprochwa.oe674 (.text:AoAProcHWA_angleEstimationAzimElev)
                  007eb7c0    000003a0     libedma_xwr18xx.ae674 : edma.oe674 (.text:EDMA_paramConfig_assist)
                  007ebb60    000003a0     librangeproc_hwa_xwr18xx.ae674 : rangeprochwa.oe674 (.text:rangeProcHWA_ConfigHWA)
                  007ebf00    00000360     objectdetection.oe674 (.text:DPC_ObjDet_rangeConfig)
                  007ec260    00000340     objectdetection.oe674 (.text:DPC_ObjectDetection_execute)
                  007ec5a0    00000340     libstaticclutterproc_xwr18xx.ae674 : staticclutterproc.oe674 (.text:DPU_StaticClutterProc_process)
                  007ec8e0    00000340     main.oe674 (.text:ObjectDetection_Test_CompareToRef)
                  007ecc20    00000320     libedma_xwr18xx.ae674 : edma.oe674 (.text:EDMA_configChannel)
                  007ecf40    00000320     rts6740_elf.lib : cos.c.obj (.text:cos)
                  007ed260    00000320                     : fputs.c.obj (.text:fputs)
                  007ed580    00000300     libaoaproc_hwa_xwr18xx.ae674 : aoaprochwa.oe674 (.text:HWAutil_configHWA_azimuthHeatMap)
                  007ed880    000002e0                                  : aoaprochwa.oe674 (.text:AoAProcHWA_XYZestimation)
                  007edb60    000002e0     rts6740_elf.lib : sin.c.obj (.text:sin)
                  007ede40    000002e0     sysbios.ae674 : BIOS.obj (.text:ti_sysbios_heaps_HeapMem_Instance_init__E)
                  007ee120    000002e0                   : BIOS.obj (.text:xdc_runtime_Core_createObject__I)
                  007ee400    000002c0     objectdetection.oe674 (.text:DPC_ObjDet_dopplerConfig)
                  007ee6c0    000002c0     libedma_xwr18xx.ae674 : edma.oe674 (.text:EDMA_configErrorMonitoring)
                  007ee980    000002c0                           : edma.oe674 (.text:EDMA_open)
                  007eec40    000002c0     sysbios.ae674 : BIOS.obj (.text:ti_sysbios_knl_Task_postInit__I)
                  007eef00    000002c0                   : BIOS.obj (.text:ti_sysbios_timers_rti_Timer_Module_startup__E)
                  007ef1c0    000002a0     libcfarcaproc_hwa_xwr18xx.ae674 : cfarcaprochwa.oe674 (.text:DPU_CFARCAProcHWA_process)
                  007ef460    000002a0     libhwa_xwr18xx.ae674 : hwa.oe674 (.text:HWA_open)
                  007ef700    000002a0     rts6740_elf.lib : divf.c.obj (.text:__c6xabi_divf)
                  007ef9a0    000002a0     sysbios.ae674 : BIOS.obj (.text:ti_sysbios_family_c64p_EventCombiner_dispatch__E)
                  007efc40    000002a0                   : BIOS.obj (.text:ti_sysbios_timers_rti_Timer_getFreq__E)
                  007efee0    00000280     libaoaproc_hwa_xwr18xx.ae674 : aoaprochwa.oe674 (.text:AoAProcHWA_PrepareRangeAzimuthHeatmap)
                  007f0160    00000280     objectdetection.oe674 (.text:DPC_ObjectDetection_init)
                  007f03e0    00000280     sysbios.ae674 : BIOS.obj (.text:ti_sysbios_family_c64p_Cache_Module_startup__E)
                  007f0660    00000280                   : BIOS.obj (.text:xdc_runtime_Startup_startMods__I)
                  007f08e0    00000260     libaoaproc_hwa_xwr18xx.ae674 : aoaprochwa.oe674 (.text:AoAProcHWA_config_azimuthHeatMap_EDMA)
                  007f0b40    00000260     sysbios.ae674 : BIOS.obj (.text:ti_sysbios_gates_GateMutex_enter__E)
                  007f0da0    00000240     objectdetection.oe674 (.text:DPC_ObjDet_CFARCAconfig)
                  007f0fe0    00000240     libedma_xwr18xx.ae674 : edma.oe674 (.text:EDMA_transferComplete_isr)
                  007f1220    00000240     sysbios.ae674 : BIOS.obj (.text:ti_sysbios_family_c64p_Exception_internalHandler__I)
                  007f1460    00000240                   : BIOS.obj (.text:xdc_runtime_Error_policyDefault__E)
                  007f16a0    00000240     dss_pe674.oe674 (.text:xdc_runtime_System_printfExtend__I)
                  007f18e0    00000220     libcfarcaproc_hwa_xwr18xx.ae674 : cfarcaprochwa.oe674 (.text:DPU_CFARCAProcHWA_config)
                  007f1b00    00000220     libmailbox_xwr18xx.ae674 : mailbox.oe674 (.text:Mailbox_write)
                  007f1d20    00000220     libaoaproc_hwa_xwr18xx.ae674 : aoaprochwa.oe674 (.text:aoaHwa_dopplerCompensation)
                  007f1f40    00000220     rts6740_elf.lib : open.c.obj (.text:open)
                  007f2160    00000220     sysbios.ae674 : BIOS.obj (.text:ti_sysbios_family_c64p_EventCombiner_dispatchPlug__E)
                  007f2380    00000220                   : BIOS.obj (.text:ti_sysbios_family_c64p_EventCombiner_enableEvent__E)
                  007f25a0    00000200     libaoaproc_hwa_xwr18xx.ae674 : aoaprochwa.oe674 (.text:DPU_AoAProcHWA_init)
                  007f27a0    00000200     sysbios.ae674 : c64p_Hwi_disp_always.obj (.text:_ti_sysbios_family_c64p_Hwi_dispatchAlways)
                  007f29a0    00000200     libmathutils.ae674 : mathutils.oe674 (.text:mathUtils_genWindow)
                  007f2ba0    00000200     sysbios.ae674 : BIOS.obj (.text:ti_sysbios_family_c64p_EventCombiner_disableEvent__E)
                  007f2da0    00000200                   : BIOS.obj (.text:ti_sysbios_utils_Load_idleFxn__E)
                  007f2fa0    00000200                   : BIOS.obj (.text:xdc_runtime_Core_constructObject__I)
                  007f31a0    000001e0     libedma_xwr18xx.ae674 : edma.oe674 (.text:EDMA_init)
                  007f3380    000001e0     rts6740_elf.lib : log.c.obj (.text:log)
                  007f3560    000001e0     sysbios.ae674 : BIOS.obj (.text:ti_sysbios_knl_Semaphore_post__E)
                  007f3740    000001c0     libdpedma_hwa_xwr18xx.ae674 : dpedma.oe674 (.text:DPEDMA_configSyncAB)
                  007f3900    000001c0                                 : dpedma.oe674 (.text:DPEDMA_configSyncA_singleFrame)
                  007f3ac0    000001c0     librangeproc_hwa_xwr18xx.ae674 : rangeprochwa.oe674 (.text:DPU_RangeProcHWA_control)
                  007f3c80    000001c0     libstaticclutterproc_xwr18xx.ae674 : staticclutterproc.oe674 (.text:DPU_StaticClutterProc_configEdma)
                  007f3e40    000001c0     libcfarcaproc_hwa_xwr18xx.ae674 : cfarcaprochwa.oe674 (.text:HWAutil_configCFAR)
                  007f4000    000001c0     libmailbox_xwr18xx.ae674 : mailbox.oe674 (.text:Mailbox_read)
                  007f41c0    000001c0     main.oe674 (.text:ObjectDetection_Test_configDPC)
                  007f4380    000001c0     main.oe674 (.text:ObjectDetection_Test_convertCoordinates)
                  007f4540    000001c0     libsoc_xwr18xx.ae674 : soc.oe674 (.text:SOC_deregisterSysIntListener)
                  007f4700    000001c0     rts6740_elf.lib : imath40.c.obj (.text:__c6xabi_divul)
                  007f48c0    000001c0                     : atan2.c.obj (.text:atan2)
                  007f4a80    000001c0                     : fputc.c.obj (.text:fputc)
                  007f4c40    000001c0                     : frexp.c.obj (.text:frexp)
                  007f4e00    000001c0                     : ldexp.c.obj (.text:ldexp)
                  007f4fc0    000001c0     librangeproc_hwa_xwr18xx.ae674 : rangeprochwa.oe674 (.text:rangeProcHWA_ConfigEDMADummyThreeLinks)
                  007f5180    000001c0     rts6740_elf.lib : setvbuf.c.obj (.text:setvbuf)
                  007f5340    000001c0     sysbios.ae674 : BIOS.obj (.text:ti_sysbios_knl_Swi_restoreHwi__E)
                  007f5500    000001c0                   : BIOS.obj (.text:ti_sysbios_knl_Task_checkStacks__E)
                  007f56c0    000001c0                   : BIOS.obj (.text:xdc_runtime_Text_putSite__E)
                  007f5880    000001a0     libcfarcaproc_hwa_xwr18xx.ae674 : cfarcaprochwa.oe674 (.text:CFARHWA_cfarRange_AND_cfarDoppler)
                  007f5a20    000001a0                                     : cfarcaprochwa.oe674 (.text:DPU_CFARCAProcHWA_control)
                  007f5bc0    000001a0     libdopplerproc_hwa_xwr18xx.ae674 : dopplerprochwa.oe674 (.text:DPU_DopplerProcHWA_init)
                  007f5d60    000001a0                                      : dopplerprochwa.oe674 (.text:DPU_DopplerProcHWA_process)
                  007f5f00    000001a0     librangeproc_hwa_xwr18xx.ae674 : rangeprochwa.oe674 (.text:DPU_RangeProcHWA_init)
                  007f60a0    000001a0     rts6740_elf.lib : hostrename.c.obj (.text:HOSTrename)
                  007f6240    000001a0     main.oe674 (.text:ObjectDetection_Test_edmaOpen)
                  007f63e0    000001a0     sysbios.ae674 : BIOS.obj (.text:ti_sysbios_family_c64p_Cache_getL2InitSize__I)
                  007f6580    000001a0                   : BIOS.obj (.text:ti_sysbios_heaps_HeapBuf_Module_startup__E)
                  007f6720    000001a0                   : BIOS.obj (.text:ti_sysbios_knl_Swi_runLoop__I)
                  007f68c0    000001a0                   : BIOS.obj (.text:ti_sysbios_knl_Task_exit__E)
                  007f6a60    000001a0                   : BIOS.obj (.text:ti_sysbios_timers_rti_Timer_startup__E)
                  007f6c00    00000180     libaoaproc_hwa_xwr18xx.ae674 : aoaprochwa.oe674 (.text:DPU_AoAProcHWA_control)
                  007f6d80    00000180     libhwa_xwr18xx.ae674 : hwa.oe674 (.text:HWA_enableParamSetInterrupt)
                  007f6f00    00000180     main.oe674 (.text:ObjectDetection_Test_DPCInit)
                  007f7080    00000180     sysbios.ae674 : c64p_Exception_asm.obj (.text)
                  007f7200    00000180                   : BIOS.obj (.text:ti_sysbios_knl_Task_schedule__I)
                  007f7380    00000180                   : BIOS.obj (.text:ti_sysbios_utils_Load_startup__E)
                  007f7500    00000160     objectdetection.oe674 (.text:DPC_ObjDet_staticClutterConfig)
                  007f7660    00000160     libedma_xwr18xx.ae674 : edma.oe674 (.text:EDMA_getErrorStatusInfo)
                  007f77c0    00000160     libhwa_xwr18xx.ae674 : hwa.oe674 (.text:HWA_paramDoneISR)
                  007f7920    00000160     libmailbox_xwr18xx.ae674 : mailbox.oe674 (.text:Mailbox_close)
                  007f7a80    00000160     main.oe674 (.text:ObjectDetection_Test_printAndCheckResults)
                  007f7be0    00000160     main.oe674 (.text:ObjectDetection_Test_reportFxn)
                  007f7d40    00000160     libsoc_xwr18xx.ae674 : soc.oe674 (.text:SOC_registerSysIntListener)
                  007f7ea0    00000160     rts6740_elf.lib : _bufread.c.obj (.text:__TI_buff_read)
                  007f8000    00000160                     : sqrt.c.obj (.text:sqrt)
                  007f8160    00000160     sysbios.ae674 : BIOS.obj (.text:ti_sysbios_family_c64p_Cache_getL1DInitSize__I)
                  007f82c0    00000160                   : BIOS.obj (.text:ti_sysbios_family_c64p_Cache_getL1PInitSize__I)
                  007f8420    00000160                   : BIOS.obj (.text:ti_sysbios_family_c64p_Hwi_Module_startup__E)
                  007f8580    00000160                   : BIOS.obj (.text:xdc_runtime_Core_deleteObject__I)
                  007f86e0    00000140     libaoaproc_hwa_xwr18xx.ae674 : aoaprochwa.oe674 (.text:AoAProcHWA_ConvertFov)
                  007f8820    00000140     libdpedma_hwa_xwr18xx.ae674 : dpedmahwa.oe674 (.text:DPEDMAHWA_configTwoHotSignature)
                  007f8960    00000140     libedma_xwr18xx.ae674 : edma_low_level.oe674 (.text:EDMA3Init)
                  007f8aa0    00000140                           : edma.oe674 (.text:EDMA_clearErrors)
                  007f8be0    00000140                           : edma.oe674 (.text:EDMA_startTransfer)
                  007f8d20    00000140     libhwa_xwr18xx.ae674 : hwa.oe674 (.text:HWA_configRam)
                  007f8e60    00000140     libsoc_xwr18xx.ae674 : soc.oe674 (.text:SOC_init)
                  007f8fa0    00000140     librangeproc_hwa_xwr18xx.ae674 : rangeprochwa.oe674 (.text:rangeProcHWA_ConfigEDMA_DataIn)
                  007f90e0    00000140     sysbios.ae674 : BIOS.obj (.text:ti_sysbios_knl_Semaphore_Instance_init__E)
                  007f9220    00000140                   : BIOS.obj (.text:ti_sysbios_knl_Task_Module_startup__E)
                  007f9360    00000140                   : BIOS.obj (.text:ti_sysbios_knl_Task_startCore__E)
                  007f94a0    00000140                   : BIOS.obj (.text:ti_sysbios_timers_rti_Timer_initDevice__I)
                  007f95e0    00000140                   : BIOS.obj (.text:ti_sysbios_utils_Load_addTask__E)
                  007f9720    00000140                   : BIOS.obj (.text:ti_sysbios_utils_Load_updateLoads__E)
                  007f9860    00000140                   : BIOS.obj (.text:xdc_runtime_Memory_alloc__E)
                  007f99a0    00000140                   : BIOS.obj (.text:xdc_runtime_Text_putLab__E)
                  007f9ae0    00000140                   : BIOS.obj (.text:xdc_runtime_Text_putMod__E)
                  007f9c20    00000140                   : BIOS.obj (.text:xdc_runtime_Text_visitRope2__I)
                  007f9d60    00000120     objectdetection.oe674 (.text:DPC_ObjDet_GetRxChPhaseComp)
                  007f9e80    00000120     objectdetection.oe674 (.text:DPC_ObjDet_reconfigSubFrame)
                  007f9fa0    00000120     libdpedma_hwa_xwr18xx.ae674 : dpedmahwa.oe674 (.text:DPEDMAHWA_configOneHotSignature)
                  007fa0c0    00000120     libedma_xwr18xx.ae674 : edma.oe674 (.text:EDMA_configParamSet)
                  007fa1e0    00000120     boot.ae674 : autoinit.oe674 (.text:_auto_init_elf)
                  007fa300    00000120     rts6740_elf.lib : getdevice.c.obj (.text:getdevice)
                  007fa420    00000120     sysbios.ae674 : BIOS.obj (.text:ti_sysbios_knl_Clock_workFunc__E)
                  007fa540    00000120                   : BIOS.obj (.text:ti_sysbios_timers_rti_Timer_setPeriodMicroSecs__E)
                  007fa660    00000120                   : BIOS.obj (.text:ti_sysbios_utils_Load_taskCreateHook__E)
                  007fa780    00000120                   : BIOS.obj (.text:ti_sysbios_utils_Load_taskDeleteHook__E)
                  007fa8a0    00000100     libaoaproc_hwa_xwr18xx.ae674 : aoaprochwa.oe674 (.text:AoAProcHWA_cfgAndTrigger_EDMA_2DFFT)
                  007fa9a0    00000100     libcfarcaproc_hwa_xwr18xx.ae674 : cfarcaprochwa.oe674 (.text:DPU_CFARCAProcHWA_init)
                  007faaa0    00000100     libstaticclutterproc_xwr18xx.ae674 : staticclutterproc.oe674 (.text:DPU_StaticClutterProc_config)
                  007faba0    00000100     libhwa_xwr18xx.ae674 : hwa.oe674 (.text:HWA_disableParamSetInterrupt)
                  007faca0    00000100     libmailbox_xwr18xx.ae674 : mailbox.oe674 (.text:Mailbox_readFlush)
                  007fada0    00000100     main.oe674 (.text:ObjectDetection_Test_dpmTask)
                  007faea0    00000100     libsoc_xwr18xx.ae674 : soc_xwr18xx_dss.oe674 (.text:SOC_deviceInit)
                  007fafa0    00000100                          : soc_xwr18xx.oe674 (.text:SOC_translateAddress)
                  007fb0a0    00000100     rts6740_elf.lib : atoi.c.obj (.text:atoi)
                  007fb1a0    00000100                     : fflush.c.obj (.text:fflush)
                  007fb2a0    00000100                     : fseek.c.obj (.text:fseek)
                  007fb3a0    00000100     sysbios.ae674 : BIOS.obj (.text:xdc_runtime_Error_print__E)
                  007fb4a0    00000100                   : BIOS.obj (.text:xdc_runtime_Startup_exec__E)
                  007fb5a0    000000e0     objectdetection.oe674 (.text:DPC_ObjectDetection_deinit)
                  007fb680    000000e0     libedma_xwr18xx.ae674 : edma.oe674 (.text:EDMA_close)
                  007fb760    000000e0                           : edma.oe674 (.text:EDMA_error_isr)
                  007fb840    000000e0                           : edma.oe674 (.text:EDMA_isTransferComplete)
                  007fb920    000000e0     rts6740_elf.lib : hostlseek.c.obj (.text:HOSTlseek)
                  007fba00    000000e0                     : hostopen.c.obj (.text:HOSTopen)
                  007fbae0    000000e0                     : hostwrite.c.obj (.text:HOSTwrite)
                  007fbbc0    000000e0     libmailbox_xwr18xx.ae674 : mailbox.oe674 (.text:Mailbox_boxFullISRMssDss)
                  007fbca0    000000e0     rts6740_elf.lib : _ltoa.c.obj (.text:__TI_ltoa)
                  007fbd80    000000e0                     : _io_perm.c.obj (.text:__TI_wrt_ok)
                  007fbe60    000000e0                     : divi.asm.obj (.text:__divi)
                  007fbf40    000000e0                     : close.c.obj (.text:close)
                  007fc020    000000e0                     : exit.c.obj (.text:exit)
                  007fc100    000000e0     main.oe674 (.text:main)
                  007fc1e0    00000010     libtestlogger_xwr18xx.ae674 : logger.oe674 ($Tramp$S$$MCPI_Initialize)
                  007fc1f0    00000010     rts6740_elf.lib : _printfi.c.obj ($Tramp$S$$__TI_printfi)
                  007fc200    000000e0                     : memset.c.obj (.text:memset)
                  007fc2e0    000000e0                     : printf.c.obj (.text:printf)
                  007fc3c0    00000010     libdpm_xwr18xx.ae674 : dpm_core.oe674 ($Tramp$S$$DPM_notifyExecute)
                  007fc3d0    00000010                          : dpm_core.oe674 ($Tramp$S$$DPM_deinit)
                  007fc3e0    000000e0     sysbios.ae674 : BIOS.obj (.text:ti_sysbios_utils_Load_updateCurrentThreadTime__E)
                  007fc4c0    000000c0     libcfarcaproc_hwa_xwr18xx.ae674 : cfarcaprochwa.oe674 (.text:CFARCAHWA_config_EDMA)
                  007fc580    000000c0                                     : cfarcaprochwa.oe674 (.text:CFARHWA_prepareHwaRunTime)
                  007fc640    000000c0     objectdetection.oe674 (.text:DPC_ObjectDetection_frameStart)
                  007fc700    00000010     libdpm_xwr18xx.ae674 : dpm_core.oe674 ($Tramp$S$$DPM_start)
                  007fc710    00000010                          : dpm_core.oe674 ($Tramp$S$$DPM_stop)
                  007fc720    000000c0     libedma_xwr18xx.ae674 : edma.oe674 (.text:EDMA_startDmaTransfer)
                  007fc7e0    000000c0     rts6740_elf.lib : hostread.c.obj (.text:HOSTread)
                  007fc8a0    000000c0                     : hostunlink.c.obj (.text:HOSTunlink)
                  007fc960    000000c0     libhwa_xwr18xx.ae674 : hwa.oe674 (.text:HWA_close)
                  007fca20    000000c0                          : hwa.oe674 (.text:HWA_getDMAChanIndex)
                  007fcae0    000000c0                          : hwa.oe674 (.text:HWA_getDMAconfig)
                  007fcba0    000000c0                          : hwa.oe674 (.text:HWA_getDriverAccess)
                  007fcc60    000000c0                          : hwa.oe674 (.text:HWA_getHWAMemInfo)
                  007fcd20    000000c0     libmailbox_xwr18xx.ae674 : mailbox.oe674 (.text:Mailbox_boxFullISRProcessing)
                  007fcde0    000000c0     objectdetection.oe674 (.text:_DPC_Objdet_Assert)
                  007fcea0    000000c0     rts6740_elf.lib : divu.asm.obj (.text:__divu)
                  007fcf60    000000c0                     : modf.c.obj (.text:modf)
                  007fd020    000000c0     librangeproc_hwa_xwr18xx.ae674 : rangeprochwa.oe674 (.text:rangeProcHWA_ConfigHWACommon)
                  007fd0e0    000000c0     sysbios.ae674 : BIOS.obj (.text:ti_sysbios_family_c64p_Hwi_dispatchCore__I)
                  007fd1a0    000000c0                   : BIOS.obj (.text:ti_sysbios_heaps_HeapMem_alloc__E)
                  007fd260    000000c0                   : BIOS.obj (.text:ti_sysbios_heaps_HeapMem_getStats__E)
                  007fd320    000000c0                   : BIOS.obj (.text:ti_sysbios_knl_Swi_schedule__I)
                  007fd3e0    000000c0                   : BIOS.obj (.text:ti_sysbios_knl_Task_allBlockedFunction__I)
                  007fd4a0    000000c0     dss_pe674.oe674 (.text:ti_sysbios_knl_Task_create)
                  007fd560    000000c0     sysbios.ae674 : BIOS.obj (.text:ti_sysbios_utils_Load_taskSwitchHook__E)
                  007fd620    000000c0     rts6740_elf.lib : tls.c.obj (.text:tls:init:__TI_tls_init)
                  007fd6e0    000000c0     sysbios.ae674 : BIOS.obj (.text:xdc_runtime_Assert_raise__I)
                  007fd7a0    000000a0     libcfarcaproc_hwa_xwr18xx.ae674 : cfarcaprochwa.oe674 (.text:CFARHWA_fovConvertDoppler)
                  007fd840    000000a0                                     : cfarcaprochwa.oe674 (.text:CFARHWA_saveConfiguration)
                  007fd8e0    000000a0     objectdetection.oe674 (.text:DPC_ObjectDetection_start)
                  007fd980    000000a0     libdpedma_hwa_xwr18xx.ae674 : dpedma.oe674 (.text:DPEDMA_setup_shadow_link)
                  007fda20    000000a0     libedma_xwr18xx.ae674 : edma_low_level.oe674 (.text:EDMA3EnableChInShadowReg)
                  007fdac0    000000a0                           : edma.oe674 (.text:EDMA_disableChannel)
                  007fdb60    000000a0                           : edma.oe674 (.text:EDMA_enableChannel)
                  007fdc00    000000a0                           : edma.oe674 (.text:EDMA_transferController_error_isr)
                  007fdca0    000000a0     rts6740_elf.lib : hostclose.c.obj (.text:HOSTclose)
                  007fdd40    000000a0     libhwa_xwr18xx.ae674 : hwa.oe674 (.text:HWA_deleteInstance)
                  007fdde0    000000a0                          : hwa.oe674 (.text:HWA_disableDoneInterrupt)
                  007fde80    000000a0                          : hwa.oe674 (.text:HWA_enable)
                  007fdf20    000000a0                          : hwa.oe674 (.text:HWA_enableDoneInterrupt)
                  007fdfc0    000000a0                          : hwa.oe674 (.text:HWA_readCFARPeakCountReg)
                  007fe060    000000a0     libmailbox_xwr18xx.ae674 : mailbox.oe674 (.text:Mailbox_boxEmptyISRProcessing)
                  007fe100    000000a0     main.oe674 (.text:ObjectDetection_Test_edmaInit)
                  007fe1a0    000000a0     libsoc_xwr18xx.ae674 : soc.oe674 (.text:SOC_SystemISR)
                  007fe240    000000a0     rts6740_elf.lib : fflush.c.obj (.text:__TI_doflush)
                  007fe2e0    000000a0                     : _io_perm.c.obj (.text:__TI_rd_ok)
                  007fe380    000000a0                     : fixfu.c.obj (.text:__c6xabi_fixfu)
                  007fe420    000000a0                     : round.c.obj (.text:__c6xabi_nround)
                  007fe4c0    000000a0                     : remu.asm.obj (.text:__remu)
                  007fe560    000000a0     boot.ae674 : boot.oe674 (.text:_c_int00)
                  007fe600    000000a0     rts6740_elf.lib : getdevice.c.obj (.text:finddevice)
                  007fe6a0    000000a0                     : memcpy64.asm.obj (.text:memcpy)
                  007fe740    000000a0     sysbios.ae674 : BIOS.obj (.text:ti_sysbios_family_c64p_Exception_Module_startup__E)
                  007fe7e0    000000a0                   : BIOS.obj (.text:ti_sysbios_family_c64p_Hwi_dispatchC__I)
                  007fe880    000000a0                   : BIOS.obj (.text:ti_sysbios_family_c64p_Hwi_getStackInfo__E)
                  007fe920    000000a0                   : BIOS.obj (.text:ti_sysbios_hal_Hwi_checkStack)
                  007fe9c0    000000a0                   : BIOS.obj (.text:ti_sysbios_knl_Semaphore_pendTimeout__I)
                  007fea60    000000a0                   : BIOS.obj (.text:xdc_runtime_Core_assignLabel__I)
                  007feb00    000000a0                   : BIOS.obj (.text:xdc_runtime_Core_assignParams__I)
                  007feba0    000000a0                   : BIOS.obj (.text:xdc_runtime_System_atexit__E)
                  007fec40    000000a0                   : BIOS.obj (.text:xdc_runtime_System_exit__E)
                  007fece0    000000a0                   : BIOS.obj (.text:xdc_runtime_Text_printVisFxn__I)
                  007fed80    000000a0                   : BIOS.obj (.text:xdc_runtime_Text_xprintf__I)
                  007fee20    00000080     libaoaproc_hwa_xwr18xx.ae674 : aoaprochwa.oe674 (.text:AoAProc_HWAutil_configCommon)
                  007feea0    00000080     libcfarcaproc_hwa_xwr18xx.ae674 : cfarcaprochwa.oe674 (.text:CFARHWA_convHwaCfarDetListToDetMask)
                  007fef20    00000080                                     : cfarcaprochwa.oe674 (.text:CFARHWA_fovConvertRange)
                  007fefa0    00000080     objectdetection.oe674 (.text:DPC_ObjDet_GetAntGeometryDef)
                  007ff020    00000080     objectdetection.oe674 (.text:DPC_ObjectDetection_stop)
                  007ff0a0    00000080     librangeproc_hwa_xwr18xx.ae674 : rangeprochwa.oe674 (.text:DPU_RangeProcHWA_deinit)
                  007ff120    00000080     libstaticclutterproc_xwr18xx.ae674 : staticclutterproc.oe674 (.text:DPU_StaticClutterProc_init)
                  007ff1a0    00000080                                        : staticclutterproc.oe674 (.text:DPU_StaticClutterProc_waitInData)
                  007ff220    00000080                                        : staticclutterproc.oe674 (.text:DPU_StaticClutterProc_waitOutData)
                  007ff2a0    00000080     libedma_xwr18xx.ae674 : edma_low_level.oe674 (.text:EDMA3MapChToEvtQ)
                  007ff320    00000080                           : edma.oe674 (.text:EDMA_getTransferControllerErrorStatusInfo)
                  007ff3a0    00000080                           : edma.oe674 (.text:EDMA_linkParamSets)
                  007ff420    00000080     libhwa_xwr18xx.ae674 : hwa.oe674 (.text:HWA_reset)
                  007ff4a0    00000080                          : hwa.oe674 (.text:HWA_setDMA2ACCManualTrig)
                  007ff520    00000080     main.oe674 (.text:ObjectDetection_Test_DPCDeinit)
                  007ff5a0    00000010     libdpm_xwr18xx.ae674 : dpm_core.oe674 ($Tramp$S$$DPM_execute)
                  007ff5b0    00000010     rts6740_elf.lib : imath64.c.obj ($Tramp$S$$__c6xabi_divull)
                  007ff5c0    00000080     main.oe674 (.text:ObjectDetection_Test_hwaOpen)
                  007ff640    00000080     main.oe674 (.text:ObjectDetection_Test_initComponents)
                  007ff6c0    00000080     main.oe674 (.text:ObjectDetection_Test_startDPC)
                  007ff740    00000010     libdpm_xwr18xx.ae674 : dpm_core.oe674 ($Tramp$S$$DPM_init)
                  007ff750    00000010     rts6740_elf.lib : atan.c.obj ($Tramp$S$$atan)
                  007ff760    00000080     main.oe674 (.text:ObjectDetection_Test_stopDPC)
                  007ff7e0    00000010     libmmwavealg_xwr18xx.ae674 : mmwavelib_vecsubc.oe674 ($Tramp$S$$mmwavelib_vecsubc)
                  007ff7f0    00000010                                : mmwavelib_vecsum.oe674 ($Tramp$S$$mmwavelib_vecsum)
                  007ff800    00000080     main.oe674 (.text:ObjectDetection_Test_trigFrameStart)
                  007ff880    00000080     libosal_xwr18xx.ae674 : SemaphoreP_tirtos.oe674 (.text:SemaphoreP_create)
                  007ff900    00000080     rts6740_elf.lib : trgmsg.c.obj (.text:__TI_readmsg)
                  007ff980    00000080                     : fixdu.c.obj (.text:__c6xabi_fixdu)
                  007ffa00    00000080                     : llshift.c.obj (.text:__c6xabi_llshl)
                  007ffa80    00000080                     : snprintf.c.obj (.text:_outs)
                  007ffb00    00000080     sysbios.ae674 : c62_TaskSupport_asm.obj (.text:_ti_sysbios_family_c62_TaskSupport_swap__E)
                  007ffb80    00000080     librangeproc_hwa_xwr18xx.ae674 : rangeprochwa.oe674 (.text:rangeProcHWA_ConfigEDMATranspose)
                  007ffc00    00000080     rts6740_elf.lib : snprintf.c.obj (.text:snprintf)
                  007ffc80    00000080     dss_pe674.oe674 (.text:ti_sysbios_BIOS_atExitFunc__I)
                  007ffd00    00000080     dss_pe674.oe674 (.text:ti_sysbios_BIOS_registerRTSLock__I)
                  007ffd80    00000080     dss_pe674.oe674 (.text:ti_sysbios_gates_GateHwi_Object__create__S)
                  007ffe00    00000080     dss_pe674.oe674 (.text:ti_sysbios_gates_GateMutex_Object__create__S)
                  007ffe80    00000080     dss_pe674.oe674 (.text:ti_sysbios_heaps_HeapMem_Object__create__S)
                  007fff00    00000010     mathlib.ae674 : sqrtsp.oe674 ($Tramp$S$$sqrtsp)
                  007fff10    00000010     rts6740_elf.lib : divd.c.obj ($Tramp$S$$__c6xabi_divd)
                  007fff20    00000010     libtestlogger_xwr18xx.ae674 : logger.oe674 ($Tramp$S$$MCPI_setTestResult)
                  007fff30    00000010     rts6740_elf.lib : fclose.c.obj ($Tramp$S$$fclose)
                  007fff40    00000010     libdpm_xwr18xx.ae674 : dpm_core.oe674 ($Tramp$S$$DPM_ioctl)
                  007fff50    00000010     libtestlogger_xwr18xx.ae674 : logger.oe674 ($Tramp$S$$MCPI_setFeatureTestResult)
                  007fff60    00000010     gen_frame_data.oe674 ($Tramp$S$$genChirpData)
                  007fff70    00000010     gen_frame_data.oe674 ($Tramp$S$$initFrameData)
                  007fff80    00000010     rts6740_elf.lib : fread.c.obj ($Tramp$S$$fread)
                  007fff90    00000010                     : fopen.c.obj ($Tramp$S$$fopen)

.text.2    0    00800000    00003740     
                  00800000    00000080     sysbios.ae674 : BIOS.obj (.text:ti_sysbios_heaps_HeapMem_init__I)
                  00800080    00000080     dss_pe674.oe674 (.text:ti_sysbios_knl_Clock_doTick__I)
                  00800100    00000080     sysbios.ae674 : BIOS.obj (.text:ti_sysbios_knl_Idle_run__E)
                  00800180    00000080     dss_pe674.oe674 (.text:ti_sysbios_knl_Semaphore_create)
                  00800200    00000080     sysbios.ae674 : BIOS.obj (.text:ti_sysbios_knl_Swi_post__E)
                  00800280    00000080                   : BIOS.obj (.text:ti_sysbios_knl_Swi_startup__E)
                  00800300    00000080                   : BIOS.obj (.text:ti_sysbios_knl_Task_processVitalTaskFlag__I)
                  00800380    00000080                   : BIOS.obj (.text:ti_sysbios_knl_Task_restore__E)
                  00800400    00000080                   : BIOS.obj (.text:ti_sysbios_knl_Task_sleepTimeout__I)
                  00800480    00000080     dss_pe674.oe674 (.text:ti_sysbios_rts_MemAlloc_alloc)
                  00800500    00000080     sysbios.ae674 : BIOS.obj (.text:ti_sysbios_timers_rti_Timer_setPeriod__E)
                  00800580    00000080                   : BIOS.obj (.text:ti_sysbios_timers_rti_Timer_stop__E)
                  00800600    00000080     rts6740_elf.lib : unlink.c.obj (.text:unlink)
                  00800680    00000080     sysbios.ae674 : BIOS.obj (.text:xdc_runtime_System_avprintf__E)
                  00800700    00000080                   : BIOS.obj (.text:xdc_runtime_System_vprintf__E)
                  00800780    00000060     libaoaproc_hwa_xwr18xx.ae674 : aoaprochwa.oe674 (.text:AOAHWA_waitEdma)
                  008007e0    00000060     libcfarcaproc_hwa_xwr18xx.ae674 : cfarcaprochwa.oe674 (.text:CFARHWA_triggerCFAR)
                  00800840    00000060     objectdetection.oe674 (.text:DPC_ObjDet_GenDopplerWindow)
                  008008a0    00000060     objectdetection.oe674 (.text:DPC_ObjDet_MemPoolAlloc)
                  00800900    00000060     libaoaproc_hwa_xwr18xx.ae674 : aoaprochwa.oe674 (.text:DPU_AoAProcHWA_deinit)
                  00800960    00000060     libcfarcaproc_hwa_xwr18xx.ae674 : cfarcaprochwa.oe674 (.text:DPU_CFARCAProcHWA_deinit)
                  008009c0    00000060     libdopplerproc_hwa_xwr18xx.ae674 : dopplerprochwa.oe674 (.text:DPU_DopplerProcHWA_deinit)
                  00800a20    00000060     libstaticclutterproc_xwr18xx.ae674 : staticclutterproc.oe674 (.text:DPU_StaticClutterProc_deinit)
                  00800a80    00000060     libedma_xwr18xx.ae674 : edma_low_level.oe674 (.text:EDMA3ClrEvt)
                  00800ae0    00000060                           : edma_low_level.oe674 (.text:EDMA3ClrIntr)
                  00800b40    00000060                           : edma_low_level.oe674 (.text:EDMA3ClrMissEvt)
                  00800ba0    00000060                           : edma_low_level.oe674 (.text:EDMA3DisableDmaEvt)
                  00800c00    00000060                           : edma_low_level.oe674 (.text:EDMA3DisableEvtIntr)
                  00800c60    00000060                           : edma_low_level.oe674 (.text:EDMA3EnableDmaEvt)
                  00800cc0    00000060                           : edma_low_level.oe674 (.text:EDMA3EnableEvtIntr)
                  00800d20    00000060                           : edma_low_level.oe674 (.text:EDMA3SetEvt)
                  00800d80    00000060                           : edma.oe674 (.text:EDMA_configTransferControllerError)
                  00800de0    00000060                           : edma.oe674 (.text:EDMA_setDestinationAddress)
                  00800e40    00000060                           : edma.oe674 (.text:EDMA_setSourceAddress)
                  00800ea0    00000060                           : edma.oe674 (.text:EDMA_validate_channelIdchannelType)
                  00800f00    00000060     libhwa_xwr18xx.ae674 : hwa.oe674 (.text:HWA_allParamDoneISR)
                  00800f60    00000060     libmailbox_xwr18xx.ae674 : mailbox.oe674 (.text:Mailbox_Config_init)
                  00800fc0    00000060     main.oe674 (.text:ObjectDetection_Test_EDMA_errorCallbackFxn)
                  00801020    00000060     main.oe674 (.text:ObjectDetection_Test_EDMA_transferControllerErrorCallbackFxn)
                  00801080    00000060     main.oe674 (.text:ObjectDetection_Test_hwaClose)
                  008010e0    00000060     libsoc_xwr18xx.ae674 : soc_xwr18xx.oe674 (.text:SOC_enableHWA)
                  00801140    00000060                          : soc_xwr18xx.oe674 (.text:SOC_setDSSLinkState)
                  008011a0    00000060                          : soc.oe674 (.text:SOC_unhaltBSS)
                  00801200    00000060     rts6740_elf.lib : trgmsg.c.obj (.text:__TI_writemsg)
                  00801260    00000060                     : llshift.c.obj (.text:__c6xabi_llshru)
                  008012c0    00000060     sysbios.ae674 : c64p_Hwi_asm_switch.obj (.text:_ti_sysbios_family_c64p_Hwi_switchAndDispatch__I)
                  00801320    00000060                   : c64p_Hwi_asm_switch.obj (.text:_ti_sysbios_family_xxx_Hwi_switchAndRunFunc)
                  00801380    00000060     rts6740_elf.lib : lseek.c.obj (.text:lseek)
                  008013e0    00000060                     : memccpy.c.obj (.text:memccpy)
                  00801440    00000060                     : read.c.obj (.text:read)
                  008014a0    00000060                     : sprintf.c.obj (.text:sprintf)
                  00801500    00000060     dss_pe674.oe674 (.text:ti_sysbios_BIOS_errorRaiseHook__I)
                  00801560    00000060     dss_pe674.oe674 (.text:ti_sysbios_BIOS_removeRTSLock__I)
                  008015c0    00000060     dss_pe674.oe674 (.text:ti_sysbios_BIOS_startFunc__I)
                  00801620    00000060     sysbios.ae674 : BIOS.obj (.text:ti_sysbios_family_c62_TaskSupport_start__E)
                  00801680    00000060                   : BIOS.obj (.text:ti_sysbios_family_c64p_Cache_setMar__E)
                  008016e0    00000060                   : BIOS.obj (.text:ti_sysbios_family_c64p_EventCombiner_Module_startup__E)
                  00801740    00000060                   : BIOS.obj (.text:ti_sysbios_family_c64p_EventCombiner_unused__E)
                  008017a0    00000060     dss_pe674.oe674 (.text:ti_sysbios_gates_GateMutex_Object__delete__S)
                  00801800    00000060     sysbios.ae674 : BIOS.obj (.text:ti_sysbios_hal_Hwi_initStack)
                  00801860    00000060                   : BIOS.obj (.text:ti_sysbios_heaps_HeapMem_free__E)
                  008018c0    00000060                   : BIOS.obj (.text:ti_sysbios_knl_Clock_Module_startup__E)
                  00801920    00000060     dss_pe674.oe674 (.text:ti_sysbios_knl_Queue_construct)
                  00801980    00000060     dss_pe674.oe674 (.text:ti_sysbios_knl_Semaphore_Object__delete__S)
                  008019e0    00000060     dss_pe674.oe674 (.text:ti_sysbios_knl_Semaphore_construct)
                  00801a40    00000060     sysbios.ae674 : BIOS.obj (.text:ti_sysbios_knl_Swi_Module_startup__E)
                  00801aa0    00000060                   : BIOS.obj (.text:ti_sysbios_knl_Task_enter__I)
                  00801b00    00000060     rts6740_elf.lib : write.c.obj (.text:write)
                  00801b60    00000060     sysbios.ae674 : BIOS.obj (.text:xdc_runtime_SysStd_abort__E)
                  00801bc0    00000040     libhwa_xwr18xx.ae674 : hwa.oe674 (.text:CSL_FEXTR)
                  00801c00    00000040     libsoc_xwr18xx.ae674 : soc.oe674 (.text:CSL_FEXTR)
                  00801c40    00000040                          : soc_xwr18xx.oe674 (.text:CSL_FEXTR)
                  00801c80    00000040     libhwa_xwr18xx.ae674 : hwa.oe674 (.text:CSL_FINSR)
                  00801cc0    00000040     libmailbox_xwr18xx.ae674 : mailbox.oe674 (.text:CSL_FINSR)
                  00801d00    00000040     libsoc_xwr18xx.ae674 : soc.oe674 (.text:CSL_FINSR)
                  00801d40    00000040                          : soc_xwr18xx.oe674 (.text:CSL_FINSR)
                  00801d80    00000040                          : soc_xwr18xx_dss.oe674 (.text:CSL_FINSR)
                  00801dc0    00000040     objectdetection.oe674 (.text:DPC_ObjDet_GenRangeWindow)
                  00801e00    00000040     libedma_xwr18xx.ae674 : edma_low_level.oe674 (.text:EDMA3MapQdmaChToPaRAM)
                  00801e40    00000040                           : edma_low_level.oe674 (.text:EDMA3SetPaRAM)
                  00801e80    00000040                           : edma_low_level.oe674 (.text:EDMA3SetQdmaTrigWord)
                  00801ec0    00000040                           : edma.oe674 (.text:EDMA_clearTransferControllerErrors)
                  00801f00    00000040     libosal_xwr18xx.ae674 : HwiP_tirtos.oe674 (.text:HwiP_create)
                  00801f40    00000040                           : HwiP_tirtos.oe674 (.text:HwiP_delete)
                  00801f80    00000040     libmailbox_xwr18xx.ae674 : mailbox.oe674 (.text:Mailbox_boxEmptyISRBss)
                  00801fc0    00000040                              : mailbox.oe674 (.text:Mailbox_boxEmptyISRMssDss)
                  00802000    00000040                              : mailbox.oe674 (.text:Mailbox_boxFullISRBss)
                  00802040    00000040     main.oe674 (.text:ObjectDetection_Test_edmaClose)
                  00802080    00000040     libsoc_xwr18xx.ae674 : soc_xwr18xx_dss.oe674 (.text:SOC_getInAddr_LUTType)
                  008020c0    00000040                          : soc_xwr18xx_dss.oe674 (.text:SOC_getOutAddr_LUTType)
                  00802100    00000040                          : soc_xwr18xx.oe674 (.text:SOC_isMSSOperational)
                  00802140    00000040     rts6740_elf.lib : frcmpyd_div.c.obj (.text:__TI_frcmpyd_div)
                  00802180    00000040                     : isinf.c.obj (.text:__c6xabi_isinf)
                  008021c0    00000040                     : strasg.asm.obj (.text:__strasgi_64plus)
                  00802200    00000040                     : args_main.c.obj (.text:_args_main)
                  00802240    00000040                     : snprintf.c.obj (.text:_outc)
                  00802280    00000040                     : sprintf.c.obj (.text:_outs)
                  008022c0    00000040     sysbios.ae674 : c62_TaskSupport_asm.obj (.text:_ti_sysbios_family_c62_TaskSupport_buildTaskStack)
                  00802300    00000040     dss_pe674.oe674 (.text:free)
                  00802340    00000040     libmathutils.ae674 : mathutils.oe674 (.text:mathUtils_floorLog2)
                  00802380    00000040                        : mathutils.oe674 (.text:mathUtils_pow2roundup)
                  008023c0    00000040     librangeproc_hwa_xwr18xx.ae674 : rangeprochwa.oe674 (.text:rangeProcHWA_EDMA_transferCompletionCallbackFxn)
                  00802400    00000040     dss_pe674.oe674 (.text:ti_sysbios_BIOS_exitFunc__I)
                  00802440    00000040     dss_pe674.oe674 (.text:ti_sysbios_BIOS_rtsLock__I)
                  00802480    00000040     dss_pe674.oe674 (.text:ti_sysbios_BIOS_rtsUnlock__I)
                  008024c0    00000040     sysbios.ae674 : BIOS.obj (.text:ti_sysbios_family_c64p_Hwi_disableInterrupt__E)
                  00802500    00000040                   : BIOS.obj (.text:ti_sysbios_family_c64p_Hwi_enableInterrupt__E)
                  00802540    00000040     dss_pe674.oe674 (.text:ti_sysbios_gates_GateHwi_Handle__label__S)
                  00802580    00000040     dss_pe674.oe674 (.text:ti_sysbios_gates_GateHwi_Object__delete__S)
                  008025c0    00000040     dss_pe674.oe674 (.text:ti_sysbios_gates_GateMutex_Handle__label__S)
                  00802600    00000040     sysbios.ae674 : BIOS.obj (.text:ti_sysbios_gates_GateMutex_Instance_init__E)
                  00802640    00000040                   : BIOS.obj (.text:ti_sysbios_gates_GateMutex_leave__E)
                  00802680    00000040     dss_pe674.oe674 (.text:ti_sysbios_heaps_HeapMem_Handle__label__S)
                  008026c0    00000040     dss_pe674.oe674 (.text:ti_sysbios_heaps_HeapMem_Object__delete__S)
                  00802700    00000040     dss_pe674.oe674 (.text:ti_sysbios_heaps_HeapMem_Object__get__S)
                  00802740    00000040     dss_pe674.oe674 (.text:ti_sysbios_knl_Semaphore_destruct)
                  00802780    00000040     dss_pe674.oe674 (.text:ti_sysbios_knl_Swi_Object__get__S)
                  008027c0    00000040     dss_pe674.oe674 (.text:ti_sysbios_knl_Task_Object__get__S)
                  00802800    00000040     sysbios.ae674 : BIOS.obj (.text:ti_sysbios_timers_rti_Timer_periodicStub__E)
                  00802840    00000040     rts6740_elf.lib : wcslen.c.obj (.text:wcslen)
                  00802880    00000040     sysbios.ae674 : BIOS.obj (.text:xdc_runtime_Error_init__E)
                  008028c0    00000040     dss_pe674.oe674 (.text:xdc_runtime_System_aprintf__E)
                  00802900    00000040     dss_pe674.oe674 (.text:xdc_runtime_System_printf__E)
                  00802940    00000020     libaoaproc_hwa_xwr18xx.ae674 : aoaprochwa.oe674 (.text:AOAProcHWADoneIsrCallback)
                  00802960    00000020     libcfarcaproc_hwa_xwr18xx.ae674 : cfarcaprochwa.oe674 (.text:CFARCAHWADoneIsrCallback)
                  00802980    00000020     objectdetection.oe674 (.text:DPC_ObjDet_GetRangeWinGenLen)
                  008029a0    00000020     objectdetection.oe674 (.text:DPC_ObjDet_MemPoolReset)
                  008029c0    00000020     libaoaproc_hwa_xwr18xx.ae674 : aoaprochwa.oe674 (.text:DPU_AoAProcHWA_getNumHwaParamSets)
                  008029e0    00000020     libdopplerproc_hwa_xwr18xx.ae674 : dopplerprochwa.oe674 (.text:DPU_DopplerProcHWA_edmaDoneIsrCallback)
                  00802a00    00000020                                      : dopplerprochwa.oe674 (.text:DPU_DopplerProcHWA_hwaDoneIsrCallback)
                  00802a20    00000020     libedma_xwr18xx.ae674 : edma_low_level.oe674 (.text:EDMA3ChannelToParamMap)
                  00802a40    00000020                           : edma_low_level.oe674 (.text:EDMA3ClrCCErr)
                  00802a60    00000020                           : edma_low_level.oe674 (.text:EDMA3DisableQdmaEvt)
                  00802a80    00000020                           : edma_low_level.oe674 (.text:EDMA3EnableQdmaEvt)
                  00802aa0    00000020                           : edma_low_level.oe674 (.text:EDMA3ErrIntrHighStatusGet)
                  00802ac0    00000020                           : edma_low_level.oe674 (.text:EDMA3GetCCErrStatus)
                  00802ae0    00000020                           : edma_low_level.oe674 (.text:EDMA3GetErrIntrStatus)
                  00802b00    00000020                           : edma_low_level.oe674 (.text:EDMA3GetIntrStatus)
                  00802b20    00000020                           : edma_low_level.oe674 (.text:EDMA3IntrStatusHighGet)
                  00802b40    00000020                           : edma_low_level.oe674 (.text:EDMA3QdmaClrMissEvt)
                  00802b60    00000020                           : edma_low_level.oe674 (.text:EDMA3QdmaGetErrIntrStatus)
                  00802b80    00000020                           : edma.oe674 (.text:EDMA_getNumInstances)
                  00802ba0    00000020                           : edma_low_level.oe674 (.text:EDMAsetRegion)
                  00802bc0    00000020     libhwa_xwr18xx.ae674 : hwa.oe674 (.text:HWA_init)
                  00802be0    00000020     libosal_xwr18xx.ae674 : HwiP_tirtos.oe674 (.text:HwiP_Params_init)
                  00802c00    00000020                           : HwiP_tirtos.oe674 (.text:HwiP_disable)
                  00802c20    00000020                           : HwiP_tirtos.oe674 (.text:HwiP_disableInterrupt)
                  00802c40    00000020                           : HwiP_tirtos.oe674 (.text:HwiP_enableInterrupt)
                  00802c60    00000020                           : HwiP_tirtos.oe674 (.text:HwiP_restore)
                  00802c80    00000020                           : MemoryP_tirtos.oe674 (.text:MemoryP_ctrlAlloc)
                  00802ca0    00000020                           : MemoryP_tirtos.oe674 (.text:MemoryP_ctrlFree)
                  00802cc0    00000020                           : MemoryP_tirtos.oe674 (.text:MemoryP_getStats)
                  00802ce0    00000020     libsoc_xwr18xx.ae674 : soc_xwr18xx.oe674 (.text:SOC_ungateClock)
                  00802d00    00000020     libosal_xwr18xx.ae674 : SemaphoreP_tirtos.oe674 (.text:SemaphoreP_Params_init)
                  00802d20    00000020                           : SemaphoreP_tirtos.oe674 (.text:SemaphoreP_delete)
                  00802d40    00000020                           : SemaphoreP_tirtos.oe674 (.text:SemaphoreP_pend)
                  00802d60    00000020                           : SemaphoreP_tirtos.oe674 (.text:SemaphoreP_post)
                  00802d80    00000020                           : DebugP_tirtos.oe674 (.text:_DebugP_assert)
                  00802da0    00000020     rts6740_elf.lib : errno.c.obj (.text:__c6xabi_errno_addr)
                  00802dc0    00000020                     : trunc.c.obj (.text:__c6xabi_trunc)
                  00802de0    00000020                     : push.asm.obj (.text:__pop_rts)
                  00802e00    00000020                     : push.asm.obj (.text:__push_rts)
                  00802e20    00000020                     : _lock.c.obj (.text:_nop)
                  00802e40    00000020                     : printf.c.obj (.text:_outc)
                  00802e60    00000020                     : sprintf.c.obj (.text:_outc)
                  00802e80    00000020                     : printf.c.obj (.text:_outs)
                  00802ea0    00000020                     : _lock.c.obj (.text:_register_lock)
                  00802ec0    00000020                     : _lock.c.obj (.text:_register_unlock)
                  00802ee0    00000020                     : signbit.c.obj (.text:_signbit)
                  00802f00    00000020     sysbios.ae674 : c62_TaskSupport_asm.obj (.text:_ti_sysbios_family_c62_TaskSupport_glue)
                  00802f20    00000020     rts6740_elf.lib : exit.c.obj (.text:abort)
                  00802f40    00000020                     : llabs.c.obj (.text:llabs)
                  00802f60    00000020     libmathutils.ae674 : mathutils.oe674 (.text:mathUtils_ceilLog2)
                  00802f80    00000020     rts6740_elf.lib : fputc.c.obj (.text:putchar)
                  00802fa0    00000020     librangeproc_hwa_xwr18xx.ae674 : rangeprochwa.oe674 (.text:rangeProcHWADoneIsrCallback)
                  00802fc0    00000020     dss_pe674.oe674 (.text:ti_sysbios_BIOS_RtsGateProxy_enter__E)
                  00802fe0    00000020     dss_pe674.oe674 (.text:ti_sysbios_BIOS_RtsGateProxy_leave__E)
                  00803000    00000020     sysbios.ae674 : BIOS.obj (.text:ti_sysbios_BIOS_exit__E)
                  00803020    00000020                   : BIOS.obj (.text:ti_sysbios_BIOS_getCpuFreq__E)
                  00803040    00000020                   : BIOS.obj (.text:ti_sysbios_BIOS_linkedWithIncorrectBootLibrary__E)
                  00803060    00000020     dss_pe674.oe674 (.text:ti_sysbios_BIOS_nullFunc__I)
                  00803080    00000020     sysbios.ae674 : BIOS.obj (.text:ti_sysbios_BIOS_setThreadType__E)
                  008030a0    00000020                   : BIOS.obj (.text:ti_sysbios_BIOS_start__E)
                  008030c0    00000020     dss_pe674.oe674 (.text:ti_sysbios_family_c62_TaskSupport_Module__startupDone__S)
                  008030e0    00000020     sysbios.ae674 : BIOS.obj (.text:ti_sysbios_family_c62_TaskSupport_checkStack__E)
                  00803100    00000020                   : BIOS.obj (.text:ti_sysbios_family_c62_TaskSupport_getStackAlignment__E)
                  00803120    00000020     dss_pe674.oe674 (.text:ti_sysbios_family_c64p_Hwi_Module__startupDone__F)
                  00803140    00000020     sysbios.ae674 : BIOS.obj (.text:ti_sysbios_family_c64p_Hwi_clearInterrupt__E)
                  00803160    00000020                   : BIOS.obj (.text:ti_sysbios_family_c64p_Hwi_startup__E)
                  00803180    00000020                   : BIOS.obj (.text:ti_sysbios_family_c64p_Hwi_switchFromBootStack__E)
                  008031a0    00000020                   : BIOS.obj (.text:ti_sysbios_family_c64p_TimestampProvider_Module_startup__E)
                  008031c0    00000020                   : BIOS.obj (.text:ti_sysbios_family_c64p_TimestampProvider_get32__E)
                  008031e0    00000020                   : BIOS.obj (.text:ti_sysbios_gates_GateHwi_Instance_init__E)
                  00803200    00000020                   : BIOS.obj (.text:ti_sysbios_gates_GateHwi_enter__E)
                  00803220    00000020                   : BIOS.obj (.text:ti_sysbios_gates_GateHwi_leave__E)
                  00803240    00000020                   : BIOS.obj (.text:ti_sysbios_gates_GateHwi_query__E)
                  00803260    00000020                   : BIOS.obj (.text:ti_sysbios_gates_GateMutex_Instance_finalize__E)
                  00803280    00000020                   : BIOS.obj (.text:ti_sysbios_gates_GateMutex_query__E)
                  008032a0    00000020                   : BIOS.obj (.text:ti_sysbios_hal_Hwi_Module_startup__E)
                  008032c0    00000020     dss_pe674.oe674 (.text:ti_sysbios_heaps_HeapBuf_Object__get__S)
                  008032e0    00000020     dss_pe674.oe674 (.text:ti_sysbios_heaps_HeapMem_Module_GateProxy_enter__E)
                  00803300    00000020     dss_pe674.oe674 (.text:ti_sysbios_heaps_HeapMem_Module_GateProxy_leave__E)
                  00803320    00000020     sysbios.ae674 : BIOS.obj (.text:ti_sysbios_heaps_HeapMem_isBlocking__E)
                  00803340    00000020     dss_pe674.oe674 (.text:ti_sysbios_knl_Clock_TimerProxy_getMaxTicks__E)
                  00803360    00000020     sysbios.ae674 : BIOS.obj (.text:ti_sysbios_knl_Clock_logTick__E)
                  00803380    00000020                   : BIOS.obj (.text:ti_sysbios_knl_Idle_loop__E)
                  008033a0    00000020                   : BIOS.obj (.text:ti_sysbios_knl_Queue_Instance_init__E)
                  008033c0    00000020     dss_pe674.oe674 (.text:ti_sysbios_knl_Queue_Object__get__S)
                  008033e0    00000020     dss_pe674.oe674 (.text:ti_sysbios_knl_Queue_destruct)
                  00803400    00000020     sysbios.ae674 : BIOS.obj (.text:ti_sysbios_knl_Queue_empty__E)
                  00803420    00000020                   : BIOS.obj (.text:ti_sysbios_knl_Semaphore_Instance_finalize__E)
                  00803440    00000020     dss_pe674.oe674 (.text:ti_sysbios_knl_Semaphore_Params__init__S)
                  00803460    00000020     dss_pe674.oe674 (.text:ti_sysbios_knl_Semaphore_delete)
                  00803480    00000020     sysbios.ae674 : BIOS.obj (.text:ti_sysbios_knl_Swi_disable__E)
                  008034a0    00000020     dss_pe674.oe674 (.text:ti_sysbios_knl_Task_Params__init__S)
                  008034c0    00000020     sysbios.ae674 : BIOS.obj (.text:ti_sysbios_knl_Task_disable__E)
                  008034e0    00000020                   : BIOS.obj (.text:ti_sysbios_knl_Task_startup__E)
                  00803500    00000020     dss_pe674.oe674 (.text:ti_sysbios_timers_rti_Timer_Module__startupDone__F)
                  00803520    00000020     sysbios.ae674 : BIOS.obj (.text:ti_sysbios_timers_rti_Timer_getMaxTicks__E)
                  00803540    00000020                   : BIOS.obj (.text:ti_sysbios_utils_Load_taskRegHook__E)
                  00803560    00000020     dss_pe674.oe674 (.text:xdc_runtime_IHeap_alloc)
                  00803580    00000020     dss_pe674.oe674 (.text:xdc_runtime_IHeap_free)
                  008035a0    00000020     dss_pe674.oe674 (.text:xdc_runtime_IHeap_getStats)
                  008035c0    00000020     sysbios.ae674 : BIOS.obj (.text:xdc_runtime_Memory_free__E)
                  008035e0    00000020                   : BIOS.obj (.text:xdc_runtime_Memory_getStats__E)
                  00803600    00000020     dss_pe674.oe674 (.text:xdc_runtime_Startup_exec__I)
                  00803620    00000020     dss_pe674.oe674 (.text:xdc_runtime_Startup_reset__I)
                  00803640    00000020     sysbios.ae674 : BIOS.obj (.text:xdc_runtime_Startup_rtsDone__E)
                  00803660    00000020                   : BIOS.obj (.text:xdc_runtime_SysStd_exit__E)
                  00803680    00000020                   : BIOS.obj (.text:xdc_runtime_SysStd_putch__E)
                  008036a0    00000020                   : BIOS.obj (.text:xdc_runtime_SysStd_ready__E)
                  008036c0    00000020     dss_pe674.oe674 (.text:xdc_runtime_System_Module_GateProxy_enter__E)
                  008036e0    00000020     dss_pe674.oe674 (.text:xdc_runtime_System_Module_GateProxy_leave__E)
                  00803700    00000020     sysbios.ae674 : BIOS.obj (.text:xdc_runtime_System_Module_startup__E)
                  00803720    00000020     dss_pe674.oe674 (.text:xdc_runtime_Text_visitRope__I)

.const.1   0    00803f40    000000c0     
                  00803f40    00000094     libtestlogger_xwr18xx.ae674 : logger.oe674 (.const:.string)
                  00803fd4    0000002c     gen_frame_data.oe674 (.const:.string)

.l2Heap    0    00804000    0000a000     UNINITIALIZED
                  00804000    0000a000     main.oe674 (.l2Heap)

systemHeap 
*          0    0080e000    00008000     UNINITIALIZED
                  0080e000    00008000     dss_pe674.oe674 (systemHeap)

.far       0    00816000    0000195c     UNINITIALIZED
                  00816000    000008d8     (.common:gGenFrameDataObj)
                  008168d8    000006f8     libedma_xwr18xx.ae674 : edma.oe674 (.far:EDMA_object)
                  00816fd0    00000430     (.common:gDataPathObj)
                  00817400    00000400     dss_pe674.oe674 (.far:taskStackSection)
                  00817800    00000140     (.common:__TI_tmpnams)
                  00817940    00000010     (.common:edmaDbg)
                  00817950    00000008     (.common:parmbuf)
                  00817958    00000004     (.common:ti_sysbios_knl_Task_Instance_State_0_hookEnv__A)

.cio       0    00817960    00000120     UNINITIALIZED
                  00817960    00000120     rts6740_elf.lib : trgmsg.c.obj (.cio)

.const.2   0    00817a80    00003314     
                  00817a80    00001a46     dss_pe674.oe674 (.const:xdc_runtime_Text_charTab__A)
                  008194c6    00000002     dss_pe674.oe674 (.const:ti_sysbios_family_c64p_Cache_Module__id__C)
                  008194c8    00000910     main.oe674 (.const:.string)
                  00819dd8    00000630     sysbios.ae674 : BIOS.obj (.const:.string)
                  0081a408    00000101     rts6740_elf.lib : ctype.c.obj (.const:.string:_ctypes_)
                  0081a509    00000001     --HOLE-- [fill = 0]
                  0081a50a    00000002     dss_pe674.oe674 (.const:ti_sysbios_family_c64p_EventCombiner_Module__id__C)
                  0081a50c    00000004     dss_pe674.oe674 (.const:ti_sysbios_family_c62_TaskSupport_stackAlignment__C)
                  0081a510    000000dc     dss_pe674.oe674 (.const:xdc_runtime_Text_nodeTab__A)
                  0081a5ec    00000074     dss_pe674.oe674 (.const:.string)
                  0081a660    00000058     libedma_xwr18xx.ae674 : edma.oe674 (.const:.string)
                  0081a6b8    0000004c     libmailbox_xwr18xx.ae674 : mailbox.oe674 (.const:.string)
                  0081a704    00000044     dss_pe674.oe674 (.const:ti_sysbios_knl_Task_Object__PARAMS__C)
                  0081a748    00000040     libhwa_xwr18xx.ae674 : hwa.oe674 (.const:gHwaTrigSignatures)
                  0081a788    0000003c     libsoc_xwr18xx.ae674 : soc_xwr18xx_dss.oe674 (.const:.string)
                  0081a7c4    00000004     dss_pe674.oe674 (.const:ti_sysbios_family_c64p_Cache_E_invalidL1CacheSize__C)
                  0081a7c8    00000038     libedma_xwr18xx.ae674 : edma_xwr1xxx.oe674 (.const:gEdmaHwAttrs)
                  0081a800    00000030     dss_pe674.oe674 (.const:xdc_runtime_Startup_sfxnTab__A)
                  0081a830    00000028     libdpm_xwr18xx.ae674 : dpm_msg.oe674 (.const:gDPMMessageFxnTable)
                  0081a858    00000028     dss_pe674.oe674 (.const:ti_sysbios_heaps_HeapMem_Module__FXNS__C)
                  0081a880    00000024     rts6740_elf.lib : _printfi.c.obj (.const:.string)
                  0081a8a4    00000024     libmailbox_xwr18xx.ae674 : mailbox.oe674 (.const:Mailbox_defaultCfg)
                  0081a8c8    00000024     dss_pe674.oe674 (.const:ti_sysbios_gates_GateHwi_Module__FXNS__C)
                  0081a8ec    00000024     dss_pe674.oe674 (.const:ti_sysbios_gates_GateMutex_Module__FXNS__C)
                  0081a910    00000024     dss_pe674.oe674 (.const:ti_sysbios_heaps_HeapMem_Object__PARAMS__C)
                  0081a934    00000024     dss_pe674.oe674 (.const:ti_sysbios_knl_Semaphore_Object__PARAMS__C)
                  0081a958    00000020     libhwa_xwr18xx.ae674 : hwa.oe674 (.const:$P$T0$1)
                  0081a978    00000020                          : hwa.oe674 (.const:.string)
                  0081a998    00000020     libosal_xwr18xx.ae674 : SemaphoreP_tirtos.oe674 (.const:.string)
                  0081a9b8    00000020     dss_pe674.oe674 (.const:ti_sysbios_gates_GateHwi_Object__DESC__C)
                  0081a9d8    00000020     dss_pe674.oe674 (.const:ti_sysbios_gates_GateMutex_Object__DESC__C)
                  0081a9f8    00000020     dss_pe674.oe674 (.const:ti_sysbios_heaps_HeapMem_Object__DESC__C)
                  0081aa18    00000020     dss_pe674.oe674 (.const:ti_sysbios_knl_Queue_Object__DESC__C)
                  0081aa38    00000020     dss_pe674.oe674 (.const:ti_sysbios_knl_Semaphore_Object__DESC__C)
                  0081aa58    00000020     dss_pe674.oe674 (.const:ti_sysbios_knl_Task_Object__DESC__C)
                  0081aa78    0000001c     libosal_xwr18xx.ae674 : HwiP_tirtos.oe674 (.const:.string)
                  0081aa94    00000018     objectdetection.oe674 (.const:.string)
                  0081aaac    00000018     dss_pe674.oe674 (.const:ti_sysbios_gates_GateHwi_Object__PARAMS__C)
                  0081aac4    00000018     dss_pe674.oe674 (.const:ti_sysbios_gates_GateMutex_Object__PARAMS__C)
                  0081aadc    00000018     dss_pe674.oe674 (.const:ti_sysbios_knl_Queue_Object__PARAMS__C)
                  0081aaf4    00000004     dss_pe674.oe674 (.const:ti_sysbios_family_c64p_Cache_E_invalidL2CacheSize__C)
                  0081aaf8    00000018     dss_pe674.oe674 (.const:ti_sysbios_knl_Task_hooks__A)
                  0081ab10    00000018     dss_pe674.oe674 (.const:xdc_runtime_Startup_sfxnRts__A)
                  0081ab28    00000014     libdpm_xwr18xx.ae674 : dpm_mailbox.oe674 (.const:.string)
                  0081ab3c    00000010                          : dpm_core.oe674 (.const:.string)
                  0081ab4c    00000010                          : dpm_msg.oe674 (.const:.string)
                  0081ab5c    00000010                          : dpm_pipe.oe674 (.const:.string)
                  0081ab6c    00000004     dss_pe674.oe674 (.const:ti_sysbios_family_c64p_Cache_MAR0_31__C)
                  0081ab70    00000010     libedma_xwr18xx.ae674 : edma.oe674 (.const:EDMA_config$1)
                  0081ab80    00000010     dss_pe674.oe674 (.const:ti_sysbios_family_c64p_EventCombiner_EVTMASK__C)
                  0081ab90    00000008     dss_pe674.oe674 (.const:ti_sysbios_knl_Idle_funcList__A)
                  0081ab98    00000008     dss_pe674.oe674 (.const:ti_sysbios_knl_Idle_funcList__C)
                  0081aba0    00000008     dss_pe674.oe674 (.const:ti_sysbios_knl_Task_hooks__C)
                  0081aba8    00000008     dss_pe674.oe674 (.const:xdc_runtime_Startup_firstFxns__A)
                  0081abb0    00000008     dss_pe674.oe674 (.const:xdc_runtime_Startup_firstFxns__C)
                  0081abb8    00000008     dss_pe674.oe674 (.const:xdc_runtime_Startup_lastFxns__C)
                  0081abc0    00000004     dss_pe674.oe674 (.const:ti_sysbios_family_c64p_Cache_MAR128_159__C)
                  0081abc4    00000004     dss_pe674.oe674 (.const:ti_sysbios_family_c64p_Cache_MAR160_191__C)
                  0081abc8    00000004     dss_pe674.oe674 (.const:ti_sysbios_family_c64p_Cache_MAR192_223__C)
                  0081abcc    00000004     dss_pe674.oe674 (.const:ti_sysbios_family_c64p_Cache_MAR224_255__C)
                  0081abd0    00000004     dss_pe674.oe674 (.const:ti_sysbios_family_c64p_Cache_MAR32_63__C)
                  0081abd4    00000004     dss_pe674.oe674 (.const:ti_sysbios_family_c64p_Cache_MAR64_95__C)
                  0081abd8    00000004     dss_pe674.oe674 (.const:ti_sysbios_family_c64p_Cache_MAR96_127__C)
                  0081abdc    00000004     dss_pe674.oe674 (.const:ti_sysbios_family_c64p_EventCombiner_A_invalidEventId__C)
                  0081abe0    00000004     dss_pe674.oe674 (.const:ti_sysbios_family_c64p_EventCombiner_EVTRegs__C)
                  0081abe4    00000004     dss_pe674.oe674 (.const:ti_sysbios_family_c64p_EventCombiner_E_unpluggedEvent__C)
                  0081abe8    00000004     dss_pe674.oe674 (.const:ti_sysbios_family_c64p_EventCombiner_Module__diagsEnabled__C)
                  0081abec    00000004     dss_pe674.oe674 (.const:ti_sysbios_family_c64p_EventCombiner_Module__diagsIncluded__C)
                  0081abf0    00000004     dss_pe674.oe674 (.const:ti_sysbios_family_c64p_EventCombiner_Module__diagsMask__C)
                  0081abf4    00000004     dss_pe674.oe674 (.const:ti_sysbios_family_c64p_Exception_E_exceptionMax__C)
                  0081abf8    00000004     dss_pe674.oe674 (.const:ti_sysbios_family_c64p_Exception_exceptionHook__C)
                  0081abfc    00000004     dss_pe674.oe674 (.const:ti_sysbios_family_c64p_Exception_externalHook__C)
                  0081ac00    00000004     dss_pe674.oe674 (.const:ti_sysbios_family_c64p_Exception_internalHook__C)
                  0081ac04    00000004     dss_pe674.oe674 (.const:ti_sysbios_family_c64p_Exception_nmiHook__C)
                  0081ac08    00000004     dss_pe674.oe674 (.const:ti_sysbios_family_c64p_Hwi_INTRMUX1Address__C)
                  0081ac0c    00000004     dss_pe674.oe674 (.const:ti_sysbios_gates_GateMutex_A_badContext__C)
                  0081ac10    00000004     dss_pe674.oe674 (.const:ti_sysbios_gates_GateMutex_Instance_State_sem__O)
                  0081ac14    00000004     dss_pe674.oe674 (.const:ti_sysbios_gates_GateMutex_Module__diagsEnabled__C)
                  0081ac18    00000004     dss_pe674.oe674 (.const:ti_sysbios_gates_GateMutex_Module__diagsIncluded__C)
                  0081ac1c    00000004     dss_pe674.oe674 (.const:ti_sysbios_gates_GateMutex_Module__diagsMask__C)
                  0081ac20    00000004     dss_pe674.oe674 (.const:ti_sysbios_hal_Hwi_E_stackOverflow__C)
                  0081ac24    00000004     dss_pe674.oe674 (.const:ti_sysbios_heaps_HeapBuf_Instance_State_freeList__O)
                  0081ac28    00000004     dss_pe674.oe674 (.const:ti_sysbios_heaps_HeapBuf_Object__count__C)
                  0081ac2c    00000004     dss_pe674.oe674 (.const:ti_sysbios_heaps_HeapBuf_numConstructedHeaps__C)
                  0081ac30    00000004     dss_pe674.oe674 (.const:ti_sysbios_heaps_HeapMem_A_align__C)
                  0081ac34    00000004     dss_pe674.oe674 (.const:ti_sysbios_heaps_HeapMem_A_heapSize__C)
                  0081ac38    00000004     dss_pe674.oe674 (.const:ti_sysbios_heaps_HeapMem_A_invalidFree__C)
                  0081ac3c    00000004     dss_pe674.oe674 (.const:ti_sysbios_heaps_HeapMem_A_zeroBlock__C)
                  0081ac40    00000004     dss_pe674.oe674 (.const:ti_sysbios_heaps_HeapMem_E_memory__C)
                  0081ac44    00000004     dss_pe674.oe674 (.const:ti_sysbios_heaps_HeapMem_Module__diagsEnabled__C)
                  0081ac48    00000004     dss_pe674.oe674 (.const:ti_sysbios_heaps_HeapMem_Module__diagsIncluded__C)
                  0081ac4c    00000004     dss_pe674.oe674 (.const:ti_sysbios_heaps_HeapMem_Module__diagsMask__C)
                  0081ac50    00000004     dss_pe674.oe674 (.const:ti_sysbios_heaps_HeapMem_Module__gateObj__C)
                  0081ac54    00000004     dss_pe674.oe674 (.const:ti_sysbios_heaps_HeapMem_Object__count__C)
                  0081ac58    00000004     dss_pe674.oe674 (.const:ti_sysbios_heaps_HeapMem_reqAlign__C)
                  0081ac5c    00000004     dss_pe674.oe674 (.const:ti_sysbios_knl_Clock_Module_State_clockQ__O)
                  0081ac60    00000004     dss_pe674.oe674 (.const:ti_sysbios_knl_Semaphore_A_badContext__C)
                  0081ac64    00000004     dss_pe674.oe674 (.const:ti_sysbios_knl_Semaphore_A_noEvents__C)
                  0081ac68    00000004     dss_pe674.oe674 (.const:ti_sysbios_knl_Semaphore_A_overflow__C)
                  0081ac6c    00000004     dss_pe674.oe674 (.const:ti_sysbios_knl_Semaphore_A_pendTaskDisabled__C)
                  0081ac70    00000004     dss_pe674.oe674 (.const:ti_sysbios_knl_Semaphore_Instance_State_pendQ__O)
                  0081ac74    00000004     dss_pe674.oe674 (.const:ti_sysbios_knl_Semaphore_Module__diagsEnabled__C)
                  0081ac78    00000004     dss_pe674.oe674 (.const:ti_sysbios_knl_Semaphore_Module__diagsIncluded__C)
                  0081ac7c    00000004     dss_pe674.oe674 (.const:ti_sysbios_knl_Semaphore_Module__diagsMask__C)
                  0081ac80    00000004     dss_pe674.oe674 (.const:ti_sysbios_knl_Swi_Object__count__C)
                  0081ac84    00000004     dss_pe674.oe674 (.const:ti_sysbios_knl_Task_A_badPriority__C)
                  0081ac88    00000004     dss_pe674.oe674 (.const:ti_sysbios_knl_Task_A_badTaskState__C)
                  0081ac8c    00000004     dss_pe674.oe674 (.const:ti_sysbios_knl_Task_A_badThreadType__C)
                  0081ac90    00000004     dss_pe674.oe674 (.const:ti_sysbios_knl_Task_A_badTimeout__C)
                  0081ac94    00000004     dss_pe674.oe674 (.const:ti_sysbios_knl_Task_A_noPendElem__C)
                  0081ac98    00000004     dss_pe674.oe674 (.const:ti_sysbios_knl_Task_A_sleepTaskDisabled__C)
                  0081ac9c    00000004     dss_pe674.oe674 (.const:ti_sysbios_knl_Task_E_spOutOfBounds__C)
                  0081aca0    00000004     dss_pe674.oe674 (.const:ti_sysbios_knl_Task_E_stackOverflow__C)
                  0081aca4    00000004     dss_pe674.oe674 (.const:ti_sysbios_knl_Task_Module_State_inactiveQ__O)
                  0081aca8    00000004     dss_pe674.oe674 (.const:ti_sysbios_knl_Task_Module__diagsEnabled__C)
                  0081acac    00000004     dss_pe674.oe674 (.const:ti_sysbios_knl_Task_Module__diagsIncluded__C)
                  0081acb0    00000004     dss_pe674.oe674 (.const:ti_sysbios_knl_Task_Module__diagsMask__C)
                  0081acb4    00000004     dss_pe674.oe674 (.const:ti_sysbios_knl_Task_Object__count__C)
                  0081acb8    00000004     dss_pe674.oe674 (.const:ti_sysbios_knl_Task_Object__heap__C)
                  0081acbc    00000004     dss_pe674.oe674 (.const:ti_sysbios_knl_Task_allBlockedFunc__C)
                  0081acc0    00000004     dss_pe674.oe674 (.const:ti_sysbios_knl_Task_defaultStackHeap__C)
                  0081acc4    00000004     dss_pe674.oe674 (.const:ti_sysbios_knl_Task_defaultStackSize__C)
                  0081acc8    00000004     dss_pe674.oe674 (.const:ti_sysbios_knl_Task_numConstructedTasks__C)
                  0081accc    00000004     dss_pe674.oe674 (.const:ti_sysbios_timers_rti_Timer_E_cannotSupport__C)
                  0081acd0    00000004     dss_pe674.oe674 (.const:ti_sysbios_timers_rti_Timer_Module__diagsEnabled__C)
                  0081acd4    00000004     dss_pe674.oe674 (.const:ti_sysbios_timers_rti_Timer_Module__diagsIncluded__C)
                  0081acd8    00000004     dss_pe674.oe674 (.const:ti_sysbios_timers_rti_Timer_Module__diagsMask__C)
                  0081acdc    00000004     dss_pe674.oe674 (.const:ti_sysbios_timers_rti_Timer_numTimerDevices__C)
                  0081ace0    00000004     dss_pe674.oe674 (.const:ti_sysbios_timers_rti_Timer_startupNeeded__C)
                  0081ace4    00000004     dss_pe674.oe674 (.const:ti_sysbios_utils_Load_Module_State_taskList__O)
                  0081ace8    00000004     dss_pe674.oe674 (.const:ti_sysbios_utils_Load_Module__diagsEnabled__C)
                  0081acec    00000004     dss_pe674.oe674 (.const:ti_sysbios_utils_Load_Module__diagsIncluded__C)
                  0081acf0    00000004     dss_pe674.oe674 (.const:ti_sysbios_utils_Load_Module__diagsMask__C)
                  0081acf4    00000004     dss_pe674.oe674 (.const:ti_sysbios_utils_Load_postUpdate__C)
                  0081acf8    00000004     dss_pe674.oe674 (.const:ti_sysbios_utils_Load_windowInMs__C)
                  0081acfc    00000004     dss_pe674.oe674 (.const:xdc_runtime_Assert_E_assertFailed__C)
                  0081ad00    00000004     dss_pe674.oe674 (.const:xdc_runtime_Core_A_initializedParams__C)
                  0081ad04    00000004     dss_pe674.oe674 (.const:xdc_runtime_Core_Module__diagsEnabled__C)
                  0081ad08    00000004     dss_pe674.oe674 (.const:xdc_runtime_Core_Module__diagsIncluded__C)
                  0081ad0c    00000004     dss_pe674.oe674 (.const:xdc_runtime_Core_Module__diagsMask__C)
                  0081ad10    00000004     dss_pe674.oe674 (.const:xdc_runtime_Error_E_memory__C)
                  0081ad14    00000004     dss_pe674.oe674 (.const:xdc_runtime_Error_policyFxn__C)
                  0081ad18    00000004     dss_pe674.oe674 (.const:xdc_runtime_Error_policy__C)
                  0081ad1c    00000004     dss_pe674.oe674 (.const:xdc_runtime_Error_raiseHook__C)
                  0081ad20    00000004     dss_pe674.oe674 (.const:xdc_runtime_IGateProvider_Interface__BASE__C)
[...]
0081aaf8  ti_sysbios_knl_Task_hooks__A                                 
0081ab10  xdc_runtime_Startup_sfxnRts__A                               
0081ab6c  ti_sysbios_family_c64p_Cache_MAR0_31__C                      
0081ab80  ti_sysbios_family_c64p_EventCombiner_EVTMASK__C              
0081ab90  ti_sysbios_knl_Idle_funcList__A                              
0081ab98  ti_sysbios_knl_Idle_funcList__C                              
0081aba0  ti_sysbios_knl_Task_hooks__C                                 
0081aba8  xdc_runtime_Startup_firstFxns__A                             
0081abb0  xdc_runtime_Startup_firstFxns__C                             
0081abb8  xdc_runtime_Startup_lastFxns__C                              
0081abc0  ti_sysbios_family_c64p_Cache_MAR128_159__C                   
0081abc4  ti_sysbios_family_c64p_Cache_MAR160_191__C                   
0081abc8  ti_sysbios_family_c64p_Cache_MAR192_223__C                   
0081abcc  ti_sysbios_family_c64p_Cache_MAR224_255__C                   
0081abd0  ti_sysbios_family_c64p_Cache_MAR32_63__C                     
0081abd4  ti_sysbios_family_c64p_Cache_MAR64_95__C                     
0081abd8  ti_sysbios_family_c64p_Cache_MAR96_127__C                    
0081abdc  ti_sysbios_family_c64p_EventCombiner_A_invalidEventId__C     
0081abe0  ti_sysbios_family_c64p_EventCombiner_EVTRegs__C              
0081abe4  ti_sysbios_family_c64p_EventCombiner_E_unpluggedEvent__C     
0081abe8  ti_sysbios_family_c64p_EventCombiner_Module__diagsEnabled__C 
0081abec  ti_sysbios_family_c64p_EventCombiner_Module__diagsIncluded__C
0081abf0  ti_sysbios_family_c64p_EventCombiner_Module__diagsMask__C    
0081abf4  ti_sysbios_family_c64p_Exception_E_exceptionMax__C           
0081abf8  ti_sysbios_family_c64p_Exception_exceptionHook__C            
0081abfc  ti_sysbios_family_c64p_Exception_externalHook__C             
0081ac00  ti_sysbios_family_c64p_Exception_internalHook__C             
0081ac04  ti_sysbios_family_c64p_Exception_nmiHook__C                  
0081ac08  ti_sysbios_family_c64p_Hwi_INTRMUX1Address__C                
0081ac0c  ti_sysbios_gates_GateMutex_A_badContext__C                   
0081ac10  ti_sysbios_gates_GateMutex_Instance_State_sem__O             
0081ac14  ti_sysbios_gates_GateMutex_Module__diagsEnabled__C           
0081ac18  ti_sysbios_gates_GateMutex_Module__diagsIncluded__C          
0081ac1c  ti_sysbios_gates_GateMutex_Module__diagsMask__C              
0081ac20  ti_sysbios_hal_Hwi_E_stackOverflow__C                        
0081ac24  ti_sysbios_heaps_HeapBuf_Instance_State_freeList__O          
0081ac28  ti_sysbios_heaps_HeapBuf_Object__count__C                    
0081ac2c  ti_sysbios_heaps_HeapBuf_numConstructedHeaps__C              
0081ac30  ti_sysbios_heaps_HeapMem_A_align__C                          
0081ac34  ti_sysbios_heaps_HeapMem_A_heapSize__C                       
0081ac38  ti_sysbios_heaps_HeapMem_A_invalidFree__C                    
0081ac3c  ti_sysbios_heaps_HeapMem_A_zeroBlock__C                      
0081ac40  ti_sysbios_heaps_HeapMem_E_memory__C                         
0081ac44  ti_sysbios_heaps_HeapMem_Module__diagsEnabled__C             
0081ac48  ti_sysbios_heaps_HeapMem_Module__diagsIncluded__C            
0081ac4c  ti_sysbios_heaps_HeapMem_Module__diagsMask__C                
0081ac50  ti_sysbios_heaps_HeapMem_Module__gateObj__C                  
0081ac54  ti_sysbios_heaps_HeapMem_Object__count__C                    
0081ac58  ti_sysbios_heaps_HeapMem_reqAlign__C                         
0081ac5c  ti_sysbios_knl_Clock_Module_State_clockQ__O                  
0081ac60  ti_sysbios_knl_Semaphore_A_badContext__C                     
0081ac64  ti_sysbios_knl_Semaphore_A_noEvents__C                       
0081ac68  ti_sysbios_knl_Semaphore_A_overflow__C                       
0081ac6c  ti_sysbios_knl_Semaphore_A_pendTaskDisabled__C               
0081ac70  ti_sysbios_knl_Semaphore_Instance_State_pendQ__O             
0081ac74  ti_sysbios_knl_Semaphore_Module__diagsEnabled__C             
0081ac78  ti_sysbios_knl_Semaphore_Module__diagsIncluded__C            
0081ac7c  ti_sysbios_knl_Semaphore_Module__diagsMask__C                
0081ac80  ti_sysbios_knl_Swi_Object__count__C                          
0081ac84  ti_sysbios_knl_Task_A_badPriority__C                         
0081ac88  ti_sysbios_knl_Task_A_badTaskState__C                        
0081ac8c  ti_sysbios_knl_Task_A_badThreadType__C                       
0081ac90  ti_sysbios_knl_Task_A_badTimeout__C                          
0081ac94  ti_sysbios_knl_Task_A_noPendElem__C                          
0081ac98  ti_sysbios_knl_Task_A_sleepTaskDisabled__C                   
0081ac9c  ti_sysbios_knl_Task_E_spOutOfBounds__C                       
0081aca0  ti_sysbios_knl_Task_E_stackOverflow__C                       
0081aca4  ti_sysbios_knl_Task_Module_State_inactiveQ__O                
0081aca8  ti_sysbios_knl_Task_Module__diagsEnabled__C                  
0081acac  ti_sysbios_knl_Task_Module__diagsIncluded__C                 
0081acb0  ti_sysbios_knl_Task_Module__diagsMask__C                     
0081acb4  ti_sysbios_knl_Task_Object__count__C                         
0081acb8  ti_sysbios_knl_Task_Object__heap__C                          
0081acbc  ti_sysbios_knl_Task_allBlockedFunc__C                        
0081acc0  ti_sysbios_knl_Task_defaultStackHeap__C                      
0081acc4  ti_sysbios_knl_Task_defaultStackSize__C                      
0081acc8  ti_sysbios_knl_Task_numConstructedTasks__C                   
0081accc  ti_sysbios_timers_rti_Timer_E_cannotSupport__C               
0081acd0  ti_sysbios_timers_rti_Timer_Module__diagsEnabled__C          
0081acd4  ti_sysbios_timers_rti_Timer_Module__diagsIncluded__C         
0081acd8  ti_sysbios_timers_rti_Timer_Module__diagsMask__C             
0081acdc  ti_sysbios_timers_rti_Timer_numTimerDevices__C               
0081ace0  ti_sysbios_timers_rti_Timer_startupNeeded__C                 
0081ace4  ti_sysbios_utils_Load_Module_State_taskList__O               
0081ace8  ti_sysbios_utils_Load_Module__diagsEnabled__C                
0081acec  ti_sysbios_utils_Load_Module__diagsIncluded__C               
0081acf0  ti_sysbios_utils_Load_Module__diagsMask__C                   
0081acf4  ti_sysbios_utils_Load_postUpdate__C                          
0081acf8  ti_sysbios_utils_Load_windowInMs__C                          
0081acfc  xdc_runtime_Assert_E_assertFailed__C                         
0081ad00  xdc_runtime_Core_A_initializedParams__C                      
0081ad04  xdc_runtime_Core_Module__diagsEnabled__C                     
0081ad08  xdc_runtime_Core_Module__diagsIncluded__C                    
0081ad0c  xdc_runtime_Core_Module__diagsMask__C                        
0081ad10  xdc_runtime_Error_E_memory__C                                
0081ad14  xdc_runtime_Error_policyFxn__C                               
0081ad18  xdc_runtime_Error_policy__C                                  
0081ad1c  xdc_runtime_Error_raiseHook__C                               
0081ad20  xdc_runtime_IGateProvider_Interface__BASE__C                 
0081ad24  xdc_runtime_IHeap_Interface__BASE__C                         
0081ad28  xdc_runtime_IModule_Interface__BASE__C                       
0081ad2c  xdc_runtime_Memory_defaultHeapInstance__C                    
0081ad30  xdc_runtime_Startup_execImpl__C                              
0081ad34  xdc_runtime_Startup_maxPasses__C                             
0081ad38  xdc_runtime_Startup_sfxnRts__C                               
0081ad3c  xdc_runtime_Startup_sfxnTab__C                               
0081ad40  xdc_runtime_System_Module__gateObj__C                        
0081ad44  xdc_runtime_System_abortFxn__C                               
0081ad48  xdc_runtime_System_exitFxn__C                                
0081ad4c  xdc_runtime_System_extendFxn__C                              
0081ad50  xdc_runtime_System_maxAtexitHandlers__C                      
0081ad54  xdc_runtime_Text_charTab__C                                  
0081ad58  xdc_runtime_Text_nameEmpty__C                                
0081ad5c  xdc_runtime_Text_nameStatic__C                               
0081ad60  xdc_runtime_Text_nameUnknown__C                              
0081ad64  xdc_runtime_Text_nodeTab__C                                  
0081ad68  xdc_runtime_Text_visitRopeFxn__C                             
0081ad6c  ti_sysbios_family_c64p_Exception_Module__id__C               
0081ad6e  ti_sysbios_family_c64p_Exception_useInternalBuffer__C        
0081ad70  ti_sysbios_gates_GateMutex_Module__id__C                     
0081ad72  ti_sysbios_hal_Hwi_Module__id__C                             
0081ad74  ti_sysbios_heaps_HeapMem_Module__id__C                       
0081ad76  ti_sysbios_knl_Semaphore_Module__id__C                       
0081ad78  ti_sysbios_knl_Task_Module__id__C                            
0081ad7a  ti_sysbios_timers_rti_Timer_Module__id__C                    
0081ad7c  ti_sysbios_timers_rti_Timer_continueOnSuspend__C             
0081ad7e  ti_sysbios_utils_Load_Module__id__C                          
0081ad80  ti_sysbios_utils_Load_autoAddTasks__C                        
0081ad82  ti_sysbios_utils_Load_updateInIdle__C                        
0081ad84  xdc_runtime_Core_Module__id__C                               
0081ad86  xdc_runtime_Error_maxDepth__C                                
0081ad88  xdc_runtime_Main_Module__id__C                               
0081ad8a  xdc_runtime_Memory_Module__id__C                             
0081ad8c  xdc_runtime_Text_charCnt__C                                  
0081ad8e  xdc_runtime_Text_isLoaded__C                                 
0081ad90  xdc_runtime_Text_registryModsLastId__C                       
0081ad92  xdc_runtime_Text_unnamedModsLastId__C                        
0081ad98  ti_sysbios_family_c64p_EventCombiner_Module__state__V        
0081b198  _ftable                                                      
0081b378  _stream                                                      
0081b418  ti_sysbios_utils_Load_Module__state__V                       
0081b538  ti_sysbios_knl_Swi_Module_State_0_readyQ__A                  
0081b5b8  ti_sysbios_knl_Task_Module_State_0_readyQ__A                 
0081b638  _device                                                      
0081b6b0  ti_sysbios_family_c64p_Hwi_Object__table__V                  
0081b728  ti_sysbios_family_c64p_Hwi_Module__state__V                  
0081b794  _lock                                                        
0081b798  ti_sysbios_knl_Task_Object__table__V                         
0081b7f4  gMailboxMCB                                                  
0081b844  ti_sysbios_knl_Task_Module__state__V                         
0081b88c  _unlock                                                      
0081b950  SOC_TranslateAddr_LUT                                        
0081b9d0  ti_sysbios_gates_GateMutex_Object__table__V                  
0081ba10  ti_sysbios_timers_rti_Timer_Object__table__V                 
0081ba4c  __TI_ft_end                                                  
0081ba88  gHWAHwCfg                                                    
0081bab8  ti_sysbios_family_c64p_Exception_Module__state__V            
0081bae8  ti_sysbios_knl_Swi_Object__table__V                          
0081bb18  ti_sysbios_knl_Clock_Module__state__V                        
0081bb44  gDPC_ObjectDetectionCfg                                      
0081bb68  ti_sysbios_BIOS_Module__state__V                             
0081bb8c  __errno                                                      
0081bb8c  errno                                                        
0081bbd0  gSOCHwAttrib                                                 
0081bbf0  xdc_runtime_Error_IgnoreBlock                                
0081bc10  xdc_runtime_System_Module_State_0_atexitHandlers__A          
0081bc30  gAntDef_default                                              
0081bc4c  ti_sysbios_knl_Swi_Module__state__V                          
0081bc68  ti_sysbios_utils_Load_Module_State_0_taskEnv__A              
0081bcb8  gMailboxDssBssHwCfg                                          
0081bcd0  gMailboxDssMssHwCfg                                          
0081bce8  ti_sysbios_heaps_HeapMem_Object__table__V                    
0081bd00  ti_sysbios_timers_rti_Timer_Module_State_0_device__A         
0081bd18  gDPMRemoteTable                                              
0081bd30  gHwaEDMAChanMapping                                          
0081bd40  ti_sysbios_timers_rti_Timer_Module_State_0_intFreqs__A       
0081bd50  ti_sysbios_timers_rti_Timer_Module__state__V                 
0081bd60  __TI_cleanup_ptr                                             
0081bd64  __TI_dtors_ptr                                               
0081bd68  __TI_enable_exit_profile_output                              
0081bd6c  gDPMHwAttrib                                                 
0081bd74  ti_sysbios_gates_GateHwi_Module__root__V                     
0081bd7c  ti_sysbios_gates_GateMutex_Module__root__V                   
0081bd84  ti_sysbios_family_c64p_Cache_Module__state__V                
0081bd88  ti_sysbios_hal_Hwi_Object__table__V                          
0081bd90  ti_sysbios_heaps_HeapMem_Module__root__V                     
0081bd98  ti_sysbios_knl_Queue_Module__root__V                         
0081bda0  ti_sysbios_knl_Semaphore_Module__root__V                     
0081bda8  ti_sysbios_knl_Task_Module__root__V                          
0081bdb0  ti_sysbios_timers_rti_Timer_Module_State_0_handles__A        
0081bdb8  xdc_runtime_Registry_Module__state__V                        
0081bdc0  xdc_runtime_Startup_Module__state__V                         
0081bdc8  xdc_runtime_System_Module__state__V                          
0081bdd0  stdEvmCliTxAntOrder                                          
0081bdd6  xdc_runtime_Error_Module__state__V                           
0081bdd8  gHWADriverPtr                                                
0081bddc  ti_sysbios_heaps_HeapBuf_Module__state__V                    
0081bde0  ti_sysbios_gates_GateHwi_Object__table__V                    
0081bde4  xdc_runtime_Memory_Module__state__V                          
0081bde8  ti_sysbios_knl_Task_Module_State_0_idleTask__A               
0081bdf0  ti_sysbios_utils_Load_Module_State_0_runningTask__A          
0081bdf8  ti_sysbios_utils_Load_Module_State_0_taskStartTime__A        
0081bef0  __TI_STATIC_BASE                                             
0081bef0  gNumSubFrames                                                
0081bef1  gReadTestConfigFromBinFile                                   
0081bef4  gMCPILogMessageSize                                          
0081bef8  gMaxL3RamUsage                                               
0081befc  gMaxL3RamUsageTestId                                         
0081bf00  gMaxTCMUsage                                                 
0081bf04  gMaxTCMUsageTestId                                           
0081bf08  MCPI_Result                                                  
0081bf0c  MCPI_FailSignature                                           
0081bf14  gAntennaSpacing                                              
0081bf20  gDPM                                                         
0081bf24  regionId                                                     
0081bf28  gObjDetObj                                                   
0081bf2c  socHandle                                                    
0081bf30  gCurrTestId                                                  
00e00000  mmwavelib_vecsum                                             
00e000a0  sqrtsp                                                       
00e00140  mmwavelib_vecsubc                                            
00f00000  MCPI_logMessage                                              
20000000  gFrameConfig                                                 
20000b80  MCPI_setFeatureTestResult                                    
20000de0  MCPI_Initialize                                              
20000e20  MCPI_setTestResult                                           
20000e80  DPM_init                                                     
200011e0  DPM_msgRecv                                                  
20001740  DPM_deinit                                                   
200018c0  DPM_ioctl                                                    
20001cc0  DPM_execute                                                  
20001da0  DPM_pipeSend                                                 
20002120  DPM_notifyExecute                                            
200021c0  DPM_pipeRecv                                                 
20002260  DPM_start                                                    
20002300  DPM_stop                                                     
20002420  DPM_pipeDeinit                                               
200024a0  DPM_pipeInit                                                 
20002520  DPM_listCat                                                  
200025e0  DPM_msgInitHeader                                            
20002640  DPM_listAdd                                                  
20002680  DPM_listRemove                                               
20002b60  genChirpData                                                 
20002fe0  initFrameData                                                
20003300  GaussianNoise                                                
20003480  RandSimple                                                   
20003580  __TI_printfi                                                 
20006b60  pow                                                          
20006b60  powl                                                         
200073a0  __c6xabi_divd                                                
200079a0  __c6xabi_divull                                              
20007c00  __c6xabi_divlli                                              
20007d40  __c6xabi_remlli                                              
20007da0  _subcull                                                     
20008000  fopen                                                        
20008120  __TI_cleanup                                                 
200081e0  __TI_closefile                                               
200082e0  fclose                                                       
200083e0  fread                                                        
20008620  atan                                                         
20008620  atanl                                                        
20009000  gObjectDetection_Test_L3Heap                                 
21080000  gObjectDetection_Test_chirpData                              
ffffffff  __TI_pprof_out_hndl                                          
ffffffff  __TI_prof_data_size                                          
ffffffff  __TI_prof_data_start                                         
ffffffff  __binit__                                                    
ffffffff  __c_args__                                                   
ffffffff  binit                                                        
UNDEFED   __TI_CINIT_Base                                              
UNDEFED   __TI_CINIT_Limit                                             
UNDEFED   __TI_Handler_Table_Base                                      
UNDEFED   __TI_Handler_Table_Limit                                     
UNDEFED   __TI_INITARRAY_Base                                          
UNDEFED   __TI_INITARRAY_Limit                                         
UNDEFED   __TI_TLS_INIT_Base                                           
UNDEFED   __TI_TLS_INIT_Limit                                          

[852 symbols]
