******************************************************************************
                  TI ARM Linker Unix v16.9.6                   
******************************************************************************
>> Linked Mon Feb  5 18:05:33 2024

OUTPUT FILE NAME:   <test/xwr68xx_objectdetection_test_mss.xer4f>
ENTRY POINT SYMBOL: "_c_int00"  address: 0001256c


MEMORY CONFIGURATION

         name            origin    length      used     unused   attr    fill
----------------------  --------  ---------  --------  --------  ----  --------
PAGE 0:
  VECTORS               00000000   00000100  0000003c  000000c4     X
  PROG_RAM              00000100   0007ff00  00018f4e  00066fb2  R  X
  DATA_RAM              08000000   00030000  0002b7c8  00004838  RW  
  L3_RAM                51000000   000c0000  000c0000  00000000  RW  
  HWA_RAM               52030000   00010000  00000000  00010000  RW  
  HS_RAM                52080000   00008000  00000000  00008000  RW  

PAGE 1:
  L3_RAM                51000000   000c0000  00000000  000c0000  RW  


SEGMENT ALLOCATION MAP

run origin  load origin   length   init length attrs members
----------  ----------- ---------- ----------- ----- -------
00000000    00000000    0000003c   0000003c    r--
  00000000    00000000    0000003c   0000003c    r-- .vecs
00000100    00000100    00018f58   00018f58    r-x
  00000100    00000100    00016502   00016502    r-x .text
  00016608    00016608    00002614   00002614    r-- .const
  00018c20    00018c20    00000438   00000438    r-- .cinit
08000000    08000000    0002b7cc   00000000    rw-
  08000000    08000000    00014000   00000000    rw- .tcmbHeap
  08014000    08014000    00012144   00000000    rw- .bss
  08026144    08026144    00002400   00000000    rw- .MCPILogBuffer
  08028548    08028548    00002284   00000000    rw- .data
  0802a7cc    0802a7cc    00001000   00000000    rw- .stack
51000000    51000000    000c0000   00000000    rw-
  51000000    51000000    000c0000   00000000    rw- .l3ram


SECTION ALLOCATION MAP

 output                                  attributes/
section   page    origin      length       input sections
--------  ----  ----------  ----------   ----------------
.vecs      0    00000000    0000003c     
                  00000000    0000003c     mss_per4ft.oer4ft (.vecs)

xdc.meta   0    00000000    0000012d     COPY SECTION
                  00000000    0000012d     mss_per4ft.oer4ft (xdc.meta)

.text      0    00000100    00016502     
                  00000100    0000107a     rtsv7R4_T_le_v3D16_eabi.lib : _printfi.obj (.text)
                  0000117a    00000002     libhwa_xwr68xx.aer4f : hwa.oer4f (.text:HWA_init)
                  0000117c    00000a30     main.oer4f (.text:ObjectDetection_Test_task)
                  00001bac    00000684     rtsv7R4_T_le_v3D16_eabi.lib : e_pow.obj (.text)
                  00002230    00000670     libdopplerproc_hwa_xwr68xx.aer4f : dopplerprochwa.oer4f (.text:DPU_DopplerProcHWA_config)
                  000028a0    00000658     libhwa_xwr68xx.aer4f : hwa.oer4f (.text:HWA_configParamSet)
                  00002ef8    000005fc     rtsv7R4_T_le_v3D16_eabi.lib : k_rem_pio2.obj (.text)
                  000034f4    00000591     objectdetection.oer4f (.text:DPC_ObjectDetection_ioctl)
                  00003a85    00000001     --HOLE-- [fill = 0]
                  00003a86    00000002     rtsv7R4_T_le_v3D16_eabi.lib : i_div0.obj (.text)
                  00003a88    00000564     librangeproc_hwa_xwr68xx.aer4f : rangeprochwa.oer4f (.text:DPU_RangeProcHWA_process)
                  00003fec    00000004     libedma_xwr68xx.aer4f : edma.oer4f (.text:EDMA_getNumInstances)
                  00003ff0    000004e1     sysbios.aer4ft : BIOS.obj (.text:xdc_runtime_System_doPrint__I)
                  000044d1    00000001     --HOLE-- [fill = 0]
                  000044d2    00000002     rtsv7R4_T_le_v3D16_eabi.lib : l_div0.obj (.text)
                  000044d4    0000044c     objectdetection.oer4f (.text:DPC_ObjDet_rangeBiasRxChPhaseMeasure)
                  00004920    0000044a     libaoaproc_hwa_xwr68xx.aer4f : aoaprochwa.oer4f (.text:AoAProcHWA_config_EDMA)
                  00004d6a    0000044a                                  : aoaprochwa.oer4f (.text:HWAutil_configHWA_extendedVelocityScheme)
                  000051b4    0000043c     librangeproc_hwa_xwr68xx.aer4f : rangeprochwa.oer4f (.text:DPU_RangeProcHWA_config)
                  000055f0    000003f4     rtsv7R4_T_le_v3D16_eabi.lib : s_cos.obj (.text)
                  000059e4    000003f4                                 : s_sin.obj (.text)
                  00005dd8    00000350     libaoaproc_hwa_xwr68xx.aer4f : aoaprochwa.oer4f (.text:DPU_AoAProcHWA_process)
                  00006128    00000314     libsoc_xwr68xx.aer4f : soc_xwr68xx_mss.oer4f (.text:SOC_deviceInit)
                  0000643c    00000304     librangeproc_hwa_xwr68xx.aer4f : rangeprochwa.oer4f (.text:rangeProcHWA_ConfigEDMA_DataOut_nonInterleave)
                  00006740    000002f8     main.oer4f (.text:ObjectDetection_Test_setProfile)
                  00006a38    000002ec     rtsv7R4_T_le_v3D16_eabi.lib : ll_div32.obj (.text)
                  00006d24    0000000c     libedma_xwr68xx.aer4f : edma_low_level.oer4f (.text:EDMA3ChannelToParamMap)
                  00006d30    000002e4     sysbios.aer4ft : BIOS.obj (.text:ti_sysbios_knl_Semaphore_pend__E)
                  00007014    000002e0     objectdetection.oer4f (.text:DPC_ObjDet_AoAconfig)
                  000072f4    000002c4     libhwa_xwr68xx.aer4f : hwa.oer4f (.text:HWA_configCommon)
                  000075b8    000002b8     rtsv7R4_T_le_v3D16_eabi.lib : ull_div32.obj (.text)
                  00007870    000002a4     sysbios.aer4ft : BIOS.obj (.text:ti_sysbios_heaps_HeapMem_freeUnprotected__E)
                  00007b14    00000294     objectdetection.oer4f (.text:DPC_ObjectDetection_execute)
                  00007da8    00000008     libaoaproc_hwa_xwr68xx.aer4f : aoaprochwa.oer4f (.text:AOAProcHWADoneIsrCallback)
                  00007db0    00000280     sysbios.aer4ft : BIOS.obj (.text:ti_sysbios_family_arm_exc_Exception_excDumpContext__I)
                  00008030    00000264     rtsv7R4_T_le_v3D16_eabi.lib : e_log.obj (.text)
                  00008294    00000260     libmailbox_xwr68xx.aer4f : mailbox.oer4f (.text:Mailbox_open)
                  000084f4    00000248     gen_frame_data.oer4f (.text:genChirpData)
                  0000873c    00000244     libaoaproc_hwa_xwr68xx.aer4f : aoaprochwa.oer4f (.text:AoAProcHWA_XYZestimation)
                  00008980    00000240     objectdetection.oer4f (.text:DPC_ObjDet_rangeConfig)
                  00008bc0    00000230     main.oer4f (.text:ObjectDetection_Test_configDPC)
                  00008df0    0000022c     librangeproc_hwa_xwr68xx.aer4f : rangeprochwa.oer4f (.text:rangeProcHWA_ConfigHWA)
                  0000901c    00000004     libosal_xwr68xx.aer4f : HwiP_tirtos.oer4f (.text:HwiP_disableInterrupt)
                  00009020    0000022c     sysbios.aer4ft : BIOS.obj (.text:ti_sysbios_knl_Task_Instance_finalize__E)
                  0000924c    00000228     main.oer4f (.text:ObjectDetection_Test_CompareToRef)
                  00009474    0000000c     libedma_xwr68xx.aer4f : edma_low_level.oer4f (.text:EDMAsetRegion)
                  00009480    00000228     sysbios.aer4ft : BIOS.obj (.text:ti_sysbios_heaps_HeapMem_allocUnprotected__E)
                  000096a8    00000204     objectdetection.oer4f (.text:DPC_ObjDet_preStartConfig)
                  000098ac    000001fa     libaoaproc_hwa_xwr68xx.aer4f : aoaprochwa.oer4f (.text:HWAutil_configHWA_azimuthHeatMap)
                  00009aa6    00000002     mss_per4ft.oer4ft (.text:ti_sysbios_BIOS_nullFunc__I)
                  00009aa8    000001ef     libedma_xwr68xx.aer4f : edma.oer4f (.text:EDMA_paramConfig_assist)
                  00009c97    00000001     --HOLE-- [fill = 0]
                  00009c98    000001e0     libaoaproc_hwa_xwr68xx.aer4f : aoaprochwa.oer4f (.text:DPU_AoAProcHWA_config)
                  00009e78    00000008     libcfarcaproc_hwa_xwr68xx.aer4f : cfarcaprochwa.oer4f (.text:CFARCAHWADoneIsrCallback)
                  00009e80    000001e0     sysbios.aer4ft : BIOS.obj (.text:ti_sysbios_knl_Task_sleep__E)
                  0000a060    000001d8                    : BIOS.obj (.text:ti_sysbios_knl_Task_Module_startup__E)
                  0000a238    000001c8     rtsv7R4_T_le_v3D16_eabi.lib : fopen.obj (.text)
                  0000a400    000001c8     sysbios.aer4ft : BIOS.obj (.text:ti_sysbios_knl_Task_Instance_init__E)
                  0000a5c8    000001c4     libedma_xwr68xx.aer4f : edma.oer4f (.text:EDMA_open)
                  0000a78c    000001b4                           : edma.oer4f (.text:EDMA_configChannel)
                  0000a940    000001b4     rtsv7R4_T_le_v3D16_eabi.lib : e_atan2.obj (.text)
                  0000aaf4    000001a8                                 : s_atan.obj (.text)
                  0000ac9c    000001a4     objectdetection.oer4f (.text:DPC_ObjectDetection_init)
                  0000ae40    00000190     gen_frame_data.oer4f (.text:initFrameData)
                  0000afd0    0000018c     libstaticclutterproc_xwr68xx.aer4f : staticclutterproc.oer4f (.text:DPU_StaticClutterProc_process)
                  0000b15c    0000018c     libaoaproc_hwa_xwr68xx.aer4f : aoaprochwa.oer4f (.text:aoaHwa_dopplerCompensation)
                  0000b2e8    00000188     libcfarcaproc_hwa_xwr68xx.aer4f : cfarcaprochwa.oer4f (.text:DPU_CFARCAProcHWA_process)
                  0000b470    00000188     libhwa_xwr68xx.aer4f : hwa.oer4f (.text:HWA_open)
                  0000b5f8    00000182     libaoaproc_hwa_xwr68xx.aer4f : aoaprochwa.oer4f (.text:AoAProcHWA_angleEstimationAzimElev)
                  0000b77a    00000002     mss_per4ft.oer4ft (.text:xdc_runtime_Startup_reset__I)
                  0000b77c    00000180     libdpm_xwr68xx.aer4f : dpm_core.oer4f (.text:DPM_init)
                  0000b8fc    00000180                          : dpm_msg.oer4f (.text:DPM_msgRecv)
                  0000ba7c    00000004     libosal_xwr68xx.aer4f : HwiP_tirtos.oer4f (.text:HwiP_enableInterrupt)
                  0000ba80    0000017c     sysbios.aer4ft : BIOS.obj (.text:ti_sysbios_family_arm_exc_Exception_excHandler__I)
                  0000bbfc    0000016a     libaoaproc_hwa_xwr68xx.aer4f : aoaprochwa.oer4f (.text:AoAProcHWA_config_azimuthHeatMap_EDMA)
                  0000bd66    0000000a     objectdetection.oer4f (.text:DPC_ObjDet_GetRangeWinGenLen)
                  0000bd70    00000160     sysbios.aer4ft : BIOS.obj (.text:ti_sysbios_family_arm_v7r_vim_Hwi_reconfig__E)
                  0000bed0    00000158     main.oer4f (.text:ObjectDetection_Test_reportFxn)
                  0000c028    0000014c     main.oer4f (.text:ObjectDetection_Test_convertCoordinates)
                  0000c174    00000148     libstaticclutterproc_xwr68xx.aer4f : staticclutterproc.oer4f (.text:DPU_StaticClutterProc_configEdma)
                  0000c2bc    00000144     objectdetection.oer4f (.text:DPC_ObjDet_dopplerConfig)
                  0000c400    00000144     sysbios.aer4ft : BIOS.obj (.text:ti_sysbios_timers_rti_Timer_Module_startup__E)
                  0000c544    0000000c                    : arm_IntrinsicsSupport_asm.obj (.text:_ti_sysbios_family_arm_IntrinsicsSupport_maxbitA)
                  0000c550    00000140                    : BIOS.obj (.text:ti_sysbios_heaps_HeapMem_Instance_init__E)
                  0000c690    00000140                    : BIOS.obj (.text:xdc_runtime_Core_createObject__I)
                  0000c7d0    0000013c                    : BIOS.obj (.text:ti_sysbios_family_arm_v7r_vim_Hwi_dispatchIRQC__I)
                  0000c90c    00000138     rtsv7R4_T_le_v3D16_eabi.lib : fputs.obj (.text)
                  0000ca44    00000134     libcfarcaproc_hwa_xwr68xx.aer4f : cfarcaprochwa.oer4f (.text:CFARHWA_cfarRange_AND_cfarDoppler)
                  0000cb78    00000134                                     : cfarcaprochwa.oer4f (.text:DPU_CFARCAProcHWA_config)
                  0000ccac    00000134     main.oer4f (.text:ObjectDetection_Test_DPCInit)
                  0000cde0    00000134     sysbios.aer4ft : BIOS.obj (.text:xdc_runtime_Startup_startMods__I)
                  0000cf14    0000000c     rtsv7R4_T_le_v3D16_eabi.lib : copy_zero_init.obj (.text:decompress:ZI)
                  0000cf20    00000130     sysbios.aer4ft : BIOS.obj (.text:xdc_runtime_Error_policyDefault__E)
                  0000d050    0000012c     libaoaproc_hwa_xwr68xx.aer4f : aoaprochwa.oer4f (.text:AoAProcHWA_PrepareRangeAzimuthHeatmap)
                  0000d17c    0000012c     libcfarcaproc_hwa_xwr68xx.aer4f : cfarcaprochwa.oer4f (.text:HWAutil_configCFAR)
                  0000d2a8    0000012c     librangeproc_hwa_xwr68xx.aer4f : rangeprochwa.oer4f (.text:rangeProcHWA_ConfigEDMADummyThreeLinks)
                  0000d3d4    00000128     objectdetection.oer4f (.text:DPC_ObjDet_CFARCAconfig)
                  0000d4fc    00000128     libmathutils.aer4f : mathutils.oer4f (.text:mathUtils_genWindow)
                  0000d624    00000124     libedma_xwr68xx.aer4f : edma.oer4f (.text:EDMA_init)
                  0000d748    00000120     libtestlogger_xwr68xx.aer4f : logger.oer4f (.text:MCPI_setFeatureTestResult)
                  0000d868    00000118     libedma_xwr68xx.aer4f : edma.oer4f (.text:EDMA_transferComplete_isr)
                  0000d980    00000114                           : edma.oer4f (.text:EDMA_configErrorMonitoring)
                  0000da94    0000010c     libdpedma_hwa_xwr68xx.aer4f : dpedma.oer4f (.text:DPEDMA_configSyncAB)
                  0000dba0    0000010c     libdpm_xwr68xx.aer4f : dpm_msg.oer4f (.text:DPM_msgResultHandler)
                  0000dcac    00000004     mss_per4ft.oer4ft (.text:ti_sysbios_BIOS_RtsGateProxy_enter__E)
                  0000dcb0    0000010c     sysbios.aer4ft : BIOS.obj (.text:xdc_runtime_Core_constructObject__I)
                  0000ddbc    00000108     libmailbox_xwr68xx.aer4f : mailbox.oer4f (.text:Mailbox_write)
                  0000dec4    00000104     libdpedma_hwa_xwr68xx.aer4f : dpedma.oer4f (.text:DPEDMA_configSyncA_singleFrame)
                  0000dfc8    00000008     objectdetection.oer4f (.text:DPC_ObjDet_MemPoolReset)
                  0000dfd0    00000104     sysbios.aer4ft : BIOS.obj (.text:ti_sysbios_timers_rti_Timer_getFreq__E)
                  0000e0d4    000000f8     mss_per4ft.oer4ft (.text:xdc_runtime_System_printfExtend__I)
                  0000e1cc    000000f4     libaoaproc_hwa_xwr68xx.aer4f : aoaprochwa.oer4f (.text:DPU_AoAProcHWA_init)
                  0000e2c0    000000f0     main.oer4f (.text:ObjectDetection_Test_edmaOpen)
                  0000e3b0    000000f0     rtsv7R4_T_le_v3D16_eabi.lib : fread.obj (.text)
                  0000e4a0    000000ee     main.oer4f (.text:ObjectDetection_Test_printAndCheckResults)
                  0000e58e    00000002     --HOLE-- [fill = 0]
                  0000e590    000000ec     rtsv7R4_T_le_v3D16_eabi.lib : s_scalbn.obj (.text)
                  0000e67c    00000004     mss_per4ft.oer4ft (.text:ti_sysbios_BIOS_RtsGateProxy_leave__E)
                  0000e680    000000ec     sysbios.aer4ft : BIOS.obj (.text:ti_sysbios_heaps_HeapBuf_Module_startup__E)
                  0000e76c    000000ea     libdpedma_hwa_xwr68xx.aer4f : dpedmahwa.oer4f (.text:DPEDMAHWA_configTwoHotSignature)
                  0000e856    00000002     --HOLE-- [fill = 0]
                  0000e858    000000e8     libdopplerproc_hwa_xwr68xx.aer4f : dopplerprochwa.oer4f (.text:DPU_DopplerProcHWA_process)
                  0000e940    000000e8     sysbios.aer4ft : BIOS.obj (.text:ti_sysbios_family_arm_v7r_vim_Hwi_Instance_init__E)
                  0000ea28    000000e0     libcfarcaproc_hwa_xwr68xx.aer4f : cfarcaprochwa.oer4f (.text:DPU_CFARCAProcHWA_control)
                  0000eb08    000000e0     rtsv7R4_T_le_v3D16_eabi.lib : s_floor.obj (.text)
                  0000ebe8    000000dc                                 : setvbuf.obj (.text)
                  0000ecc4    0000000c     sysbios.aer4ft : BIOS.obj (.text:ti_sysbios_family_arm_v7a_Pmu_configureCounterI__I)
                  0000ecd0    000000dc                    : BIOS.obj (.text:ti_sysbios_knl_Semaphore_post__E)
                  0000edac    000000d4     libdopplerproc_hwa_xwr68xx.aer4f : dopplerprochwa.oer4f (.text:DPU_DopplerProcHWA_init)
                  0000ee80    000000d4     libmailbox_xwr68xx.aer4f : mailbox.oer4f (.text:Mailbox_read)
                  0000ef54    000000d4     librangeproc_hwa_xwr68xx.aer4f : rangeprochwa.oer4f (.text:rangeProcHWA_ConfigEDMA_DataIn)
                  0000f028    000000d2     objectdetection.oer4f (.text:DPC_ObjectDetection_frameStart)
                  0000f0fa    00000002     --HOLE-- [fill = 0]
                  0000f0fc    000000d0     librangeproc_hwa_xwr68xx.aer4f : rangeprochwa.oer4f (.text:DPU_RangeProcHWA_control)
                  0000f1cc    000000d0     sysbios.aer4ft : exc_Exception_asm.obj (.text:ti_sysbios_family_arm_exc_Exception_excHandlerAsm__I)
                  0000f29c    000000cc     objectdetection.oer4f (.text:DPC_ObjDet_staticClutterConfig)
                  0000f368    000000cc     libhwa_xwr68xx.aer4f : hwa.oer4f (.text:HWA_enableParamSetInterrupt)
                  0000f434    000000cc     rtsv7R4_T_le_v3D16_eabi.lib : fflush.obj (.text)
                  0000f500    000000cc     sysbios.aer4ft : BIOS.obj (.text:ti_sysbios_knl_Task_checkStacks__E)
                  0000f5cc    000000ca     libdpedma_hwa_xwr68xx.aer4f : dpedmahwa.oer4f (.text:DPEDMAHWA_configOneHotSignature)
                  0000f696    00000002     --HOLE-- [fill = 0]
                  0000f698    000000c8     libsoc_xwr68xx.aer4f : soc_xwr68xx.oer4f (.text:SOC_ungateClock)
                  0000f760    000000c4     libdpm_xwr68xx.aer4f : dpm_core.oer4f (.text:DPM_deinit)
                  0000f824    000000c4                          : dpm_core.oer4f (.text:DPM_ioctl)
                  0000f8e8    00000008     libdopplerproc_hwa_xwr68xx.aer4f : dopplerprochwa.oer4f (.text:DPU_DopplerProcHWA_edmaDoneIsrCallback)
                  0000f8f0    000000c4     sysbios.aer4ft : BIOS.obj (.text:ti_sysbios_family_arm_v7a_Pmu_configureCounter__E)
                  0000f9b4    0000000c                    : BIOS.obj (.text:ti_sysbios_family_arm_v7a_Pmu_getCountI__E)
                  0000f9c0    000000c4                    : BIOS.obj (.text:ti_sysbios_family_arm_v7r_vim_Hwi_Module_startup__E)
                  0000fa84    0000000c     mss_per4ft.oer4ft (.text:ti_sysbios_knl_Queue_Object__get__S)
                  0000fa90    000000c4     sysbios.aer4ft : BIOS.obj (.text:ti_sysbios_knl_Task_postInit__I)
                  0000fb54    000000c0     librangeproc_hwa_xwr68xx.aer4f : rangeprochwa.oer4f (.text:DPU_RangeProcHWA_init)
                  0000fc14    0000000a     libdpm_xwr68xx.aer4f : dpm_core.oer4f (.text:DPM_chirpISR)
                  0000fc1e    00000002     --HOLE-- [fill = 0]
                  0000fc20    000000c0     sysbios.aer4ft : BIOS.obj (.text:ti_sysbios_timers_rti_Timer_startup__E)
                  0000fce0    000000bc     rtsv7R4_T_le_v3D16_eabi.lib : open.obj (.text)
                  0000fd9c    000000b8     gen_frame_data.oer4f (.text:GaussianNoise)
                  0000fe54    000000b8     rtsv7R4_T_le_v3D16_eabi.lib : k_cos.obj (.text)
                  0000ff0c    000000b6     libsoc_xwr68xx.aer4f : soc_mpu.o (.text)
                  0000ffc2    00000002     --HOLE-- [fill = 0]
                  0000ffc4    000000b4     libedma_xwr68xx.aer4f : edma.oer4f (.text:EDMA_startTransfer)
                  00010078    000000b4     main.oer4f (.text:ObjectDetection_Test_dpmTask)
                  0001012c    00000004     mss_per4ft.oer4ft (.text:ti_sysbios_family_arm_TaskSupport_Module__startupDone__S)
                  00010130    000000b4     sysbios.aer4ft : BIOS.obj (.text:ti_sysbios_gates_GateMutex_enter__E)
                  000101e4    0000000a     libdpm_xwr68xx.aer4f : dpm_core.oer4f (.text:DPM_frameStartISR)
                  000101ee    00000002     --HOLE-- [fill = 0]
                  000101f0    000000b0     sysbios.aer4ft : BIOS.obj (.text:ti_sysbios_knl_Swi_restoreHwi__E)
                  000102a0    000000b0                    : BIOS.obj (.text:ti_sysbios_knl_Task_exit__E)
                  00010350    000000b0                    : BIOS.obj (.text:xdc_runtime_Text_putMod__E)
                  00010400    000000ae     rtsv7R4_T_le_v3D16_eabi.lib : _io_perm.obj (.text)
                  000104ae    00000002     --HOLE-- [fill = 0]
                  000104b0    000000ac     libaoaproc_hwa_xwr68xx.aer4f : aoaprochwa.oer4f (.text:AoAProcHWA_ConvertFov)
                  0001055c    000000ac                                  : aoaprochwa.oer4f (.text:AoAProcHWA_rxChanPhaseBiasCompensation)
                  00010608    000000ac     libesm_xwr68xx.aer4f : esm.oer4f (.text:ESM_processInterrupt)
                  000106b4    000000ac     main.oer4f (.text:main)
                  00010760    000000a8     libedma_xwr68xx.aer4f : edma_low_level.oer4f (.text:EDMA3Init)
                  00010808    000000a8     libsoc_xwr68xx.aer4f : soc.oer4f (.text:SOC_deregisterSysIntListener)
                  000108b0    000000a4     libesm_xwr68xx.aer4f : esm.oer4f (.text:ESM_init)
                  00010954    000000a4     libsoc_xwr68xx.aer4f : soc_xwr68xx_mss.oer4f (.text:SOC_unhaltDSS)
                  000109f8    000000a4     rtsv7R4_T_le_v3D16_eabi.lib : k_sin.obj (.text)
                  00010a9c    00000004     mss_per4ft.oer4ft (.text:ti_sysbios_family_arm_v7r_vim_Hwi_delete)
                  00010aa0    000000a2     sysbios.aer4ft : BIOS.obj (.text:xdc_runtime_Text_putSite__E)
                  00010b42    00000002     --HOLE-- [fill = 0]
                  00010b44    000000a0     main.oer4f (.text:ObjectDetection_Test_trigFrameStart)
                  00010be4    000000a0     libsoc_xwr68xx.aer4f : soc.oer4f (.text:SOC_registerSysIntListener)
                  00010c84    000000a0     auto_init.aer4ft : auto_init.oer4ft (.text)
                  00010d24    0000009c     rtsv7R4_T_le_v3D16_eabi.lib : _bufread.obj (.text)
                  00010dc0    0000009c                                 : memcpy_t2.obj (.text)
                  00010e5c    00000004     mss_per4ft.oer4ft (.text:ti_sysbios_heaps_HeapMem_Module_GateProxy_enter__E)
                  00010e60    0000009c     sysbios.aer4ft : BIOS.obj (.text:ti_sysbios_family_arm_v7r_vim_Hwi_initIntController__I)
                  00010efc    00000004     mss_per4ft.oer4ft (.text:ti_sysbios_heaps_HeapMem_Module_GateProxy_leave__E)
                  00010f00    0000009c     sysbios.aer4ft : BIOS.obj (.text:ti_sysbios_family_arm_v7r_vim_Hwi_mapChannel__I)
                  00010f9c    00000004     mss_per4ft.oer4ft (.text:ti_sysbios_knl_Clock_TimerProxy_getMaxTicks__E)
                  00010fa0    0000009c     sysbios.aer4ft : BIOS.obj (.text:ti_sysbios_knl_Semaphore_Instance_init__E)
                  0001103c    00000004     mss_per4ft.oer4ft (.text:ti_sysbios_knl_Semaphore_delete)
                  00011040    0000009c     sysbios.aer4ft : BIOS.obj (.text:ti_sysbios_knl_Swi_runLoop__I)
                  000110dc    0000009a     libdpm_xwr68xx.aer4f : dpm_msg.oer4f (.text:DPM_msgResponseHandler)
                  00011176    00000002     --HOLE-- [fill = 0]
                  00011178    00000098     libaoaproc_hwa_xwr68xx.aer4f : aoaprochwa.oer4f (.text:DPU_AoAProcHWA_control)
                  00011210    00000098     libedma_xwr68xx.aer4f : edma.oer4f (.text:EDMA_configParamSet)
                  000112a8    00000098     rtsv7R4_T_le_v3D16_eabi.lib : fclose.obj (.text)
                  00011340    00000098                                 : fputc.obj (.text)
                  000113d8    00000098     sysbios.aer4ft : vim_Hwi_asm_switch.obj (.text)
                  00011470    00000096     libedma_xwr68xx.aer4f : edma.oer4f (.text:EDMA_getErrorStatusInfo)
                  00011506    00000096     libhwa_xwr68xx.aer4f : hwa.oer4f (.text:HWA_configRam)
                  0001159c    00000094     objectdetection.oer4f (.text:DPC_ObjectDetection_start)
                  00011630    00000094     main.oer4f (.text:ObjectDetection_Test_DPCDeinit)
                  000116c4    00000094     rtsv7R4_T_le_v3D16_eabi.lib : snprintf.obj (.text)
                  00011758    00000094     sysbios.aer4ft : vim_Hwi_asm.obj (.text:ti_sysbios_family_arm_v7r_vim_Hwi_dispatchIRQ__I)
                  000117ec    00000090     libmailbox_xwr68xx.aer4f : mailbox.oer4f (.text:Mailbox_close)
                  0001187c    00000004     mss_per4ft.oer4ft (.text:xdc_runtime_System_Module_GateProxy_enter__E)
                  00011880    00000090     sysbios.aer4ft : BIOS.obj (.text:ti_sysbios_family_arm_v7a_Pmu_startCounter__E)
                  00011910    0000008e     libaoaproc_hwa_xwr68xx.aer4f : aoaprochwa.oer4f (.text:AoAProcHWA_cfgAndTrigger_EDMA_2DFFT)
                  0001199e    00000002     --HOLE-- [fill = 0]
                  000119a0    0000008c     main.oer4f (.text:ObjectDetection_Test_startDPC)
                  00011a2c    0000008c     main.oer4f (.text:ObjectDetection_Test_stopDPC)
                  00011ab8    0000008c     libsoc_xwr68xx.aer4f : soc.oer4f (.text:SOC_init)
                  00011b44    0000008c                          : soc_xwr68xx.oer4f (.text:SOC_translateAddress)
                  00011bd0    0000008c     sysbios.aer4ft : BIOS.obj (.text:ti_sysbios_family_arm_v7a_Pmu_getCount__E)
                  00011c5c    00000004     mss_per4ft.oer4ft (.text:xdc_runtime_System_Module_GateProxy_leave__E)
                  00011c60    0000008c     sysbios.aer4ft : BIOS.obj (.text:ti_sysbios_family_arm_v7r_vim_Hwi_Instance_finalize__E)
                  00011cec    00000004     --HOLE-- [fill = 0]
                  00011cf0    0000008c                    : BIOS.obj (.text:xdc_runtime_Memory_alloc__E)
                  00011d7c    00000088     libhwa_xwr68xx.aer4f : hwa.oer4f (.text:HWA_disableParamSetInterrupt)
                  00011e04    00000084     libcfarcaproc_hwa_xwr68xx.aer4f : cfarcaprochwa.oer4f (.text:DPU_CFARCAProcHWA_init)
                  00011e88    00000082     libhwa_xwr68xx.aer4f : hwa.oer4f (.text:HWA_paramDoneISR)
                  00011f0a    00000002     --HOLE-- [fill = 0]
                  00011f0c    00000080     libdpm_xwr68xx.aer4f : dpm_mailbox.oer4f (.text:DPM_mboxRemoteMailboxCallbackFxn)
                  00011f8c    00000004     --HOLE-- [fill = 0]
                  00011f90    00000080     sysbios.aer4ft : BIOS.obj (.text:ti_sysbios_timers_rti_Timer_initDevice__I)
                  00012010    0000007e     objectdetection.oer4f (.text:DPC_ObjDet_GetRxChPhaseComp)
                  0001208e    00000002     --HOLE-- [fill = 0]
                  00012090    0000007e     libosal_xwr68xx.aer4f : HwiP_tirtos.oer4f (.text:HwiP_create)
                  0001210e    00000002     --HOLE-- [fill = 0]
                  00012110    0000007c     libdpm_xwr68xx.aer4f : dpm_pipe.oer4f (.text:DPM_pipeSend)
                  0001218c    0000007c     libedma_xwr68xx.aer4f : edma.oer4f (.text:EDMA_clearErrors)
                  00012208    0000007c                           : edma.oer4f (.text:EDMA_isTransferComplete)
                  00012284    0000007c     sysbios.aer4ft : arm_TaskSupport_asm.obj (.text:_ti_sysbios_family_arm_TaskSupport_buildTaskStack)
                  00012300    0000007c                    : BIOS.obj (.text:ti_sysbios_knl_Clock_workFunc__E)
                  0001237c    00000004     --HOLE-- [fill = 0]
                  00012380    0000007c                    : BIOS.obj (.text:ti_sysbios_timers_rti_Timer_setPeriodMicroSecs__E)
                  000123fc    00000004     --HOLE-- [fill = 0]
                  00012400    0000007c                    : BIOS.obj (.text:xdc_runtime_Core_deleteObject__I)
                  0001247c    0000007a     rtsv7R4_T_le_v3D16_eabi.lib : memset_t2.obj (.text)
                  000124f6    00000074     objectdetection.oer4f (.text:DPC_ObjDet_reconfigSubFrame)
                  0001256a    00000002     --HOLE-- [fill = 0]
                  0001256c    00000074     boot.aer4ft : boot.oer4ft (.text)
                  000125e0    00000074     rtsv7R4_T_le_v3D16_eabi.lib : getdevice.obj (.text)
                  00012654    00000074                                 : s_frexp.obj (.text)
                  000126c8    00000072     libcfarcaproc_hwa_xwr68xx.aer4f : cfarcaprochwa.oer4f (.text:CFARHWA_saveConfiguration)
                  0001273a    00000002     --HOLE-- [fill = 0]
                  0001273c    00000070     libhwa_xwr68xx.aer4f : hwa.oer4f (.text:HWA_close)
                  000127ac    00000070                          : hwa.oer4f (.text:HWA_getDriverAccess)
                  0001281c    00000070     rtsv7R4_T_le_v3D16_eabi.lib : printf.obj (.text)
                  0001288c    00000004     --HOLE-- [fill = 0]
                  00012890    00000070     sysbios.aer4ft : BIOS.obj (.text:xdc_runtime_Error_print__E)
                  00012900    00000070                    : BIOS.obj (.text:xdc_runtime_Text_visitRope2__I)
                  00012970    0000006f     objectdetection.oer4f (.text:DPC_ObjectDetection_stop)
                  000129df    00000001     --HOLE-- [fill = 0]
                  000129e0    0000006e     libcfarcaproc_hwa_xwr68xx.aer4f : cfarcaprochwa.oer4f (.text:CFARCAHWA_config_EDMA)
                  00012a4e    0000006c     rtsv7R4_T_le_v3D16_eabi.lib : copy_decompress_lzss.obj (.text:decompress:lzss)
                  00012aba    00000002     --HOLE-- [fill = 0]
                  00012abc    0000006c                                 : trgmsg.obj (.text)
                  00012b28    00000068     objectdetection.oer4f (.text:DPC_ObjectDetection_deinit)
                  00012b90    00000068     libdpm_xwr68xx.aer4f : dpm_msg.oer4f (.text:DPM_msgDPCCfgHandler)
                  00012bf8    00000068     libmailbox_xwr68xx.aer4f : mailbox.oer4f (.text:Mailbox_readFlush)
                  00012c60    00000068     librangeproc_hwa_xwr68xx.aer4f : rangeprochwa.oer4f (.text:rangeProcHWA_ConfigEDMATranspose)
                  00012cc8    00000068                                    : rangeprochwa.oer4f (.text:rangeProcHWA_ConfigHWACommon)
                  00012d30    00000068     rtsv7R4_T_le_v3D16_eabi.lib : hostlseek.obj (.text)
                  00012d98    00000068                                 : hostrename.obj (.text)
                  00012e00    00000064     libedma_xwr68xx.aer4f : edma.oer4f (.text:EDMA_getTransferControllerErrorStatusInfo)
                  00012e64    00000064                           : edma.oer4f (.text:EDMA_startDmaTransfer)
                  00012ec8    00000064     libhwa_xwr68xx.aer4f : hwa.oer4f (.text:HWA_getDMAChanIndex)
                  00012f2c    00000064     main.oer4f (.text:ObjectDetection_Test_edmaInit)
                  00012f90    00000064     libosal_xwr68xx.aer4f : SemaphoreP_tirtos.oer4f (.text:SemaphoreP_create)
                  00012ff4    00000064     rtsv7R4_T_le_v3D16_eabi.lib : fseek.obj (.text)
                  00013058    00000064                                 : sprintf.obj (.text)
                  000130bc    00000064     sysbios.aer4ft : exc_Exception_asm.obj (.text:ti_sysbios_family_arm_exc_Exception_initCore0__I)
                  00013120    00000064                    : BIOS.obj (.text:ti_sysbios_family_arm_v7r_vim_Hwi_phantomIntHandler__I)
                  00013184    0000000a     libosal_xwr68xx.aer4f : MemoryP_tirtos.oer4f (.text:MemoryP_ctrlFree)
                  0001318e    00000002     --HOLE-- [fill = 0]
                  00013190    00000064     sysbios.aer4ft : BIOS.obj (.text:ti_sysbios_knl_Task_schedule__I)
                  000131f4    0000000a     libosal_xwr68xx.aer4f : SemaphoreP_tirtos.oer4f (.text:SemaphoreP_post)
                  000131fe    00000002     --HOLE-- [fill = 0]
                  00013200    00000064     sysbios.aer4ft : BIOS.obj (.text:xdc_runtime_Startup_exec__E)
                  00013264    00000060     libosal_xwr68xx.aer4f : DebugP_tirtos.oer4f (.text:DebugP_log2)
                  000132c4    00000060     libedma_xwr68xx.aer4f : edma.oer4f (.text:EDMA_close)
                  00013324    0000000a     libmathutils.aer4f : mathutils.oer4f (.text:mathUtils_floorLog2)
                  0001332e    00000002     --HOLE-- [fill = 0]
                  00013330    00000060     sysbios.aer4ft : BIOS.obj (.text:ti_sysbios_heaps_HeapMem_alloc__E)
                  00013390    00000060                    : BIOS.obj (.text:xdc_runtime_Assert_raise__I)
                  000133f0    0000005f                    : BIOS.obj (.text:xdc_runtime_Text_putLab__E)
                  0001344f    00000001     --HOLE-- [fill = 0]
                  00013450    0000005c     libcfarcaproc_hwa_xwr68xx.aer4f : cfarcaprochwa.oer4f (.text:CFARHWA_fovConvertDoppler)
                  000134ac    0000005c                                     : cfarcaprochwa.oer4f (.text:CFARHWA_prepareHwaRunTime)
                  00013508    0000005c     rtsv7R4_T_le_v3D16_eabi.lib : hostopen.obj (.text)
                  00013564    0000005c                                 : hostread.obj (.text)
                  000135c0    0000005c     sysbios.aer4ft : BIOS.obj (.text:ti_sysbios_knl_Swi_schedule__I)
                  0001361c    00000058     libdpm_xwr68xx.aer4f : dpm_core.oer4f (.text:DPM_execute)
                  00013674    00000058                          : dpm_mailbox.oer4f (.text:DPM_mboxInit)
                  000136cc    00000058     libosal_xwr68xx.aer4f : DebugP_tirtos.oer4f (.text:DebugP_log0)
                  00013724    00000058                           : DebugP_tirtos.oer4f (.text:DebugP_log1)
                  0001377c    00000058     libedma_xwr68xx.aer4f : edma_low_level.oer4f (.text:EDMA3EnableChInShadowReg)
                  000137d4    00000058     libesm_xwr68xx.aer4f : esm.oer4f (.text:ESM_highpriority_FIQ)
                  0001382c    00000058     libhwa_xwr68xx.aer4f : hwa.oer4f (.text:HWA_getDMAconfig)
                  00013884    00000058     main.oer4f (.text:ObjectDetection_Test_hwaOpen)
                  000138dc    00000058     rtsv7R4_T_le_v3D16_eabi.lib : close.obj (.text)
                  00013934    00000058                                 : hostwrite.obj (.text)
                  0001398c    00000054     libedma_xwr68xx.aer4f : edma.oer4f (.text:EDMA_error_isr)
                  000139e0    00000054     rtsv7R4_T_le_v3D16_eabi.lib : ltoa.obj (.text)
                  00013a34    00000054     mss_per4ft.oer4ft (.text:ti_sysbios_family_arm_v7r_vim_Hwi_create)
                  00013a88    00000008     libdopplerproc_hwa_xwr68xx.aer4f : dopplerprochwa.oer4f (.text:DPU_DopplerProcHWA_hwaDoneIsrCallback)
                  00013a90    00000054     sysbios.aer4ft : BIOS.obj (.text:ti_sysbios_heaps_HeapMem_getStats__E)
                  00013ae4    0000000a                    : tms570_Core_asm.obj (.text:ti_sysbios_family_arm_v7r_tms570_Core_getId__E)
                  00013aee    00000002     --HOLE-- [fill = 0]
                  00013af0    00000054                    : BIOS.obj (.text:ti_sysbios_knl_Task_startCore__E)
                  00013b44    0000000a     mss_per4ft.oer4ft (.text:xdc_runtime_IHeap_alloc)
                  00013b4e    00000002     --HOLE-- [fill = 0]
                  00013b50    00000054     sysbios.aer4ft : BIOS.obj (.text:xdc_runtime_Core_assignLabel__I)
                  00013ba4    00000052     libdpedma_hwa_xwr68xx.aer4f : dpedma.oer4f (.text:DPEDMA_setup_shadow_link)
                  00013bf6    00000050     libaoaproc_hwa_xwr68xx.aer4f : aoaprochwa.oer4f (.text:AoAProc_HWAutil_configCommon)
                  00013c46    00000050     libedma_xwr68xx.aer4f : edma_low_level.oer4f (.text:EDMA3MapChToEvtQ)
                  00013c96    00000002     --HOLE-- [fill = 0]
                  00013c98    00000050     main.oer4f (.text:ObjectDetection_Test_hwaClose)
                  00013ce8    00000050     rtsv7R4_T_le_v3D16_eabi.lib : atoi.obj (.text)
                  00013d38    00000050                                 : exit.obj (.text)
                  00013d88    00000050                                 : u_div32.obj (.text)
                  00013dd8    00000008     libosal_xwr68xx.aer4f : HwiP_tirtos.oer4f (.text:HwiP_disable)
                  00013de0    00000050     sysbios.aer4ft : BIOS.obj (.text:xdc_runtime_System_exit__E)
                  00013e30    0000004c     libstaticclutterproc_xwr68xx.aer4f : staticclutterproc.oer4f (.text:DPU_StaticClutterProc_config)
                  00013e7c    0000004c     libedma_xwr68xx.aer4f : edma.oer4f (.text:EDMA_disableChannel)
                  00013ec8    0000004c                           : edma.oer4f (.text:EDMA_enableChannel)
                  00013f14    0000004c     libhwa_xwr68xx.aer4f : hwa.oer4f (.text:HWA_enableDoneInterrupt)
                  00013f60    0000004c     libmailbox_xwr68xx.aer4f : mailbox.oer4f (.text:Mailbox_boxEmptyISRProcessing)
                  00013fac    0000004c     main.oer4f (.text:ObjectDetection_Test_setCommonProfile)
                  00013ff8    0000004c     rtsv7R4_T_le_v3D16_eabi.lib : cpy_tbl.obj (.text)
                  00014044    0000000a     mss_per4ft.oer4ft (.text:xdc_runtime_IHeap_free)
                  0001404e    00000002     --HOLE-- [fill = 0]
                  00014050    0000004c     sysbios.aer4ft : BIOS.obj (.text:ti_sysbios_family_arm_v7r_vim_Hwi_getStackInfo__E)
                  0001409c    0000004c     mss_per4ft.oer4ft (.text:ti_sysbios_knl_Task_create)
                  000140e8    0000004a     libdpm_xwr68xx.aer4f : dpm_mailbox.oer4f (.text:DPM_mboxSendResult)
                  00014132    0000004a     libmailbox_xwr68xx.aer4f : mailbox.oer4f (.text:Mailbox_boxFullISRProcessing)
                  0001417c    00000004     --HOLE-- [fill = 0]
                  00014180    0000004a     sysbios.aer4ft : BIOS.obj (.text:xdc_runtime_Core_assignParams__I)
                  000141ca    00000006     libosal_xwr68xx.aer4f : CycleprofilerP_tirtos.oer4f (.text:CycleprofilerP_getTimeStamp)
                  000141d0    0000004a     sysbios.aer4ft : BIOS.obj (.text:xdc_runtime_Text_xprintf__I)
                  0001421a    00000048     libcfarcaproc_hwa_xwr68xx.aer4f : cfarcaprochwa.oer4f (.text:CFARHWA_convHwaCfarDetListToDetMask)
                  00014262    00000048     libdpm_xwr68xx.aer4f : dpm_pipe.oer4f (.text:DPM_pipeRecv)
                  000142aa    00000002     --HOLE-- [fill = 0]
                  000142ac    00000048     libhwa_xwr68xx.aer4f : hwa.oer4f (.text:HWA_deleteInstance)
                  000142f4    00000048                          : hwa.oer4f (.text:HWA_readCFARPeakCountReg)
                  0001433c    00000048     main.oer4f (.text:ObjectDetection_Test_EDMA_errorCallbackFxn)
                  00014384    00000048     main.oer4f (.text:ObjectDetection_Test_EDMA_transferControllerErrorCallbackFxn)
                  000143cc    00000046     libmailbox_xwr68xx.aer4f : mailbox.oer4f (.text:CSL_FINSR)
                  00014412    00000002     --HOLE-- [fill = 0]
                  00014414    00000044     libdpm_xwr68xx.aer4f : dpm_core.oer4f (.text:DPM_start)
                  00014458    00000044                          : dpm_core.oer4f (.text:DPM_stop)
                  0001449c    00000044     libmailbox_xwr68xx.aer4f : mailbox.oer4f (.text:Mailbox_boxFullISRMssDss)
                  000144e0    00000044     libsoc_xwr68xx.aer4f : soc_xwr68xx_mss.oer4f (.text:SOC_resetDMA)
                  00014524    00000044     rtsv7R4_T_le_v3D16_eabi.lib : hostclose.obj (.text)
                  00014568    00000044                                 : hostunlink.obj (.text)
                  000145ac    00000004     --HOLE-- [fill = 0]
                  000145b0    00000044     sysbios.aer4ft : BIOS.obj (.text:ti_sysbios_family_arm_v7r_tms570_Core_Module_startup__E)
                  000145f4    0000000a     mss_per4ft.oer4ft (.text:xdc_runtime_IHeap_getStats)
                  000145fe    00000002     --HOLE-- [fill = 0]
                  00014600    00000044     sysbios.aer4ft : BIOS.obj (.text:ti_sysbios_knl_Task_allBlockedFunction__I)
                  00014644    00000008     libosal_xwr68xx.aer4f : MemoryP_tirtos.oer4f (.text:MemoryP_getStats)
                  0001464c    00000004     --HOLE-- [fill = 0]
                  00014650    00000044     sysbios.aer4ft : BIOS.obj (.text:xdc_runtime_System_atexit__E)
                  00014694    00000042     libedma_xwr68xx.aer4f : edma.oer4f (.text:EDMA_transferController_error_isr)
                  000146d6    00000042     libhwa_xwr68xx.aer4f : hwa.oer4f (.text:HWA_reset)
                  00014718    00000040     objectdetection.oer4f (.text:DPC_ObjDet_GetAntGeometryDef)
                  00014758    00000040     libedma_xwr68xx.aer4f : edma.oer4f (.text:EDMA_linkParamSets)
                  00014798    00000040     libhwa_xwr68xx.aer4f : hwa.oer4f (.text:HWA_getHWAMemInfo)
                  000147d8    00000040     main.oer4f (.text:ObjectDetection_Test_initComponents)
                  00014818    00000008     libosal_xwr68xx.aer4f : SemaphoreP_tirtos.oer4f (.text:SemaphoreP_Params_init)
                  00014820    00000040     sysbios.aer4ft : BIOS.obj (.text:ti_sysbios_family_arm_v7r_vim_Hwi_setType__E)
                  00014860    00000040                    : BIOS.obj (.text:ti_sysbios_knl_Swi_post__E)
                  000148a0    00000040                    : BIOS.obj (.text:ti_sysbios_timers_rti_Timer_stop__E)
                  000148e0    0000003e     libhwa_xwr68xx.aer4f : hwa.oer4f (.text:CSL_FINSR)
                  0001491e    0000003e     libsoc_xwr68xx.aer4f : soc.oer4f (.text:CSL_FINSR)
                  0001495c    0000003e                          : soc_xwr68xx.oer4f (.text:CSL_FINSR)
                  0001499a    0000003e                          : soc_xwr68xx_mss.oer4f (.text:CSL_FINSR)
                  000149d8    0000003e     libdpm_xwr68xx.aer4f : dpm_msg.oer4f (.text:DPM_msgStopHandler)
                  00014a16    0000003e     libhwa_xwr68xx.aer4f : hwa.oer4f (.text:HWA_enable)
                  00014a54    0000003c     libsoc_xwr68xx.aer4f : soc.oer4f (.text:SOC_unhaltBSS)
                  00014a90    0000003c     sysbios.aer4ft : vim_Hwi_asm.obj (.text:ti_sysbios_family_arm_v7r_vim_Hwi_init__I)
                  00014acc    00000004     --HOLE-- [fill = 0]
                  00014ad0    0000003c                    : BIOS.obj (.text:ti_sysbios_hal_Hwi_checkStack)
                  00014b0c    00000004     --HOLE-- [fill = 0]
                  00014b10    0000003c                    : BIOS.obj (.text:ti_sysbios_heaps_HeapMem_init__I)
                  00014b4c    00000004     --HOLE-- [fill = 0]
                  00014b50    0000003c                    : BIOS.obj (.text:ti_sysbios_knl_Swi_startup__E)
                  00014b8c    00000004     --HOLE-- [fill = 0]
                  00014b90    0000003c                    : BIOS.obj (.text:ti_sysbios_timers_rti_Timer_setPeriod__E)
                  00014bcc    0000003a     libhwa_xwr68xx.aer4f : hwa.oer4f (.text:HWA_setDMA2ACCManualTrig)
                  00014c06    00000002     --HOLE-- [fill = 0]
                  00014c08    0000003a     libosal_xwr68xx.aer4f : HwiP_tirtos.oer4f (.text:HwiP_delete)
                  00014c42    00000002     --HOLE-- [fill = 0]
                  00014c44    00000038     libdpm_xwr68xx.aer4f : dpm_core.oer4f (.text:DPM_notifyExecute)
                  00014c7c    00000038     libedma_xwr68xx.aer4f : edma_low_level.oer4f (.text:EDMA3ClrMissEvt)
                  00014cb4    00000008     librangeproc_hwa_xwr68xx.aer4f : rangeprochwa.oer4f (.text:rangeProcHWADoneIsrCallback)
                  00014cbc    00000004     --HOLE-- [fill = 0]
                  00014cc0    00000038     sysbios.aer4ft : BIOS.obj (.text:ti_sysbios_knl_Task_sleepTimeout__I)
                  00014cf8    00000036     rtsv7R4_T_le_v3D16_eabi.lib : strncpy.obj (.text)
                  00014d2e    00000034     libedma_xwr68xx.aer4f : edma.oer4f (.text:EDMA_configTransferControllerError)
                  00014d62    00000002     --HOLE-- [fill = 0]
                  00014d64    00000034     libhwa_xwr68xx.aer4f : hwa.oer4f (.text:HWA_disableDoneInterrupt)
                  00014d98    00000034     libsoc_xwr68xx.aer4f : soc_xwr68xx.oer4f (.text:SOC_enableHWA)
                  00014dcc    00000034                          : soc_xwr68xx_mss.oer4f (.text:SOC_hasDSPCore)
                  00014e00    00000034                          : soc_xwr68xx.oer4f (.text:SOC_setMSSLinkState)
                  00014e34    00000034     mss_per4ft.oer4ft (.text:ti_sysbios_knl_Semaphore_create)
                  00014e68    00000008     sysbios.aer4ft : BIOS.obj (.text:ti_sysbios_family_arm_v7a_Pmu_getEnabled__E)
                  00014e70    00000034                    : BIOS.obj (.text:ti_sysbios_knl_Task_processVitalTaskFlag__I)
                  00014ea4    00000032     libcfarcaproc_hwa_xwr68xx.aer4f : cfarcaprochwa.oer4f (.text:CFARHWA_fovConvertRange)
                  00014ed6    00000032     libedma_xwr68xx.aer4f : edma.oer4f (.text:EDMA_configQueueThreshold)
                  00014f08    00000032     libhwa_xwr68xx.aer4f : hwa.oer4f (.text:HWA_allParamDoneISR)
                  00014f3a    00000006     libdpm_xwr68xx.aer4f : dpm_mailbox.oer4f (.text:DPM_mboxSynch)
                  00014f40    00000032     sysbios.aer4ft : BIOS.obj (.text:ti_sysbios_hal_Hwi_initStack)
                  00014f72    00000002     --HOLE-- [fill = 0]
                  00014f74    00000030     gen_frame_data.oer4f (.text:RandSimple)
                  00014fa4    00000030     mss_per4ft.oer4ft (.text:ti_sysbios_BIOS_atExitFunc__I)
                  00014fd4    00000030     mss_per4ft.oer4ft (.text:ti_sysbios_BIOS_startFunc__I)
                  00015004    00000006     libedma_xwr68xx.aer4f : edma_low_level.oer4f (.text:EDMA3ClrCCErr)
                  0001500a    00000006                           : edma_low_level.oer4f (.text:EDMA3ErrIntrHighStatusGet)
                  00015010    00000030     sysbios.aer4ft : BIOS.obj (.text:ti_sysbios_family_arm_TaskSupport_start__E)
                  00015040    00000030     mss_per4ft.oer4ft (.text:ti_sysbios_gates_GateHwi_Object__create__S)
                  00015070    00000030     mss_per4ft.oer4ft (.text:ti_sysbios_gates_GateMutex_Object__create__S)
                  000150a0    00000030     mss_per4ft.oer4ft (.text:ti_sysbios_heaps_HeapMem_Object__create__S)
                  000150d0    00000030     sysbios.aer4ft : BIOS.obj (.text:ti_sysbios_heaps_HeapMem_free__E)
                  00015100    00000030     mss_per4ft.oer4ft (.text:ti_sysbios_knl_Semaphore_construct)
                  00015130    0000002f     sysbios.aer4ft : BIOS.obj (.text:xdc_runtime_Text_printVisFxn__I)
                  0001515f    00000001     --HOLE-- [fill = 0]
                  00015160    0000002e     libcfarcaproc_hwa_xwr68xx.aer4f : cfarcaprochwa.oer4f (.text:CFARHWA_triggerCFAR)
                  0001518e    0000002e     libdpm_xwr68xx.aer4f : dpm_msg.oer4f (.text:DPM_msgStartHandler)
                  000151bc    0000002e     objectdetection.oer4f (.text:_DPC_Objdet_Assert)
                  000151ea    0000002e     mss_per4ft.oer4ft (.text:ti_sysbios_rts_MemAlloc_alloc)
                  00015218    0000002c     libdpm_xwr68xx.aer4f : dpm_pipe.oer4f (.text:DPM_pipeInit)
                  00015244    0000002c     libstaticclutterproc_xwr68xx.aer4f : staticclutterproc.oer4f (.text:DPU_StaticClutterProc_init)
                  00015270    0000002c     libedma_xwr68xx.aer4f : edma.oer4f (.text:EDMA_setDestinationAddress)
                  0001529c    0000002c                           : edma.oer4f (.text:EDMA_setSourceAddress)
                  000152c8    0000002c                           : edma.oer4f (.text:EDMA_validate_channelIdchannelType)
                  000152f4    0000002c     rtsv7R4_T_le_v3D16_eabi.lib : e_sqrt.obj (.text)
                  00015320    0000002c                                 : unlink.obj (.text)
                  0001534c    0000002c     mss_per4ft.oer4ft (.text:ti_sysbios_knl_Clock_doTick__I)
                  00015378    0000002c     mss_per4ft.oer4ft (.text:ti_sysbios_knl_Queue_construct)
                  000153a4    00000006     libedma_xwr68xx.aer4f : edma_low_level.oer4f (.text:EDMA3GetCCErrStatus)
                  000153aa    00000006                           : edma_low_level.oer4f (.text:EDMA3GetErrIntrStatus)
                  000153b0    0000002c     sysbios.aer4ft : BIOS.obj (.text:ti_sysbios_knl_Semaphore_pendTimeout__I)
                  000153dc    00000004     --HOLE-- [fill = 0]
                  000153e0    0000002c                    : BIOS.obj (.text:ti_sysbios_knl_Swi_Module_startup__E)
                  0001540c    00000004     --HOLE-- [fill = 0]
                  00015410    0000002c                    : BIOS.obj (.text:ti_sysbios_knl_Task_unblockI__E)
                  0001543c    00000004     --HOLE-- [fill = 0]
                  00015440    0000002c                    : BIOS.obj (.text:ti_sysbios_timers_rti_Timer_periodicStub__E)
                  0001546c    0000002a     objectdetection.oer4f (.text:DPC_ObjDet_MemPoolAlloc)
                  00015496    0000002a     libdpm_xwr68xx.aer4f : dpm_pipe.oer4f (.text:DPM_pipeDeinit)
                  000154c0    0000002a     libedma_xwr68xx.aer4f : edma.oer4f (.text:EDMA_isError)
                  000154ea    0000002a     libsoc_xwr68xx.aer4f : soc.oer4f (.text:SOC_SystemISR)
                  00015514    00000028     libdpm_xwr68xx.aer4f : dpm_mailbox.oer4f (.text:DPM_mboxDeinit)
                  0001553c    00000028                          : dpm_msg.oer4f (.text:DPM_msgInitHeader)
                  00015564    00000028     librangeproc_hwa_xwr68xx.aer4f : rangeprochwa.oer4f (.text:DPU_RangeProcHWA_deinit)
                  0001558c    00000028     libmailbox_xwr68xx.aer4f : mailbox.oer4f (.text:Mailbox_Config_init)
                  000155b4    00000028     rtsv7R4_T_le_v3D16_eabi.lib : lseek.obj (.text)
                  000155dc    00000028                                 : read.obj (.text)
                  00015604    00000028                                 : write.obj (.text)
                  0001562c    00000004     --HOLE-- [fill = 0]
                  00015630    00000028     sysbios.aer4ft : BIOS.obj (.text:ti_sysbios_knl_Idle_run__E)
                  00015658    00000006     libedma_xwr68xx.aer4f : edma_low_level.oer4f (.text:EDMA3QdmaGetErrIntrStatus)
                  0001565e    00000002     --HOLE-- [fill = 0]
                  00015660    00000028     sysbios.aer4ft : BIOS.obj (.text:ti_sysbios_knl_Task_restore__E)
                  00015688    00000006     libosal_xwr68xx.aer4f : HwiP_tirtos.oer4f (.text:HwiP_restore)
                  0001568e    00000002     --HOLE-- [fill = 0]
                  00015690    00000028     sysbios.aer4ft : BIOS.obj (.text:xdc_runtime_SysStd_abort__E)
                  000156b8    00000008     --HOLE-- [fill = 0]
                  000156c0    00000028                    : BIOS.obj (.text:xdc_runtime_System_aprintf_va__F)
                  000156e8    00000026     libstaticclutterproc_xwr68xx.aer4f : staticclutterproc.oer4f (.text:DPU_StaticClutterProc_waitInData)
                  0001570e    00000026                                        : staticclutterproc.oer4f (.text:DPU_StaticClutterProc_waitOutData)
                  00015734    00000026     rtsv7R4_T_le_v3D16_eabi.lib : memcmp.obj (.text)
                  0001575a    00000006     --HOLE-- [fill = 0]
                  00015760    00000026     sysbios.aer4ft : BIOS.obj (.text:xdc_runtime_System_printf_va__F)
                  00015786    00000002     --HOLE-- [fill = 0]
                  00015788    00000024     libedma_xwr68xx.aer4f : edma_low_level.oer4f (.text:EDMA3ClrEvt)
                  000157ac    00000024                           : edma_low_level.oer4f (.text:EDMA3ClrIntr)
                  000157d0    00000024                           : edma_low_level.oer4f (.text:EDMA3DisableDmaEvt)
                  000157f4    00000024                           : edma_low_level.oer4f (.text:EDMA3DisableEvtIntr)
                  00015818    00000024                           : edma_low_level.oer4f (.text:EDMA3EnableDmaEvt)
                  0001583c    00000024                           : edma_low_level.oer4f (.text:EDMA3EnableEvtIntr)
                  00015860    00000024                           : edma_low_level.oer4f (.text:EDMA3SetEvt)
                  00015884    00000024                           : edma.oer4f (.text:EDMA_clearTransferControllerErrors)
                  000158a8    00000024     libtestlogger_xwr68xx.aer4f : logger.oer4f (.text:MCPI_Initialize)
                  000158cc    00000024     main.oer4f (.text:ObjectDetection_Test_getChirpData)
                  000158f0    00000024     libsoc_xwr68xx.aer4f : soc_xwr68xx.oer4f (.text:SOC_isDSSOperational)
                  00015914    00000024     mss_per4ft.oer4ft (.text:ti_sysbios_BIOS_errorRaiseHook__I)
                  00015938    00000024     mss_per4ft.oer4ft (.text:ti_sysbios_BIOS_registerRTSLock__I)
                  0001595c    00000024     mss_per4ft.oer4ft (.text:ti_sysbios_BIOS_removeRTSLock__I)
                  00015980    00000024     mss_per4ft.oer4ft (.text:ti_sysbios_gates_GateMutex_Object__delete__S)
                  000159a4    0000000c     --HOLE-- [fill = 0]
                  000159b0    00000024     sysbios.aer4ft : BIOS.obj (.text:ti_sysbios_knl_Clock_Module_startup__E)
                  000159d4    00000024     mss_per4ft.oer4ft (.text:ti_sysbios_knl_Semaphore_Object__delete__S)
                  000159f8    00000008     --HOLE-- [fill = 0]
                  00015a00    00000024     sysbios.aer4ft : BIOS.obj (.text:ti_sysbios_knl_Task_restoreHwi__E)
                  00015a24    00000022     objectdetection.oer4f (.text:DPC_ObjDet_GenDopplerWindow)
                  00015a46    00000020     libdpm_xwr68xx.aer4f : dpm_listlib.oer4f (.text:DPM_listCat)
                  00015a66    00000002     --HOLE-- [fill = 0]
                  00015a68    00000020     libedma_xwr68xx.aer4f : edma_low_level.oer4f (.text:EDMA3QdmaClrMissEvt)
                  00015a88    00000020     libesm_xwr68xx.aer4f : esm.oer4f (.text:ESM_lowpriority_IRQ)
                  00015aa8    00000020     rtsv7R4_T_le_v3D16_eabi.lib : memchr.obj (.text)
                  00015ac8    00000008     --HOLE-- [fill = 0]
                  00015ad0    00000020     sysbios.aer4ft : BIOS.obj (.text:ti_sysbios_family_arm_v7a_Pmu_Module_startup__E)
                  00015af0    00000020     mss_per4ft.oer4ft (.text:ti_sysbios_family_arm_v7r_vim_Hwi_Object__delete__S)
                  00015b10    00000020     sysbios.aer4ft : BIOS.obj (.text:ti_sysbios_family_arm_v7r_vim_Hwi_disableInterrupt__E)
                  00015b30    00000020                    : BIOS.obj (.text:ti_sysbios_family_arm_v7r_vim_Hwi_enableInterrupt__E)
                  00015b50    00000020     mss_per4ft.oer4ft (.text:ti_sysbios_gates_GateHwi_Object__delete__S)
                  00015b70    00000020     mss_per4ft.oer4ft (.text:ti_sysbios_heaps_HeapMem_Object__delete__S)
                  00015b90    00000020     mss_per4ft.oer4ft (.text:ti_sysbios_knl_Semaphore_destruct)
                  00015bb0    0000001e     libaoaproc_hwa_xwr68xx.aer4f : aoaprochwa.oer4f (.text:AOAHWA_waitEdma)
                  00015bce    0000001e     libcfarcaproc_hwa_xwr68xx.aer4f : cfarcaprochwa.oer4f (.text:CFARHWA_isHwaCfarDetected)
                  00015bec    0000001e     libdpm_xwr68xx.aer4f : dpm_pipe.oer4f (.text:DPM_pipeDequeue)
                  00015c0a    0000001e     libsoc_xwr68xx.aer4f : soc_xwr68xx_mss.oer4f (.text:SOC_getOutAddr_LUTType)
                  00015c28    0000001e     rtsv7R4_T_le_v3D16_eabi.lib : strcat.obj (.text)
                  00015c46    0000001c     libhwa_xwr68xx.aer4f : hwa.oer4f (.text:CSL_FEXTR)
                  00015c62    0000001c     libsoc_xwr68xx.aer4f : soc.oer4f (.text:CSL_FEXTR)
                  00015c7e    0000001c                          : soc_xwr68xx.oer4f (.text:CSL_FEXTR)
                  00015c9a    0000001c                          : soc_xwr68xx_mss.oer4f (.text:CSL_FEXTR)
                  00015cb6    0000001c     libdpm_xwr68xx.aer4f : dpm_listlib.oer4f (.text:DPM_listRemove)
                  00015cd2    00000002     --HOLE-- [fill = 0]
                  00015cd4    0000001c     libaoaproc_hwa_xwr68xx.aer4f : aoaprochwa.oer4f (.text:DPU_AoAProcHWA_deinit)
                  00015cf0    0000001c     libstaticclutterproc_xwr68xx.aer4f : staticclutterproc.oer4f (.text:DPU_StaticClutterProc_deinit)
                  00015d0c    0000001c     libsoc_xwr68xx.aer4f : soc_xwr68xx_mss.oer4f (.text:SOC_getInAddr_LUTType)
                  00015d28    0000001c     sysbios.aer4ft : arm_TaskSupport_asm.obj (.text:_ti_sysbios_family_arm_TaskSupport_glue)
                  00015d44    0000001c                    : arm_TaskSupport_asm.obj (.text:_ti_sysbios_family_arm_TaskSupport_swap__E)
                  00015d60    0000001c     rtsv7R4_T_le_v3D16_eabi.lib : memccpy.obj (.text)
                  00015d7c    0000001c     mss_per4ft.oer4ft (.text:ti_sysbios_BIOS_rtsLock__I)
                  00015d98    00000008     --HOLE-- [fill = 0]
                  00015da0    0000001c     sysbios.aer4ft : BIOS.obj (.text:ti_sysbios_gates_GateMutex_Instance_init__E)
                  00015dbc    00000004     --HOLE-- [fill = 0]
                  00015dc0    0000001c                    : BIOS.obj (.text:ti_sysbios_gates_GateMutex_leave__E)
                  00015ddc    0000001c     mss_per4ft.oer4ft (.text:ti_sysbios_knl_Queue_destruct)
                  00015df8    0000001a     libdpm_xwr68xx.aer4f : dpm_listlib.oer4f (.text:DPM_listAdd)
                  00015e12    0000001a                          : dpm_mailbox.oer4f (.text:DPM_mboxMsgSend)
                  00015e2c    0000001a                          : dpm_msg.oer4f (.text:DPM_msgAssertHandler)
                  00015e46    0000001a                          : dpm_msg.oer4f (.text:DPM_msgDPCInfoHandler)
                  00015e60    0000001a     libedma_xwr68xx.aer4f : edma_low_level.oer4f (.text:EDMA3SetPaRAM)
                  00015e7a    0000001a     mss_per4ft.oer4ft (.text:free)
                  00015e94    0000001a     rtsv7R4_T_le_v3D16_eabi.lib : s_copysign.obj (.text)
                  00015eae    0000001a     mss_per4ft.oer4ft (.text:ti_sysbios_gates_GateHwi_Handle__label__S)
                  00015ec8    0000001a     mss_per4ft.oer4ft (.text:ti_sysbios_gates_GateMutex_Handle__label__S)
                  00015ee2    0000001a     mss_per4ft.oer4ft (.text:ti_sysbios_heaps_HeapMem_Handle__label__S)
                  00015efc    0000001a     mss_per4ft.oer4ft (.text:xdc_runtime_System_aprintf__E)
                  00015f16    0000001a     mss_per4ft.oer4ft (.text:xdc_runtime_System_printf__E)
                  00015f30    00000018     objectdetection.oer4f (.text:DPC_ObjDet_GenRangeWindow)
                  00015f48    00000018     libdpm_xwr68xx.aer4f : dpm_msg.oer4f (.text:DPM_msgBSSFaultHandler)
                  00015f60    00000018     libcfarcaproc_hwa_xwr68xx.aer4f : cfarcaprochwa.oer4f (.text:DPU_CFARCAProcHWA_deinit)
                  00015f78    00000018     libdopplerproc_hwa_xwr68xx.aer4f : dopplerprochwa.oer4f (.text:DPU_DopplerProcHWA_deinit)
                  00015f90    00000018     libedma_xwr68xx.aer4f : edma_low_level.oer4f (.text:EDMA3DisableQdmaEvt)
                  00015fa8    00000018                           : edma_low_level.oer4f (.text:EDMA3EnableQdmaEvt)
                  00015fc0    00000018     libmailbox_xwr68xx.aer4f : mailbox.oer4f (.text:Mailbox_boxEmptyISRBss)
                  00015fd8    00000018                              : mailbox.oer4f (.text:Mailbox_boxEmptyISRMssDss)
                  00015ff0    00000018                              : mailbox.oer4f (.text:Mailbox_boxFullISRBss)
                  00016008    00000018     rtsv7R4_T_le_v3D16_eabi.lib : args_main.obj (.text)
                  00016020    00000018                                 : ll_mul_t2.obj (.text)
                  00016038    00000018                                 : strcmp.obj (.text)
                  00016050    00000018     mss_per4ft.oer4ft (.text:ti_sysbios_BIOS_rtsUnlock__I)
                  00016068    00000018     sysbios.aer4ft : BIOS.obj (.text:ti_sysbios_family_arm_v7a_Pmu_initCounters__I)
                  00016080    00000018     mss_per4ft.oer4ft (.text:ti_sysbios_family_arm_v7r_vim_Hwi_Module__startupDone__F)
                  00016098    00000018     mss_per4ft.oer4ft (.text:ti_sysbios_family_arm_v7r_vim_Hwi_Params__init__S)
                  000160b0    00000018     sysbios.aer4ft : BIOS.obj (.text:ti_sysbios_family_arm_v7r_vim_Hwi_clearInterrupt__E)
                  000160c8    00000018     mss_per4ft.oer4ft (.text:ti_sysbios_knl_Semaphore_Params__init__S)
                  000160e0    00000018     mss_per4ft.oer4ft (.text:ti_sysbios_knl_Task_Params__init__S)
                  000160f8    00000008     --HOLE-- [fill = 0]
                  00016100    00000018     sysbios.aer4ft : BIOS.obj (.text:ti_sysbios_knl_Task_enter__I)
                  00016118    00000018     mss_per4ft.oer4ft (.text:ti_sysbios_timers_rti_Timer_Module__startupDone__F)
                  00016130    00000018     sysbios.aer4ft : BIOS.obj (.text:xdc_runtime_Error_init__E)
                  00016148    00000016     main.oer4f (.text:ObjectDetection_Test_deinitComponents)
                  0001615e    00000016     main.oer4f (.text:ObjectDetection_Test_edmaClose)
                  00016174    00000016     librangeproc_hwa_xwr68xx.aer4f : rangeprochwa.oer4f (.text:rangeProcHWA_EDMA_transferCompletionCallbackFxn)
                  0001618a    00000016     rtsv7R4_T_le_v3D16_eabi.lib : strchr.obj (.text)
                  000161a0    00000016                                 : strlen.obj (.text)
                  000161b6    00000016     mss_per4ft.oer4ft (.text:ti_sysbios_BIOS_exitFunc__I)
                  000161cc    00000004     --HOLE-- [fill = 0]
                  000161d0    00000016     sysbios.aer4ft : BIOS.obj (.text:ti_sysbios_knl_Idle_loop__E)
                  000161e6    00000014     libosal_xwr68xx.aer4f : CycleprofilerP_tirtos.oer4f (.text:CycleprofilerP_init)
                  000161fa    00000002     --HOLE-- [fill = 0]
                  000161fc    00000014     libedma_xwr68xx.aer4f : edma_low_level.oer4f (.text:EDMA3GetIntrStatus)
                  00016210    00000014                           : edma_low_level.oer4f (.text:EDMA3IntrStatusHighGet)
                  00016224    00000014                           : edma_low_level.oer4f (.text:EDMA3MapQdmaChToPaRAM)
                  00016238    00000014     libosal_xwr68xx.aer4f : HwiP_tirtos.oer4f (.text:HwiP_Params_init)
                  0001624c    00000014     libtestlogger_xwr68xx.aer4f : logger.oer4f (.text:MCPI_setTestResult)
                  00016260    00000014     libosal_xwr68xx.aer4f : DebugP_tirtos.oer4f (.text:_DebugP_assert)
                  00016274    00000014     libmathutils.aer4f : mathutils.oer4f (.text:mathUtils_ceilLog2)
                  00016288    00000014     rtsv7R4_T_le_v3D16_eabi.lib : _lock.obj (.text)
                  0001629c    00000014                                 : strcpy.obj (.text)
                  000162b0    00000014     mss_per4ft.oer4ft (.text:ti_sysbios_heaps_HeapMem_Object__get__S)
                  000162c4    00000014     mss_per4ft.oer4ft (.text:ti_sysbios_knl_Swi_Object__get__S)
                  000162d8    00000012     libedma_xwr68xx.aer4f : edma_low_level.oer4f (.text:EDMA3SetQdmaTrigWord)
                  000162ea    00000012     libosal_xwr68xx.aer4f : MemoryP_tirtos.oer4f (.text:MemoryP_ctrlAlloc)
                  000162fc    00000012                           : SemaphoreP_tirtos.oer4f (.text:SemaphoreP_pend)
                  0001630e    00000012     libmathutils.aer4f : mathutils.oer4f (.text:mathUtils_pow2roundup)
                  00016320    00000012     sysbios.aer4ft : BIOS.obj (.text:ti_sysbios_hal_Hwi_Module_startup__E)
                  00016332    00000012     mss_per4ft.oer4ft (.text:xdc_runtime_Startup_exec__I)
                  00016344    00000010     libaoaproc_hwa_xwr68xx.aer4f : aoaprochwa.oer4f (.text:AoAProcHWA_trigger_EDMA_3DFFT)
                  00016354    00000010                                  : aoaprochwa.oer4f (.text:DPU_AoAProcHWA_getNumHwaParamSets)
                  00016364    00000010     main.oer4f (.text:ObjectDetection_Test_initGenerator)
                  00016374    0000000c     --HOLE-- [fill = 0]
                  00016380    00000010     sysbios.aer4ft : BIOS.obj (.text:ti_sysbios_BIOS_exit__E)
                  00016390    00000010                    : BIOS.obj (.text:ti_sysbios_BIOS_setThreadType__E)
                  000163a0    00000010                    : BIOS.obj (.text:ti_sysbios_BIOS_start__E)
                  000163b0    00000010                    : BIOS.obj (.text:ti_sysbios_family_arm_v7a_Pmu_disableInterruptI__E)
                  000163c0    00000010                    : BIOS.obj (.text:ti_sysbios_family_arm_v7a_Pmu_enableInterruptI__E)
                  000163d0    00000010                    : BIOS.obj (.text:ti_sysbios_family_arm_v7a_Pmu_getNumCounters__E)
                  000163e0    00000010                    : BIOS.obj (.text:ti_sysbios_family_arm_v7a_Pmu_startCounterI__E)
                  000163f0    00000010                    : BIOS.obj (.text:ti_sysbios_family_arm_v7a_Pmu_stopCounterI__E)
                  00016400    00000010                    : BIOS.obj (.text:ti_sysbios_gates_GateMutex_Instance_finalize__E)
                  00016410    00000010     mss_per4ft.oer4ft (.text:ti_sysbios_heaps_HeapBuf_Object__get__S)
                  00016420    00000010     sysbios.aer4ft : BIOS.obj (.text:ti_sysbios_knl_Semaphore_Instance_finalize__E)
                  00016430    00000010                    : BIOS.obj (.text:ti_sysbios_knl_Swi_disable__E)
                  00016440    00000010     mss_per4ft.oer4ft (.text:ti_sysbios_knl_Task_Object__get__S)
                  00016450    00000010     sysbios.aer4ft : BIOS.obj (.text:ti_sysbios_knl_Task_disable__E)
                  00016460    00000010                    : BIOS.obj (.text:xdc_runtime_Memory_free__E)
                  00016470    00000010                    : BIOS.obj (.text:xdc_runtime_Memory_getStats__E)
                  00016480    00000010     mss_per4ft.oer4ft (.text:xdc_runtime_Text_visitRope__I)
                  00016490    0000000e     libosal_xwr68xx.aer4f : SemaphoreP_tirtos.oer4f (.text:SemaphoreP_delete)
                  0001649e    0000000e     rtsv7R4_T_le_v3D16_eabi.lib : copy_decompress_none.obj (.text:decompress:none)
                  000164ac    00000004     --HOLE-- [fill = 0]
                  000164b0    0000000e     sysbios.aer4ft : BIOS.obj (.text:ti_sysbios_knl_Queue_empty__E)
                  000164be    00000002     --HOLE-- [fill = 0]
                  000164c0    0000000c                    : BIOS.obj (.text:ti_sysbios_family_arm_TaskSupport_checkStack__E)
                  000164cc    00000004     --HOLE-- [fill = 0]
                  000164d0    0000000c                    : BIOS.obj (.text:ti_sysbios_family_arm_TaskSupport_getStackAlignment__E)
                  000164dc    00000004     --HOLE-- [fill = 0]
                  000164e0    0000000c                    : BIOS.obj (.text:ti_sysbios_family_arm_exc_Exception_Module_startup__E)
                  000164ec    00000004     --HOLE-- [fill = 0]
                  000164f0    0000000c                    : BIOS.obj (.text:ti_sysbios_family_arm_v7r_vim_Hwi_switchFromBootStack__E)
                  000164fc    00000004     --HOLE-- [fill = 0]
                  00016500    0000000c                    : BIOS.obj (.text:xdc_runtime_Startup_rtsDone__E)
                  0001650c    00000004     --HOLE-- [fill = 0]
                  00016510    0000000c                    : BIOS.obj (.text:xdc_runtime_SysStd_exit__E)
                  0001651c    00000004     --HOLE-- [fill = 0]
                  00016520    00000008                    : BIOS.obj (.text:ti_sysbios_gates_GateHwi_enter__E)
                  00016528    00000008     --HOLE-- [fill = 0]
                  00016530    00000006                    : BIOS.obj (.text:ti_sysbios_family_arm_v7r_vim_Hwi_startup__E)
                  00016536    0000000a     --HOLE-- [fill = 0]
                  00016540    00000006                    : BIOS.obj (.text:ti_sysbios_gates_GateHwi_leave__E)
                  00016546    0000000a     --HOLE-- [fill = 0]
                  00016550    00000006                    : BIOS.obj (.text:ti_sysbios_heaps_HeapMem_isBlocking__E)
                  00016556    0000000a     --HOLE-- [fill = 0]
                  00016560    00000006                    : BIOS.obj (.text:ti_sysbios_knl_Queue_Instance_init__E)
                  00016566    0000000a     --HOLE-- [fill = 0]
                  00016570    00000006                    : BIOS.obj (.text:xdc_runtime_System_Module_startup__E)
                  00016576    0000000a     --HOLE-- [fill = 0]
                  00016580    00000004                    : BIOS.obj (.text:ti_sysbios_gates_GateHwi_query__E)
                  00016584    0000000c     --HOLE-- [fill = 0]
                  00016590    00000004                    : BIOS.obj (.text:ti_sysbios_gates_GateMutex_query__E)
                  00016594    0000000c     --HOLE-- [fill = 0]
                  000165a0    00000004                    : BIOS.obj (.text:ti_sysbios_knl_Task_startup__E)
                  000165a4    0000000c     --HOLE-- [fill = 0]
                  000165b0    00000004                    : BIOS.obj (.text:ti_sysbios_timers_rti_Timer_getMaxTicks__E)
                  000165b4    0000000c     --HOLE-- [fill = 0]
                  000165c0    00000004                    : BIOS.obj (.text:xdc_runtime_SysStd_putch__E)
                  000165c4    0000000c     --HOLE-- [fill = 0]
                  000165d0    00000004                    : BIOS.obj (.text:xdc_runtime_SysStd_ready__E)
                  000165d4    0000000c     --HOLE-- [fill = 0]
                  000165e0    00000002                    : BIOS.obj (.text:ti_sysbios_BIOS_linkedWithIncorrectBootLibrary__E)
                  000165e2    0000000e     --HOLE-- [fill = 0]
                  000165f0    00000002                    : BIOS.obj (.text:ti_sysbios_gates_GateHwi_Instance_init__E)
                  000165f2    0000000e     --HOLE-- [fill = 0]
                  00016600    00000002                    : BIOS.obj (.text:ti_sysbios_knl_Clock_logTick__E)

.const     0    00016608    00002614     
                  00016608    00001b6f     mss_per4ft.oer4ft (.const:xdc_runtime_Text_charTab__A)
                  00018177    00000001     --HOLE-- [fill = 0]
                  00018178    00000158     rtsv7R4_T_le_v3D16_eabi.lib : k_rem_pio2.obj (.const:$O1$$)
                  000182d0    00000101                                 : ctype.obj (.const:.string:_ctypes_)
                  000183d1    00000001     --HOLE-- [fill = 0]
                  000183d2    000000d8     mss_per4ft.oer4ft (.const:xdc_runtime_Text_nodeTab__A)
                  000184aa    00000002     mss_per4ft.oer4ft (.const:ti_sysbios_family_arm_exc_Exception_Module__id__C)
                  000184ac    00000004     mss_per4ft.oer4ft (.const:ti_sysbios_family_arm_TaskSupport_stackAlignment__C)
                  000184b0    00000098     rtsv7R4_T_le_v3D16_eabi.lib : s_atan.obj (.const:$O1$$)
                  00018548    00000080     mss_per4ft.oer4ft (.const:ti_sysbios_family_arm_v7r_vim_Hwi_channelMap__A)
                  000185c8    00000058     mss_per4ft.oer4ft (.const:.string)
                  00018620    00000044     mss_per4ft.oer4ft (.const:ti_sysbios_knl_Task_Object__PARAMS__C)
                  00018664    00000040     libhwa_xwr68xx.aer4f : hwa.oer4f (.const:gHwaTrigSignatures)
                  000186a4    00000038     libedma_xwr68xx.aer4f : edma_xwr1xxx.oer4f (.const:gEdmaHwAttrs)
                  000186dc    00000004     mss_per4ft.oer4ft (.const:ti_sysbios_family_arm_exc_Exception_E_dataAbort__C)
                  000186e0    00000030     rtsv7R4_T_le_v3D16_eabi.lib : e_pow.obj (.const:$O1$$)
                  00018710    00000030     mss_per4ft.oer4ft (.const:ti_sysbios_family_arm_v7r_vim_Hwi_Object__PARAMS__C)
                  00018740    0000002c     mss_per4ft.oer4ft (.const:xdc_runtime_Startup_sfxnTab__A)
                  0001876c    00000028     libdpm_xwr68xx.aer4f : dpm_msg.oer4f (.const:gDPMMessageFxnTable)
                  00018794    00000028     mss_per4ft.oer4ft (.const:ti_sysbios_heaps_HeapMem_Module__FXNS__C)
                  000187bc    00000024     libmailbox_xwr68xx.aer4f : mailbox.oer4f (.const:Mailbox_defaultCfg)
                  000187e0    00000024     mss_per4ft.oer4ft (.const:ti_sysbios_gates_GateHwi_Module__FXNS__C)
                  00018804    00000024     mss_per4ft.oer4ft (.const:ti_sysbios_gates_GateMutex_Module__FXNS__C)
                  00018828    00000024     mss_per4ft.oer4ft (.const:ti_sysbios_heaps_HeapMem_Object__PARAMS__C)
                  0001884c    00000024     mss_per4ft.oer4ft (.const:ti_sysbios_knl_Semaphore_Object__PARAMS__C)
                  00018870    00000020     libhwa_xwr68xx.aer4f : hwa.oer4f (.const:$P$T0$1)
                  00018890    00000020     mss_per4ft.oer4ft (.const:ti_sysbios_family_arm_v7r_vim_Hwi_Object__DESC__C)
                  000188b0    00000020     mss_per4ft.oer4ft (.const:ti_sysbios_gates_GateHwi_Object__DESC__C)
                  000188d0    00000020     mss_per4ft.oer4ft (.const:ti_sysbios_gates_GateMutex_Object__DESC__C)
                  000188f0    00000020     mss_per4ft.oer4ft (.const:ti_sysbios_heaps_HeapMem_Object__DESC__C)
                  00018910    00000020     mss_per4ft.oer4ft (.const:ti_sysbios_knl_Queue_Object__DESC__C)
                  00018930    00000020     mss_per4ft.oer4ft (.const:ti_sysbios_knl_Semaphore_Object__DESC__C)
                  00018950    00000020     mss_per4ft.oer4ft (.const:ti_sysbios_knl_Task_Object__DESC__C)
                  00018970    00000018     mss_per4ft.oer4ft (.const:ti_sysbios_gates_GateHwi_Object__PARAMS__C)
                  00018988    00000018     mss_per4ft.oer4ft (.const:ti_sysbios_gates_GateMutex_Object__PARAMS__C)
                  000189a0    00000018     mss_per4ft.oer4ft (.const:ti_sysbios_knl_Queue_Object__PARAMS__C)
                  000189b8    00000016     mss_per4ft.oer4ft (.const:xdc_runtime_Startup_sfxnRts__A)
                  000189ce    00000002     mss_per4ft.oer4ft (.const:ti_sysbios_family_arm_v7a_Pmu_Module__id__C)
                  000189d0    00000010     libedma_xwr68xx.aer4f : edma.oer4f (.const:EDMA_config$1)
                  000189e0    00000010     mss_per4ft.oer4ft (.const:ti_sysbios_family_arm_v7r_vim_Hwi_intReqEnaSet__A)
                  000189f0    00000010     mss_per4ft.oer4ft (.const:ti_sysbios_family_arm_v7r_vim_Hwi_wakeEnaSet__A)
                  00018a00    00000008     mss_per4ft.oer4ft (.const:ti_sysbios_knl_Idle_funcList__C)
                  00018a08    00000008     mss_per4ft.oer4ft (.const:xdc_runtime_Startup_firstFxns__A)
                  00018a10    00000008     mss_per4ft.oer4ft (.const:xdc_runtime_Startup_firstFxns__C)
                  00018a18    00000008     mss_per4ft.oer4ft (.const:xdc_runtime_Startup_lastFxns__C)
                  00018a20    00000004     mss_per4ft.oer4ft (.const:ti_sysbios_family_arm_exc_Exception_E_prefetchAbort__C)
                  00018a24    00000004     mss_per4ft.oer4ft (.const:ti_sysbios_family_arm_exc_Exception_E_swi__C)
                  00018a28    00000004     mss_per4ft.oer4ft (.const:ti_sysbios_family_arm_exc_Exception_E_undefinedInstruction__C)
                  00018a2c    00000004     mss_per4ft.oer4ft (.const:ti_sysbios_family_arm_exc_Exception_excHookFuncs__A)
                  00018a30    00000004     mss_per4ft.oer4ft (.const:ti_sysbios_family_arm_exc_Exception_excHookFuncs__C)
                  00018a34    00000004     mss_per4ft.oer4ft (.const:ti_sysbios_family_arm_v7a_Pmu_A_invalidCounterId__C)
                  00018a38    00000004     mss_per4ft.oer4ft (.const:ti_sysbios_family_arm_v7a_Pmu_Module__diagsEnabled__C)
                  00018a3c    00000004     mss_per4ft.oer4ft (.const:ti_sysbios_family_arm_v7a_Pmu_Module__diagsIncluded__C)
                  00018a40    00000004     mss_per4ft.oer4ft (.const:ti_sysbios_family_arm_v7a_Pmu_Module__diagsMask__C)
                  00018a44    00000004     mss_per4ft.oer4ft (.const:ti_sysbios_family_arm_v7r_tms570_Core_E_mismatchedIds__C)
                  00018a48    00000004     mss_per4ft.oer4ft (.const:ti_sysbios_family_arm_v7r_tms570_Core_id__C)
                  00018a4c    00000004     mss_per4ft.oer4ft (.const:ti_sysbios_family_arm_v7r_vim_Hwi_A_badChannelId__C)
                  00018a50    00000004     mss_per4ft.oer4ft (.const:ti_sysbios_family_arm_v7r_vim_Hwi_E_alreadyDefined__C)
                  00018a54    00000004     mss_per4ft.oer4ft (.const:ti_sysbios_family_arm_v7r_vim_Hwi_E_badIntNum__C)
                  00018a58    00000004     mss_per4ft.oer4ft (.const:ti_sysbios_family_arm_v7r_vim_Hwi_E_phantomInterrupt__C)
                  00018a5c    00000004     mss_per4ft.oer4ft (.const:ti_sysbios_family_arm_v7r_vim_Hwi_E_undefined__C)
                  00018a60    00000004     mss_per4ft.oer4ft (.const:ti_sysbios_family_arm_v7r_vim_Hwi_E_unsupportedMaskingOption__C)
                  00018a64    00000004     mss_per4ft.oer4ft (.const:ti_sysbios_family_arm_v7r_vim_Hwi_Module__diagsEnabled__C)
                  00018a68    00000004     mss_per4ft.oer4ft (.const:ti_sysbios_family_arm_v7r_vim_Hwi_Module__diagsIncluded__C)
                  00018a6c    00000004     mss_per4ft.oer4ft (.const:ti_sysbios_family_arm_v7r_vim_Hwi_Module__diagsMask__C)
                  00018a70    00000004     mss_per4ft.oer4ft (.const:ti_sysbios_family_arm_v7r_vim_Hwi_NUM_INTERRUPTS__C)
                  00018a74    00000004     mss_per4ft.oer4ft (.const:ti_sysbios_family_arm_v7r_vim_Hwi_channelMap__C)
                  00018a78    00000004     mss_per4ft.oer4ft (.const:ti_sysbios_family_arm_v7r_vim_Hwi_intReqEnaSet__C)
                  00018a7c    00000004     mss_per4ft.oer4ft (.const:ti_sysbios_family_arm_v7r_vim_Hwi_phantomFunc__C)
                  00018a80    00000004     mss_per4ft.oer4ft (.const:ti_sysbios_family_arm_v7r_vim_Hwi_swiDisable__C)
                  00018a84    00000004     mss_per4ft.oer4ft (.const:ti_sysbios_family_arm_v7r_vim_Hwi_swiRestoreHwi__C)
                  00018a88    00000004     mss_per4ft.oer4ft (.const:ti_sysbios_family_arm_v7r_vim_Hwi_taskDisable__C)
                  00018a8c    00000004     mss_per4ft.oer4ft (.const:ti_sysbios_family_arm_v7r_vim_Hwi_taskRestoreHwi__C)
                  00018a90    00000004     mss_per4ft.oer4ft (.const:ti_sysbios_family_arm_v7r_vim_Hwi_wakeEnaSet__C)
                  00018a94    00000004     mss_per4ft.oer4ft (.const:ti_sysbios_gates_GateMutex_A_badContext__C)
[...]
00018a2c  ti_sysbios_family_arm_exc_Exception_excHookFuncs__A                  
00018a30  ti_sysbios_family_arm_exc_Exception_excHookFuncs__C                  
00018a34  ti_sysbios_family_arm_v7a_Pmu_A_invalidCounterId__C                  
00018a38  ti_sysbios_family_arm_v7a_Pmu_Module__diagsEnabled__C                
00018a3c  ti_sysbios_family_arm_v7a_Pmu_Module__diagsIncluded__C               
00018a40  ti_sysbios_family_arm_v7a_Pmu_Module__diagsMask__C                   
00018a44  ti_sysbios_family_arm_v7r_tms570_Core_E_mismatchedIds__C             
00018a48  ti_sysbios_family_arm_v7r_tms570_Core_id__C                          
00018a4c  ti_sysbios_family_arm_v7r_vim_Hwi_A_badChannelId__C                  
00018a50  ti_sysbios_family_arm_v7r_vim_Hwi_E_alreadyDefined__C                
00018a54  ti_sysbios_family_arm_v7r_vim_Hwi_E_badIntNum__C                     
00018a58  ti_sysbios_family_arm_v7r_vim_Hwi_E_phantomInterrupt__C              
00018a5c  ti_sysbios_family_arm_v7r_vim_Hwi_E_undefined__C                     
00018a60  ti_sysbios_family_arm_v7r_vim_Hwi_E_unsupportedMaskingOption__C      
00018a64  ti_sysbios_family_arm_v7r_vim_Hwi_Module__diagsEnabled__C            
00018a68  ti_sysbios_family_arm_v7r_vim_Hwi_Module__diagsIncluded__C           
00018a6c  ti_sysbios_family_arm_v7r_vim_Hwi_Module__diagsMask__C               
00018a70  ti_sysbios_family_arm_v7r_vim_Hwi_NUM_INTERRUPTS__C                  
00018a74  ti_sysbios_family_arm_v7r_vim_Hwi_channelMap__C                      
00018a78  ti_sysbios_family_arm_v7r_vim_Hwi_intReqEnaSet__C                    
00018a7c  ti_sysbios_family_arm_v7r_vim_Hwi_phantomFunc__C                     
00018a80  ti_sysbios_family_arm_v7r_vim_Hwi_swiDisable__C                      
00018a84  ti_sysbios_family_arm_v7r_vim_Hwi_swiRestoreHwi__C                   
00018a88  ti_sysbios_family_arm_v7r_vim_Hwi_taskDisable__C                     
00018a8c  ti_sysbios_family_arm_v7r_vim_Hwi_taskRestoreHwi__C                  
00018a90  ti_sysbios_family_arm_v7r_vim_Hwi_wakeEnaSet__C                      
00018a94  ti_sysbios_gates_GateMutex_A_badContext__C                           
00018a98  ti_sysbios_gates_GateMutex_Instance_State_sem__O                     
00018a9c  ti_sysbios_gates_GateMutex_Module__diagsEnabled__C                   
00018aa0  ti_sysbios_gates_GateMutex_Module__diagsIncluded__C                  
00018aa4  ti_sysbios_gates_GateMutex_Module__diagsMask__C                      
00018aa8  ti_sysbios_hal_Hwi_E_stackOverflow__C                                
00018aac  ti_sysbios_heaps_HeapBuf_Instance_State_freeList__O                  
00018ab0  ti_sysbios_heaps_HeapBuf_Object__count__C                            
00018ab4  ti_sysbios_heaps_HeapBuf_numConstructedHeaps__C                      
00018ab8  ti_sysbios_heaps_HeapMem_A_align__C                                  
00018abc  ti_sysbios_heaps_HeapMem_A_heapSize__C                               
00018ac0  ti_sysbios_heaps_HeapMem_A_invalidFree__C                            
00018ac4  ti_sysbios_heaps_HeapMem_A_zeroBlock__C                              
00018ac8  ti_sysbios_heaps_HeapMem_E_memory__C                                 
00018acc  ti_sysbios_heaps_HeapMem_Module__diagsEnabled__C                     
00018ad0  ti_sysbios_heaps_HeapMem_Module__diagsIncluded__C                    
00018ad4  ti_sysbios_heaps_HeapMem_Module__diagsMask__C                        
00018ad8  ti_sysbios_heaps_HeapMem_Module__gateObj__C                          
00018adc  ti_sysbios_heaps_HeapMem_Object__count__C                            
00018ae0  ti_sysbios_heaps_HeapMem_reqAlign__C                                 
00018ae4  ti_sysbios_knl_Clock_Module_State_clockQ__O                          
00018ae8  ti_sysbios_knl_Idle_funcList__A                                      
00018aec  ti_sysbios_knl_Semaphore_A_badContext__C                             
00018af0  ti_sysbios_knl_Semaphore_A_noEvents__C                               
00018af4  ti_sysbios_knl_Semaphore_A_overflow__C                               
00018af8  ti_sysbios_knl_Semaphore_A_pendTaskDisabled__C                       
00018afc  ti_sysbios_knl_Semaphore_Instance_State_pendQ__O                     
00018b00  ti_sysbios_knl_Semaphore_Module__diagsEnabled__C                     
00018b04  ti_sysbios_knl_Semaphore_Module__diagsIncluded__C                    
00018b08  ti_sysbios_knl_Semaphore_Module__diagsMask__C                        
00018b0c  ti_sysbios_knl_Swi_Object__count__C                                  
00018b10  ti_sysbios_knl_Task_A_badPriority__C                                 
00018b14  ti_sysbios_knl_Task_A_badTaskState__C                                
00018b18  ti_sysbios_knl_Task_A_badThreadType__C                               
00018b1c  ti_sysbios_knl_Task_A_badTimeout__C                                  
00018b20  ti_sysbios_knl_Task_A_noPendElem__C                                  
00018b24  ti_sysbios_knl_Task_A_sleepTaskDisabled__C                           
00018b28  ti_sysbios_knl_Task_E_spOutOfBounds__C                               
00018b2c  ti_sysbios_knl_Task_E_stackOverflow__C                               
00018b30  ti_sysbios_knl_Task_Module_State_inactiveQ__O                        
00018b34  ti_sysbios_knl_Task_Module__diagsEnabled__C                          
00018b38  ti_sysbios_knl_Task_Module__diagsIncluded__C                         
00018b3c  ti_sysbios_knl_Task_Module__diagsMask__C                             
00018b40  ti_sysbios_knl_Task_Object__count__C                                 
00018b44  ti_sysbios_knl_Task_allBlockedFunc__C                                
00018b48  ti_sysbios_knl_Task_defaultStackHeap__C                              
00018b4c  ti_sysbios_knl_Task_defaultStackSize__C                              
00018b50  ti_sysbios_knl_Task_numConstructedTasks__C                           
00018b54  ti_sysbios_timers_rti_Timer_E_cannotSupport__C                       
00018b58  ti_sysbios_timers_rti_Timer_Module__diagsEnabled__C                  
00018b5c  ti_sysbios_timers_rti_Timer_Module__diagsIncluded__C                 
00018b60  ti_sysbios_timers_rti_Timer_Module__diagsMask__C                     
00018b64  ti_sysbios_timers_rti_Timer_numTimerDevices__C                       
00018b68  ti_sysbios_timers_rti_Timer_startupNeeded__C                         
00018b6c  xdc_runtime_Assert_E_assertFailed__C                                 
00018b70  xdc_runtime_Core_A_initializedParams__C                              
00018b74  xdc_runtime_Core_Module__diagsEnabled__C                             
00018b78  xdc_runtime_Core_Module__diagsIncluded__C                            
00018b7c  xdc_runtime_Core_Module__diagsMask__C                                
00018b80  xdc_runtime_Error_E_memory__C                                        
00018b84  xdc_runtime_Error_policyFxn__C                                       
00018b88  xdc_runtime_Error_policy__C                                          
00018b8c  xdc_runtime_Error_raiseHook__C                                       
00018b90  xdc_runtime_IGateProvider_Interface__BASE__C                         
00018b94  xdc_runtime_IHeap_Interface__BASE__C                                 
00018b98  xdc_runtime_IModule_Interface__BASE__C                               
00018b9c  xdc_runtime_Main_Module__diagsEnabled__C                             
00018ba0  xdc_runtime_Main_Module__diagsIncluded__C                            
00018ba4  xdc_runtime_Main_Module__diagsMask__C                                
00018ba8  xdc_runtime_Main_Module__loggerFxn1__C                               
00018bac  xdc_runtime_Main_Module__loggerFxn2__C                               
00018bb0  xdc_runtime_Main_Module__loggerFxn4__C                               
00018bb4  xdc_runtime_Main_Module__loggerObj__C                                
00018bb8  xdc_runtime_Memory_defaultHeapInstance__C                            
00018bbc  xdc_runtime_Startup_execImpl__C                                      
00018bc0  xdc_runtime_Startup_maxPasses__C                                     
00018bc4  xdc_runtime_Startup_sfxnRts__C                                       
00018bc8  xdc_runtime_Startup_sfxnTab__C                                       
00018bcc  xdc_runtime_System_Module__gateObj__C                                
00018bd0  xdc_runtime_System_abortFxn__C                                       
00018bd4  xdc_runtime_System_exitFxn__C                                        
00018bd8  xdc_runtime_System_extendFxn__C                                      
00018bdc  xdc_runtime_System_maxAtexitHandlers__C                              
00018be0  xdc_runtime_Text_charTab__C                                          
00018be4  xdc_runtime_Text_nameEmpty__C                                        
00018be8  xdc_runtime_Text_nameStatic__C                                       
00018bec  xdc_runtime_Text_nameUnknown__C                                      
00018bf0  xdc_runtime_Text_nodeTab__C                                          
00018bf4  xdc_runtime_Text_visitRopeFxn__C                                     
00018bf8  ti_sysbios_family_arm_v7r_tms570_Core_Module__id__C                  
00018bfa  ti_sysbios_family_arm_v7r_vim_Hwi_Module__id__C                      
00018bfc  ti_sysbios_gates_GateMutex_Module__id__C                             
00018bfe  ti_sysbios_hal_Hwi_Module__id__C                                     
00018c00  ti_sysbios_heaps_HeapMem_Module__id__C                               
00018c02  ti_sysbios_knl_Semaphore_Module__id__C                               
00018c04  ti_sysbios_knl_Task_Module__id__C                                    
00018c06  ti_sysbios_timers_rti_Timer_Module__id__C                            
00018c08  ti_sysbios_timers_rti_Timer_continueOnSuspend__C                     
00018c0a  xdc_runtime_Core_Module__id__C                                       
00018c0c  xdc_runtime_Error_maxDepth__C                                        
00018c0e  xdc_runtime_Main_Module__id__C                                       
00018c10  xdc_runtime_Main_Module__loggerDefined__C                            
00018c12  xdc_runtime_Memory_Module__id__C                                     
00018c14  xdc_runtime_Text_charCnt__C                                          
00018c16  xdc_runtime_Text_isLoaded__C                                         
00018c18  xdc_runtime_Text_registryModsLastId__C                               
00018c1a  xdc_runtime_Text_unnamedModsLastId__C                                
00019000  __TI_Handler_Table_Base                                              
0001900c  __TI_Handler_Table_Limit                                             
00019030  __TI_CINIT_Base                                                      
00019058  __TI_CINIT_Limit                                                     
08000000  gObjectDetection_Test_TCMramHeap                                     
08010000  gObjectDetection_Test_chirpData                                      
08014000  ti_sysbios_heaps_HeapMem_Instance_State_0_buf__A                     
08024000  ti_sysbios_family_arm_exc_Exception_Module_State_0_excStack_0__A     
08025000  edmaDbg                                                              
08025708  ti_sysbios_knl_Task_Instance_State_0_stack__A                        
08025b08  ti_sysbios_family_arm_v7r_vim_Hwi_Module_State_0_fiqStack__A         
08025f08  __CIOBUF_                                                            
08026028  __TI_tmpnams                                                         
080260c8  gEsmMCB                                                              
08026138  parmbuf                                                              
08026140  gObjDetObj                                                           
08026144  MCPI_logMessage                                                      
08028548  gNumSubFrames                                                        
08028549  gReadTestConfigFromBinFile                                           
0802854a  gCurrTestId                                                          
0802854c  gMaxL3RamUsageTestId                                                 
0802854e  gMaxTCMUsageTestId                                                   
08028550  socHandle                                                            
08028554  gMaxL3RamUsage                                                       
08028558  gMaxTCMUsage                                                         
0802855c  stdEvmCliTxAntOrder                                                  
08028564  gDataPathObj                                                         
08028994  gGenFrameDataObj                                                     
0802926c  gFrameConfig                                                         
08029ddc  ti_sysbios_family_arm_v7r_vim_Hwi_Module_State_0_dispatchTable__A    
08029fdc  _ftable                                                              
0802a0cc  ti_sysbios_knl_Swi_Module_State_0_readyQ__A                          
0802a14c  ti_sysbios_knl_Task_Module_State_0_readyQ__A                         
0802a1cc  _device                                                              
0802a244  ti_sysbios_knl_Task_Object__table__V                                 
0802a2a0  _stream                                                              
0802a2f0  gMailboxMCB                                                          
0802a340  ti_sysbios_knl_Task_Module__state__V                                 
0802a388  SOC_TranslateAddr_LUT                                                
0802a3c8  ti_sysbios_gates_GateMutex_Object__table__V                          
0802a408  ti_sysbios_timers_rti_Timer_Object__table__V                         
0802a444  ti_sysbios_family_arm_v7r_vim_Hwi_Module__state__V                   
0802a478  gHWAHwCfg                                                            
0802a4a8  ti_sysbios_knl_Swi_Object__table__V                                  
0802a4d8  ti_sysbios_family_arm_v7r_vim_Hwi_Object__table__V                   
0802a504  ti_sysbios_knl_Clock_Module__state__V                                
0802a530  gDPC_ObjectDetectionCfg                                              
0802a554  ti_sysbios_BIOS_Module__state__V                                     
0802a578  gSOCHwAttrib                                                         
0802a598  xdc_runtime_Error_IgnoreBlock                                        
0802a5b8  xdc_runtime_System_Module_State_0_atexitHandlers__A                  
0802a5d8  gAntDef_default                                                      
0802a5f4  ti_sysbios_knl_Swi_Module__state__V                                  
0802a610  gMailboxMssBssHwCfg                                                  
0802a628  gMailboxMssDssHwCfg                                                  
0802a640  ti_sysbios_heaps_HeapMem_Object__table__V                            
0802a658  ti_sysbios_timers_rti_Timer_Module_State_0_device__A                 
0802a670  gDPMRemoteTable                                                      
0802a684  ti_sysbios_family_arm_exc_Exception_Module__state__V                 
0802a6a8  gHwaEDMAChanMapping                                                  
0802a6b8  __TI_ft_end                                                          
0802a6bc  __aeabi_stdin                                                        
0802a6c0  __aeabi_stdout                                                       
0802a6c4  __aeabi_stderr                                                       
0802a6c8  ti_sysbios_timers_rti_Timer_Module_State_0_intFreqs__A               
0802a6d8  ti_sysbios_timers_rti_Timer_Module__state__V                         
0802a6e8  MCPI_Result                                                          
0802a6ec  MCPI_FailSignature                                                   
0802a6f4  __TI_cleanup_ptr                                                     
0802a6f8  __TI_dtors_ptr                                                       
0802a6fc  __TI_enable_exit_profile_output                                      
0802a700  gESMHwCfgAttrs                                                       
0802a70c  ti_sysbios_family_arm_v7a_Pmu_Module__state__V                       
0802a718  _lock                                                                
0802a71c  _unlock                                                              
0802a720  gDPMHwAttrib                                                         
0802a728  ti_sysbios_family_arm_v7r_vim_Hwi_Module__root__V                    
0802a730  ti_sysbios_gates_GateHwi_Module__root__V                             
0802a738  ti_sysbios_gates_GateMutex_Module__root__V                           
0802a740  ti_sysbios_hal_Hwi_Object__table__V                                  
0802a748  ti_sysbios_heaps_HeapMem_Module__root__V                             
0802a750  ti_sysbios_knl_Queue_Module__root__V                                 
0802a758  ti_sysbios_knl_Semaphore_Module__root__V                             
0802a760  ti_sysbios_knl_Task_Module__root__V                                  
0802a768  ti_sysbios_timers_rti_Timer_Module_State_0_handles__A                
0802a770  xdc_runtime_Registry_Module__state__V                                
0802a778  xdc_runtime_Startup_Module__state__V                                 
0802a780  xdc_runtime_System_Module__state__V                                  
0802a788  gAntennaSpacing                                                      
0802a78c  gHWADriverPtr                                                        
0802a790  gDPM                                                                 
0802a794  regionId                                                             
0802a798  gMCPILogMessageSize                                                  
0802a79c  errno                                                                
0802a7a8  main_func_sp                                                         
0802a7ac  ti_sysbios_family_arm_exc_Exception_Module_State_0_excContext__A     
0802a7b0  ti_sysbios_family_arm_exc_Exception_Module_State_0_excStackBuffers__A
0802a7b4  ti_sysbios_family_arm_exc_Exception_Module_State_0_excStack__A       
0802a7b8  ti_sysbios_gates_GateHwi_Object__table__V                            
0802a7bc  ti_sysbios_heaps_HeapBuf_Module__state__V                            
0802a7c0  ti_sysbios_knl_Task_Module_State_0_idleTask__A                       
0802a7c4  xdc_runtime_Memory_Module__state__V                                  
0802a7c8  ti_sysbios_family_arm_exc_Exception_Module_State_0_excActive__A      
0802a7ca  xdc_runtime_Error_Module__state__V                                   
0802a7cc  __stack                                                              
0802b7cc  __STACK_END                                                          
51000000  gObjectDetection_Test_L3Heap                                         
fffffdec  ti_sysbios_family_arm_v7r_vim_Hwi_vim                                
ffffffff  __TI_pprof_out_hndl                                                  
ffffffff  __TI_prof_data_size                                                  
ffffffff  __TI_prof_data_start                                                 
ffffffff  __binit__                                                            
ffffffff  __c_args__                                                           
ffffffff  binit                                                                
UNDEFED   SHT$$INIT_ARRAY$$Base                                                
UNDEFED   SHT$$INIT_ARRAY$$Limit                                               

[878 symbols]
