******************************************************************************
               TMS320C6x Linker Unix v8.3.3                    
******************************************************************************
>> Linked Mon Feb  5 18:05:39 2024

OUTPUT FILE NAME:   <test/xwr68xx_dopplerprochwa_dss.xe674>
ENTRY POINT SYMBOL: "_c_int00"  address: 007f6b80


MEMORY CONFIGURATION

         name            origin    length      used     unused   attr    fill
----------------------  --------  ---------  --------  --------  ----  --------
PAGE 0:
  L2SRAM_UMAP1          007e0000   00020000  0001ea94  0000156c  RWIX
  L2SRAM_UMAP0          00800000   00020000  0001fffc  00000004  RWIX
  L1PSRAM               00e00000   00004000  00000000  00004000  RWIX
  L1DSRAM               00f00000   00004000  00000000  00004000  RWIX
  L3SRAM                20000000   000c0000  000c0000  00000000  RWIX
  HWA_RAM               21030000   00010000  00000000  00010000  RWIX
  HSRAM                 21080000   00008000  00000000  00008000  RWIX

PAGE 1:
  L3SRAM                20000000   000c0000  00000000  000c0000  RWIX


SEGMENT ALLOCATION MAP

run origin  load origin   length   init length attrs members
----------  ----------- ---------- ----------- ----- -------
007e0000    007e0000    0001aca0   0001aca0    r-x
  007e0000    007e0000    00000200   00000200    r-x .vecs
  007e0200    007e0200    0001aaa0   0001aaa0    r-x .text
007faca0    007faca0    00003400   00000000    rw-
  007faca0    007faca0    00002400   00000000    rw- .MCPILogBuffer
  007fd0a0    007fd0a0    00001000   00000000    rw- .stack
007fe0a0    007fe0a0    00000938   00000814    rw-
  007fe0a0    007fe0a0    00000814   00000814    rw- .fardata.1
  007fe8b8    007fe8b8    00000120   00000000    rw- .cio
007fe9d8    007fe9d8    0000008c   0000008c    r--
  007fe9d8    007fe9d8    0000008c   0000008c    r-- .switch
007fea68    007fea68    00000012   00000000    rw-
  007fea68    007fea68    00000012   00000000    rw- .bss
007fea80    007fea80    0000001c   0000001c    rw-
  007fea80    007fea80    0000001c   0000001c    rw- .neardata
00800000    00800000    0001bc00   00000000    rw-
  00800000    00800000    00013c00   00000000    rw- .l2data
  00813c00    00813c00    00008000   00000000    rw- systemHeap
0081bc00    0081bc00    00002e04   00002e04    r--
  0081bc00    0081bc00    00002e04   00002e04    r-- .const
0081ea08    0081ea08    000010b8   00000000    rw-
  0081ea08    0081ea08    000010b8   00000000    rw- .far
0081fac0    0081fac0    00000540   00000540    rw-
  0081fac0    0081fac0    00000540   00000540    rw- .fardata.2
20000000    20000000    000c0000   00000000    rw-
  20000000    20000000    000c0000   00000000    rw- .l3ram


SECTION ALLOCATION MAP

 output                                  attributes/
section   page    origin      length       input sections
--------  ----  ----------  ----------   ----------------
xdc.meta   0    00000000    00000128     COPY SECTION
                  00000000    00000128     dss_pe674.oe674 (xdc.meta)

.vecs      0    007e0000    00000200     
                  007e0000    00000200     dss_pe674.oe674 (.vecs)

.text      0    007e0200    0001aaa0     
                  007e0200    00001fe0     rts6740_elf.lib : _printfi.c.obj (.text:__TI_printfi)
                  007e21e0    00000b40     libdopplerproc_hwa_xwr68xx.ae674 : dopplerprochwa.oe674 (.text:DPU_DopplerProcHWA_config)
                  007e2d20    00000aa0     libhwa_xwr68xx.ae674 : hwa.oe674 (.text:HWA_configParamSet)
                  007e37c0    000008a0     ti.targets.rts6000.ae674 : System.oe674 (.text:xdc_runtime_System_doPrint__I)
                  007e4060    000007c0     sysbios.ae674 : BIOS.obj (.text:ti_sysbios_knl_Semaphore_pend__E)
                  007e4820    00000780                   : BIOS.obj (.text:ti_sysbios_family_c64p_Exception_handler__I)
                  007e4fa0    00000760     doppleprochwa_test_main.oe674 (.text:Test_task)
                  007e5700    00000660     rts6740_elf.lib : _printfi.c.obj (.text:_pconv_a)
                  007e5d60    00000620     sysbios.ae674 : BIOS.obj (.text:ti_sysbios_heaps_HeapMem_allocUnprotected__E)
                  007e6380    00000600     rts6740_elf.lib : divd.c.obj (.text:__c6xabi_divd)
                  007e6980    000005c0     libhwa_xwr68xx.ae674 : hwa.oe674 (.text:HWA_configCommon)
                  007e6f40    000005c0     sysbios.ae674 : BIOS.obj (.text:ti_sysbios_heaps_HeapMem_freeUnprotected__E)
                  007e7500    00000520                   : BIOS.obj (.text:ti_sysbios_knl_Task_Instance_finalize__E)
                  007e7a20    00000400     rts6740_elf.lib : _printfi.c.obj (.text:_pconv_g)
                  007e7e20    000003e0     sysbios.ae674 : BIOS.obj (.text:ti_sysbios_knl_Task_Module_startup__E)
                  007e8200    000003e0                   : BIOS.obj (.text:ti_sysbios_timers_rti_Timer_Module_startup__E)
                  007e85e0    000003c0     doppleprochwa_test_main.oe674 (.text:Test_printResults)
                  007e89a0    000003c0     sysbios.ae674 : BIOS.obj (.text:ti_sysbios_knl_Task_Instance_init__E)
                  007e8d60    000003a0     libedma_xwr68xx.ae674 : edma.oe674 (.text:EDMA_paramConfig_assist)
                  007e9100    000003a0     doppleprochwa_test_main.oe674 (.text:Test_cubedata_gen)
                  007e94a0    00000360     sysbios.ae674 : BIOS.obj (.text:ti_sysbios_knl_Semaphore_post__E)
                  007e9800    00000320     libedma_xwr68xx.ae674 : edma.oe674 (.text:EDMA_configChannel)
                  007e9b20    00000320     rts6740_elf.lib : cos.c.obj (.text:cos)
                  007e9e40    00000320                     : fputs.c.obj (.text:fputs)
                  007ea160    00000300     doppleprochwa_test_main.oe674 (.text:Test_2Dfft_ref)
                  007ea460    000002e0     rts6740_elf.lib : sin.c.obj (.text:sin)
                  007ea740    000002e0     sysbios.ae674 : BIOS.obj (.text:ti_sysbios_heaps_HeapMem_Instance_init__E)
                  007eaa20    000002c0     libedma_xwr68xx.ae674 : edma.oe674 (.text:EDMA_configErrorMonitoring)
                  007eace0    000002c0                           : edma.oe674 (.text:EDMA_open)
                  007eafa0    000002c0     sysbios.ae674 : BIOS.obj (.text:ti_sysbios_knl_Clock_workFunc__E)
                  007eb260    000002a0     libhwa_xwr68xx.ae674 : hwa.oe674 (.text:HWA_open)
                  007eb500    000002a0     rts6740_elf.lib : divf.c.obj (.text:__c6xabi_divf)
                  007eb7a0    000002a0                     : _printfi.c.obj (.text:_pconv_e)
                  007eba40    000002a0                     : _printfi.c.obj (.text:fcvt)
                  007ebce0    00000280     sysbios.ae674 : BIOS.obj (.text:ti_sysbios_family_c64p_Cache_Module_startup__E)
                  007ebf60    00000260     libtestlogger_xwr68xx.ae674 : logger.oe674 (.text:MCPI_setFeatureTestResult)
                  007ec1c0    00000260     rts6740_elf.lib : imath64.c.obj (.text:__c6xabi_divull)
                  007ec420    00000260                     : cosf.c.obj (.text:cosf)
                  007ec680    00000260                     : sinf.c.obj (.text:sinf)
                  007ec8e0    00000260     sysbios.ae674 : BIOS.obj (.text:ti_sysbios_family_c64p_Hwi_dispatchCore__I)
                  007ecb40    00000260     ti.targets.rts6000.ae674 : Startup.oe674 (.text:xdc_runtime_Startup_startMods__I)
                  007ecda0    00000240     libedma_xwr68xx.ae674 : edma.oe674 (.text:EDMA_transferComplete_isr)
                  007ecfe0    00000240     sysbios.ae674 : BIOS.obj (.text:ti_sysbios_family_c64p_EventCombiner_dispatch__E)
                  007ed220    00000240                   : BIOS.obj (.text:ti_sysbios_family_c64p_Exception_internalHandler__I)
                  007ed460    00000240                   : BIOS.obj (.text:ti_sysbios_timers_rti_Timer_getFreq__E)
                  007ed6a0    00000240     ti.targets.rts6000.ae674 : Core-mem.oe674 (.text:xdc_runtime_Core_createObject__I)
                  007ed8e0    00000240     dss_pe674.oe674 (.text:xdc_runtime_System_printfExtend__I)
                  007edb20    00000220     doppleprochwa_test_main.oe674 (.text:Test_2Dfft_refGen)
                  007edd40    00000220     sysbios.ae674 : BIOS.obj (.text:ti_sysbios_knl_Swi_run__I)
                  007edf60    00000200     rts6740_elf.lib : _printfi.c.obj (.text:_ltostr)
                  007ee160    00000200     sysbios.ae674 : c64p_Hwi_disp_always.obj (.text:_ti_sysbios_family_c64p_Hwi_dispatchAlways)
                  007ee360    00000200     ti.targets.rts6000.ae674 : Error.oe674 (.text:xdc_runtime_Error_policyDefault__E)
                  007ee560    000001e0     libedma_xwr68xx.ae674 : edma.oe674 (.text:EDMA_init)
                  007ee740    000001e0     rts6740_elf.lib : log.c.obj (.text:log)
                  007ee920    000001e0     sysbios.ae674 : BIOS.obj (.text:ti_sysbios_family_c64p_EventCombiner_dispatchPlug__E)
                  007eeb00    000001e0                   : BIOS.obj (.text:ti_sysbios_gates_GateMutex_enter__E)
                  007eece0    000001e0                   : BIOS.obj (.text:ti_sysbios_knl_Task_exit__E)
                  007eeec0    000001e0     ti.targets.rts6000.ae674 : Text.oe674 (.text:xdc_runtime_Text_putSite__E)
                  007ef0a0    000001c0     libdpedma_hwa_xwr68xx.ae674 : dpedma.oe674 (.text:DPEDMA_configSyncAB)
                  007ef260    000001c0                                 : dpedma.oe674 (.text:DPEDMA_configSyncA_singleFrame)
                  007ef420    000001c0     rts6740_elf.lib : imath40.c.obj (.text:__c6xabi_divul)
                  007ef5e0    000001c0                     : fputc.c.obj (.text:fputc)
                  007ef7a0    000001c0                     : frexp.c.obj (.text:frexp)
                  007ef960    000001c0                     : ldexp.c.obj (.text:ldexp)
                  007efb20    000001c0                     : setvbuf.c.obj (.text:setvbuf)
                  007efce0    000001c0     sysbios.ae674 : BIOS.obj (.text:ti_sysbios_knl_Task_checkStacks__E)
                  007efea0    000001a0     libdopplerproc_hwa_xwr68xx.ae674 : dopplerprochwa.oe674 (.text:DPU_DopplerProcHWA_init)
                  007f0040    000001a0                                      : dopplerprochwa.oe674 (.text:DPU_DopplerProcHWA_process)
                  007f01e0    000001a0     rts6740_elf.lib : hostrename.c.obj (.text:HOSTrename)
                  007f0380    000001a0     doppleprochwa_test_main.oe674 (.text:dopplerProc_test_hwaEdmainit)
                  007f0520    000001a0     sysbios.ae674 : BIOS.obj (.text:ti_sysbios_family_c64p_Cache_getL2InitSize__I)
                  007f06c0    000001a0                   : BIOS.obj (.text:ti_sysbios_family_c64p_EventCombiner_disableEvent__E)
                  007f0860    000001a0                   : BIOS.obj (.text:ti_sysbios_family_c64p_EventCombiner_enableEvent__E)
                  007f0a00    000001a0                   : BIOS.obj (.text:ti_sysbios_knl_Task_schedule__I)
                  007f0ba0    000001a0                   : BIOS.obj (.text:ti_sysbios_timers_rti_Timer_startup__E)
                  007f0d40    000001a0     ti.targets.rts6000.ae674 : Core-smem.oe674 (.text:xdc_runtime_Core_constructObject__I)
                  007f0ee0    00000180     libhwa_xwr68xx.ae674 : hwa.oe674 (.text:HWA_enableParamSetInterrupt)
                  007f1060    00000180     sysbios.ae674 : c64p_Exception_asm.obj (.text)
                  007f11e0    00000180                   : BIOS.obj (.text:ti_sysbios_knl_Task_postInit__I)
                  007f1360    00000180                   : BIOS.obj (.text:ti_sysbios_knl_Task_startCore__E)
                  007f14e0    00000160     libedma_xwr68xx.ae674 : edma.oe674 (.text:EDMA_getErrorStatusInfo)
                  007f1640    00000160     libhwa_xwr68xx.ae674 : hwa.oe674 (.text:HWA_paramDoneISR)
                  007f17a0    00000160     libsoc_xwr68xx.ae674 : soc_xwr68xx.oe674 (.text:SOC_ungateClock)
                  007f1900    00000160     doppleprochwa_test_main.oe674 (.text:Test_window2DCoef_gen)
                  007f1a60    00000160     rts6740_elf.lib : sqrt.c.obj (.text:sqrt)
                  007f1bc0    00000160     sysbios.ae674 : BIOS.obj (.text:ti_sysbios_family_c64p_Hwi_Module_startup__E)
                  007f1d20    00000160                   : BIOS.obj (.text:ti_sysbios_knl_Swi_post__E)
                  007f1e80    00000160     ti.targets.rts6000.ae674 : Text.oe674 (.text:xdc_runtime_Text_putMod__E)
                  007f1fe0    00000140     libedma_xwr68xx.ae674 : edma_low_level.oe674 (.text:EDMA3Init)
                  007f2120    00000140                           : edma.oe674 (.text:EDMA_clearErrors)
                  007f2260    00000140                           : edma.oe674 (.text:EDMA_startTransfer)
                  007f23a0    00000140     libhwa_xwr68xx.ae674 : hwa.oe674 (.text:HWA_configRam)
                  007f24e0    00000140     libsoc_xwr68xx.ae674 : soc.oe674 (.text:SOC_init)
                  007f2620    00000140     doppleprochwa_test_main.oe674 (.text:Test_setProfile)
                  007f2760    00000140     rts6740_elf.lib : imath64.c.obj (.text:__c6xabi_divlli)
                  007f28a0    00000140     doppleprochwa_test_main.oe674 (.text:dopplerProc_test_dpuConfig)
                  007f29e0    00000140     sysbios.ae674 : BIOS.obj (.text:ti_sysbios_family_c64p_Cache_getL1DInitSize__I)
                  007f2b20    00000140                   : BIOS.obj (.text:ti_sysbios_family_c64p_Cache_getL1PInitSize__I)
                  007f2c60    00000140                   : BIOS.obj (.text:ti_sysbios_knl_Semaphore_Instance_init__E)
                  007f2da0    00000140                   : BIOS.obj (.text:ti_sysbios_knl_Task_blockI__E)
                  007f2ee0    00000140                   : BIOS.obj (.text:ti_sysbios_timers_rti_Timer_initDevice__I)
                  007f3020    00000140     ti.targets.rts6000.ae674 : Core-mem.oe674 (.text:xdc_runtime_Core_deleteObject__I)
                  007f3160    00000140                              : Text.oe674 (.text:xdc_runtime_Text_putLab__E)
                  007f32a0    00000120     libdpedma_hwa_xwr68xx.ae674 : dpedmahwa.oe674 (.text:DPEDMAHWA_configOneHotSignature)
                  007f33c0    00000120     libedma_xwr68xx.ae674 : edma.oe674 (.text:EDMA_configParamSet)
                  007f34e0    00000120     boot.ae674 : autoinit.oe674 (.text:_auto_init_elf)
                  007f3600    00000120     rts6740_elf.lib : _printfi.c.obj (.text:_pconv_f)
                  007f3720    00000120                     : getdevice.c.obj (.text:getdevice)
                  007f3840    00000120     sysbios.ae674 : BIOS.obj (.text:ti_sysbios_knl_Swi_restoreHwi__E)
                  007f3960    00000120                   : BIOS.obj (.text:ti_sysbios_knl_Task_unblockI__E)
                  007f3a80    00000100     gen_rand_data.oe674 (.text:GaussianNoise)
                  007f3b80    00000100     libhwa_xwr68xx.ae674 : hwa.oe674 (.text:HWA_disableParamSetInterrupt)
                  007f3c80    00000100     libsoc_xwr68xx.ae674 : soc_xwr68xx_dss.oe674 (.text:SOC_deviceInit)
                  007f3d80    00000100                          : soc_xwr68xx.oe674 (.text:SOC_translateAddress)
                  007f3e80    00000100     rts6740_elf.lib : fclose.c.obj (.text:__TI_closefile)
                  007f3f80    00000100                     : _printfi.c.obj (.text:_mcpy)
                  007f4080    00000100                     : atoi.c.obj (.text:atoi)
                  007f4180    00000100                     : fflush.c.obj (.text:fflush)
                  007f4280    00000100                     : fseek.c.obj (.text:fseek)
                  007f4380    00000100     sysbios.ae674 : BIOS.obj (.text:ti_sysbios_knl_Swi_schedule__I)
                  007f4480    00000100     ti.targets.rts6000.ae674 : Error.oe674 (.text:xdc_runtime_Error_print__E)
                  007f4580    00000100                              : Memory.oe674 (.text:xdc_runtime_Memory_alloc__E)
                  007f4680    00000100                              : Startup.oe674 (.text:xdc_runtime_Startup_exec__E)
                  007f4780    000000e0     libedma_xwr68xx.ae674 : edma.oe674 (.text:EDMA_close)
                  007f4860    000000e0                           : edma.oe674 (.text:EDMA_error_isr)
                  007f4940    000000e0     rts6740_elf.lib : hostlseek.c.obj (.text:HOSTlseek)
                  007f4a20    000000e0                     : hostopen.c.obj (.text:HOSTopen)
                  007f4b00    000000e0                     : hostwrite.c.obj (.text:HOSTwrite)
                  007f4be0    000000e0                     : _ltoa.c.obj (.text:__TI_ltoa)
                  007f4cc0    000000e0                     : _io_perm.c.obj (.text:__TI_wrt_ok)
                  007f4da0    000000e0                     : close.c.obj (.text:close)
                  007f4e80    000000e0                     : exit.c.obj (.text:exit)
                  007f4f60    000000e0     doppleprochwa_test_main.oe674 (.text:main)
                  007f5040    000000e0     rts6740_elf.lib : memset.c.obj (.text:memset)
                  007f5120    000000e0                     : printf.c.obj (.text:printf)
                  007f5200    000000e0     sysbios.ae674 : BIOS.obj (.text:ti_sysbios_heaps_HeapMem_alloc__E)
                  007f52e0    000000e0                   : BIOS.obj (.text:ti_sysbios_knl_Swi_runLoop__I)
                  007f53c0    000000e0                   : BIOS.obj (.text:ti_sysbios_knl_Swi_startup__E)
                  007f54a0    000000e0     ti.targets.rts6000.ae674 : Text.oe674 (.text:xdc_runtime_Text_visitRope2__I)
                  007f5580    000000c0     rts6740_elf.lib : hostread.c.obj (.text:HOSTread)
                  007f5640    000000c0                     : hostunlink.c.obj (.text:HOSTunlink)
                  007f5700    000000c0     libhwa_xwr68xx.ae674 : hwa.oe674 (.text:HWA_close)
                  007f57c0    000000c0                          : hwa.oe674 (.text:HWA_getDMAChanIndex)
                  007f5880    000000c0                          : hwa.oe674 (.text:HWA_getDMAconfig)
                  007f5940    000000c0                          : hwa.oe674 (.text:HWA_getDriverAccess)
                  007f5a00    000000c0                          : hwa.oe674 (.text:HWA_getHWAMemInfo)
                  007f5ac0    000000c0     rts6740_elf.lib : divu.asm.obj (.text:__divu)
                  007f5b80    000000c0                     : modf.c.obj (.text:modf)
                  007f5c40    000000c0     sysbios.ae674 : BIOS.obj (.text:ti_sysbios_heaps_HeapMem_getStats__E)
                  007f5d00    000000c0                   : BIOS.obj (.text:ti_sysbios_knl_Clock_logTick__E)
                  007f5dc0    000000c0                   : BIOS.obj (.text:ti_sysbios_knl_Task_allBlockedFunction__I)
                  007f5e80    000000c0     dss_pe674.oe674 (.text:ti_sysbios_knl_Task_create)
                  007f5f40    000000c0     rts6740_elf.lib : tls.c.obj (.text:tls:init:__TI_tls_init)
                  007f6000    000000c0     ti.targets.rts6000.ae674 : Assert.oe674 (.text:xdc_runtime_Assert_raise__I)
                  007f60c0    000000c0                              : Error.oe674 (.text:xdc_runtime_Error_setX__E)
                  007f6180    000000a0     libdpedma_hwa_xwr68xx.ae674 : dpedma.oe674 (.text:DPEDMA_setup_shadow_link)
                  007f6220    000000a0     libedma_xwr68xx.ae674 : edma_low_level.oe674 (.text:EDMA3EnableChInShadowReg)
                  007f62c0    000000a0                           : edma.oe674 (.text:EDMA_disableChannel)
                  007f6360    000000a0                           : edma.oe674 (.text:EDMA_enableChannel)
                  007f6400    000000a0                           : edma.oe674 (.text:EDMA_transferController_error_isr)
                  007f64a0    000000a0     rts6740_elf.lib : hostclose.c.obj (.text:HOSTclose)
                  007f6540    000000a0     libhwa_xwr68xx.ae674 : hwa.oe674 (.text:HWA_deleteInstance)
                  007f65e0    000000a0                          : hwa.oe674 (.text:HWA_disableDoneInterrupt)
                  007f6680    000000a0                          : hwa.oe674 (.text:HWA_enable)
                  007f6720    000000a0                          : hwa.oe674 (.text:HWA_enableDoneInterrupt)
                  007f67c0    000000a0     libsoc_xwr68xx.ae674 : soc.oe674 (.text:SOC_SystemISR)
                  007f6860    000000a0     rts6740_elf.lib : fopen.c.obj (.text:__TI_cleanup)
                  007f6900    000000a0                     : fflush.c.obj (.text:__TI_doflush)
                  007f69a0    000000a0                     : fixfu.c.obj (.text:__c6xabi_fixfu)
                  007f6a40    000000a0                     : round.c.obj (.text:__c6xabi_nround)
                  007f6ae0    000000a0                     : remu.asm.obj (.text:__remu)
                  007f6b80    000000a0     boot.ae674 : boot.oe674 (.text:_c_int00)
                  007f6c20    000000a0     rts6740_elf.lib : _printfi.c.obj (.text:_ecpy)
                  007f6cc0    000000a0                     : getdevice.c.obj (.text:finddevice)
                  007f6d60    000000a0                     : memcpy64.asm.obj (.text:memcpy)
                  007f6e00    000000a0     sysbios.ae674 : BIOS.obj (.text:ti_sysbios_family_c64p_Exception_Module_startup__E)
                  007f6ea0    000000a0                   : BIOS.obj (.text:ti_sysbios_family_c64p_Hwi_dispatchC__I)
                  007f6f40    000000a0                   : BIOS.obj (.text:ti_sysbios_family_c64p_Hwi_getStackInfo__E)
                  007f6fe0    000000a0     ti.targets.rts6000.ae674 : Core-params.oe674 (.text:xdc_runtime_Core_assignParams__I)
                  007f7080    000000a0                              : System.oe674 (.text:xdc_runtime_System_formatNum__I)
                  007f7120    000000a0                              : System.oe674 (.text:xdc_runtime_System_putchar__I)
                  007f71c0    000000a0                              : Text.oe674 (.text:xdc_runtime_Text_printVisFxn__I)
                  007f7260    000000a0                              : Text.oe674 (.text:xdc_runtime_Text_xprintf__I)
                  007f7300    00000080     libedma_xwr68xx.ae674 : edma_low_level.oe674 (.text:EDMA3MapChToEvtQ)
                  007f7380    00000080                           : edma.oe674 (.text:EDMA_getTransferControllerErrorStatusInfo)
                  007f7400    00000080                           : edma.oe674 (.text:EDMA_linkParamSets)
                  007f7480    00000080     libosal_xwr68xx.ae674 : SemaphoreP_tirtos.oe674 (.text:SemaphoreP_create)
                  007f7500    00000080     rts6740_elf.lib : trgmsg.c.obj (.text:__TI_readmsg)
                  007f7580    00000080                     : llshift.c.obj (.text:__c6xabi_llshl)
                  007f7600    00000080                     : roundf.c.obj (.text:__c6xabi_roundf)
                  007f7680    00000080                     : snprintf.c.obj (.text:_outs)
                  007f7700    00000080     sysbios.ae674 : c62_TaskSupport_asm.obj (.text:_ti_sysbios_family_c62_TaskSupport_swap__E)
                  007f7780    00000080     rts6740_elf.lib : snprintf.c.obj (.text:snprintf)
                  007f7800    00000080     dss_pe674.oe674 (.text:ti_sysbios_BIOS_atExitFunc__I)
                  007f7880    00000080     dss_pe674.oe674 (.text:ti_sysbios_BIOS_registerRTSLock__I)
                  007f7900    00000080     dss_pe674.oe674 (.text:ti_sysbios_gates_GateHwi_Object__create__S)
                  007f7980    00000080     dss_pe674.oe674 (.text:ti_sysbios_gates_GateMutex_Object__create__S)
                  007f7a00    00000080     sysbios.ae674 : BIOS.obj (.text:ti_sysbios_hal_Hwi_checkStack)
                  007f7a80    00000080     dss_pe674.oe674 (.text:ti_sysbios_heaps_HeapMem_Object__create__S)
                  007f7b00    00000080     sysbios.ae674 : BIOS.obj (.text:ti_sysbios_heaps_HeapMem_init__I)
                  007f7b80    00000080     dss_pe674.oe674 (.text:ti_sysbios_knl_Clock_doTick__I)
                  007f7c00    00000080     sysbios.ae674 : BIOS.obj (.text:ti_sysbios_knl_Idle_run__E)
                  007f7c80    00000080     dss_pe674.oe674 (.text:ti_sysbios_knl_Semaphore_create)
                  007f7d00    00000080     sysbios.ae674 : BIOS.obj (.text:ti_sysbios_knl_Semaphore_pendTimeout__I)
                  007f7d80    00000080                   : BIOS.obj (.text:ti_sysbios_knl_Task_processVitalTaskFlag__I)
                  007f7e00    00000080     dss_pe674.oe674 (.text:ti_sysbios_rts_MemAlloc_alloc)
                  007f7e80    00000080     sysbios.ae674 : BIOS.obj (.text:ti_sysbios_timers_rti_Timer_stop__E)
                  007f7f00    00000080     rts6740_elf.lib : unlink.c.obj (.text:unlink)
                  007f7f80    00000080     ti.targets.rts6000.ae674 : Core-label.oe674 (.text:xdc_runtime_Core_assignLabel__I)
                  007f8000    00000080                              : SysStd.oe674 (.text:xdc_runtime_SysStd_abort__E)
                  007f8080    00000080                              : System.oe674 (.text:xdc_runtime_System_atexit__E)
                  007f8100    00000080                              : System.oe674 (.text:xdc_runtime_System_avprintf__E)
                  007f8180    00000080                              : System.oe674 (.text:xdc_runtime_System_processAtExit__E)
                  007f8200    00000080                              : System.oe674 (.text:xdc_runtime_System_vprintf__E)
                  007f8280    00000060     libdopplerproc_hwa_xwr68xx.ae674 : dopplerprochwa.oe674 (.text:DPU_DopplerProcHWA_deinit)
                  007f82e0    00000060     libedma_xwr68xx.ae674 : edma_low_level.oe674 (.text:EDMA3ClrEvt)
                  007f8340    00000060                           : edma_low_level.oe674 (.text:EDMA3ClrIntr)
                  007f83a0    00000060                           : edma_low_level.oe674 (.text:EDMA3ClrMissEvt)
                  007f8400    00000060                           : edma_low_level.oe674 (.text:EDMA3DisableDmaEvt)
                  007f8460    00000060                           : edma_low_level.oe674 (.text:EDMA3DisableEvtIntr)
                  007f84c0    00000060                           : edma_low_level.oe674 (.text:EDMA3EnableDmaEvt)
                  007f8520    00000060                           : edma_low_level.oe674 (.text:EDMA3EnableEvtIntr)
                  007f8580    00000060                           : edma_low_level.oe674 (.text:EDMA3SetEvt)
                  007f85e0    00000060                           : edma.oe674 (.text:EDMA_configTransferControllerError)
                  007f8640    00000060                           : edma.oe674 (.text:EDMA_validate_channelIdchannelType)
                  007f86a0    00000060     libhwa_xwr68xx.ae674 : hwa.oe674 (.text:HWA_allParamDoneISR)
                  007f8700    00000060     gen_rand_data.oe674 (.text:RandSimple)
                  007f8760    00000060     libsoc_xwr68xx.ae674 : soc_xwr68xx.oe674 (.text:SOC_enableHWA)
                  007f87c0    00000060                          : soc.oe674 (.text:SOC_unhaltBSS)
                  007f8820    00000060     rts6740_elf.lib : trgmsg.c.obj (.text:__TI_writemsg)
                  007f8880    00000060                     : llshift.c.obj (.text:__c6xabi_llshru)
                  007f88e0    00000060                     : imath64.c.obj (.text:__c6xabi_remlli)
                  007f8940    00000060                     : imath64.c.obj (.text:_subcull)
                  007f89a0    00000060     sysbios.ae674 : c64p_Hwi_asm_switch.obj (.text:_ti_sysbios_family_c64p_Hwi_switchAndDispatch__I)
                  007f8a00    00000060                   : c64p_Hwi_asm_switch.obj (.text:_ti_sysbios_family_xxx_Hwi_switchAndRunFunc)
                  007f8a60    00000060     rts6740_elf.lib : lseek.c.obj (.text:lseek)
                  007f8ac0    00000060                     : memccpy.c.obj (.text:memccpy)
                  007f8b20    00000060                     : modff.c.obj (.text:modff)
                  007f8b80    00000060                     : sprintf.c.obj (.text:sprintf)
                  007f8be0    00000060     dss_pe674.oe674 (.text:ti_sysbios_BIOS_errorRaiseHook__I)
                  007f8c40    00000060     dss_pe674.oe674 (.text:ti_sysbios_BIOS_removeRTSLock__I)
                  007f8ca0    00000060     dss_pe674.oe674 (.text:ti_sysbios_BIOS_startFunc__I)
                  007f8d00    00000060     sysbios.ae674 : BIOS.obj (.text:ti_sysbios_family_c62_TaskSupport_start__E)
                  007f8d60    00000060                   : BIOS.obj (.text:ti_sysbios_family_c64p_Cache_setMar__E)
                  007f8dc0    00000060                   : BIOS.obj (.text:ti_sysbios_family_c64p_EventCombiner_Module_startup__E)
                  007f8e20    00000060                   : BIOS.obj (.text:ti_sysbios_family_c64p_EventCombiner_unused__E)
                  007f8e80    00000060     dss_pe674.oe674 (.text:ti_sysbios_gates_GateMutex_Object__delete__S)
                  007f8ee0    00000060     sysbios.ae674 : BIOS.obj (.text:ti_sysbios_hal_Hwi_initStack)
                  007f8f40    00000060                   : BIOS.obj (.text:ti_sysbios_heaps_HeapMem_free__E)
                  007f8fa0    00000060                   : BIOS.obj (.text:ti_sysbios_knl_Clock_Module_startup__E)
                  007f9000    00000060     dss_pe674.oe674 (.text:ti_sysbios_knl_Queue_construct)
                  007f9060    00000060     dss_pe674.oe674 (.text:ti_sysbios_knl_Semaphore_construct)
                  007f90c0    00000060     sysbios.ae674 : BIOS.obj (.text:ti_sysbios_knl_Swi_Module_startup__E)
                  007f9120    00000060                   : BIOS.obj (.text:ti_sysbios_knl_Task_enter__I)
                  007f9180    00000060     rts6740_elf.lib : write.c.obj (.text:write)
                  007f91e0    00000060     ti.targets.rts6000.ae674 : Memory.oe674 (.text:xdc_runtime_Memory_valloc__E)
                  007f9240    00000060                              : Text.oe674 (.text:xdc_runtime_Text_cordText__E)
                  007f92a0    00000040     libhwa_xwr68xx.ae674 : hwa.oe674 (.text:CSL_FEXTR)
                  007f92e0    00000040     libsoc_xwr68xx.ae674 : soc.oe674 (.text:CSL_FEXTR)
                  007f9320    00000040                          : soc_xwr68xx.oe674 (.text:CSL_FEXTR)
                  007f9360    00000040     libhwa_xwr68xx.ae674 : hwa.oe674 (.text:CSL_FINSR)
                  007f93a0    00000040     libsoc_xwr68xx.ae674 : soc.oe674 (.text:CSL_FINSR)
                  007f93e0    00000040                          : soc_xwr68xx.oe674 (.text:CSL_FINSR)
                  007f9420    00000040                          : soc_xwr68xx_dss.oe674 (.text:CSL_FINSR)
                  007f9460    00000040     libedma_xwr68xx.ae674 : edma_low_level.oe674 (.text:EDMA3MapQdmaChToPaRAM)
                  007f94a0    00000040                           : edma_low_level.oe674 (.text:EDMA3SetPaRAM)
                  007f94e0    00000040                           : edma_low_level.oe674 (.text:EDMA3SetQdmaTrigWord)
                  007f9520    00000040                           : edma.oe674 (.text:EDMA_clearTransferControllerErrors)
                  007f9560    00000040     libosal_xwr68xx.ae674 : HwiP_tirtos.oe674 (.text:HwiP_create)
                  007f95a0    00000040                           : HwiP_tirtos.oe674 (.text:HwiP_delete)
                  007f95e0    00000040     libtestlogger_xwr68xx.ae674 : logger.oe674 (.text:MCPI_Initialize)
                  007f9620    00000040     libsoc_xwr68xx.ae674 : soc_xwr68xx_dss.oe674 (.text:SOC_getInAddr_LUTType)
                  007f9660    00000040                          : soc_xwr68xx_dss.oe674 (.text:SOC_getOutAddr_LUTType)
                  007f96a0    00000040     rts6740_elf.lib : frcmpyd_div.c.obj (.text:__TI_frcmpyd_div)
                  007f96e0    00000040                     : isinf.c.obj (.text:__c6xabi_isinf)
                  007f9720    00000040                     : _printfi.c.obj (.text:__c6xabi_isnan)
                  007f9760    00000040                     : args_main.c.obj (.text:_args_main)
                  007f97a0    00000040                     : snprintf.c.obj (.text:_outc)
                  007f97e0    00000040                     : sprintf.c.obj (.text:_outs)
                  007f9820    00000040     sysbios.ae674 : c62_TaskSupport_asm.obj (.text:_ti_sysbios_family_c62_TaskSupport_buildTaskStack)
                  007f9860    00000040     dss_pe674.oe674 (.text:free)
                  007f98a0    00000040     rts6740_elf.lib : log2.c.obj (.text:log2)
                  007f98e0    00000040     mathutils.oe674 (.text:mathUtils_floorLog2)
                  007f9920    00000040     dss_pe674.oe674 (.text:ti_sysbios_BIOS_exitFunc__I)
                  007f9960    00000040     dss_pe674.oe674 (.text:ti_sysbios_BIOS_rtsLock__I)
                  007f99a0    00000040     dss_pe674.oe674 (.text:ti_sysbios_BIOS_rtsUnlock__I)
                  007f99e0    00000040     sysbios.ae674 : BIOS.obj (.text:ti_sysbios_family_c64p_Hwi_disableInterrupt__E)
                  007f9a20    00000040                   : BIOS.obj (.text:ti_sysbios_family_c64p_Hwi_enableInterrupt__E)
                  007f9a60    00000040     dss_pe674.oe674 (.text:ti_sysbios_gates_GateHwi_Handle__label__S)
                  007f9aa0    00000040     dss_pe674.oe674 (.text:ti_sysbios_gates_GateHwi_Object__delete__S)
                  007f9ae0    00000040     dss_pe674.oe674 (.text:ti_sysbios_gates_GateMutex_Handle__label__S)
                  007f9b20    00000040     sysbios.ae674 : BIOS.obj (.text:ti_sysbios_gates_GateMutex_Instance_init__E)
                  007f9b60    00000040                   : BIOS.obj (.text:ti_sysbios_gates_GateMutex_leave__E)
                  007f9ba0    00000040     dss_pe674.oe674 (.text:ti_sysbios_heaps_HeapMem_Handle__label__S)
                  007f9be0    00000040     dss_pe674.oe674 (.text:ti_sysbios_heaps_HeapMem_Object__delete__S)
                  007f9c20    00000040     dss_pe674.oe674 (.text:ti_sysbios_heaps_HeapMem_Object__get__S)
                  007f9c60    00000040     dss_pe674.oe674 (.text:ti_sysbios_knl_Semaphore_destruct)
                  007f9ca0    00000040     dss_pe674.oe674 (.text:ti_sysbios_knl_Swi_Object__get__S)
                  007f9ce0    00000040     dss_pe674.oe674 (.text:ti_sysbios_knl_Task_Object__get__S)
                  007f9d20    00000040     sysbios.ae674 : BIOS.obj (.text:ti_sysbios_timers_rti_Timer_periodicStub__E)
                  007f9d60    00000040     rts6740_elf.lib : wcslen.c.obj (.text:wcslen)
                  007f9da0    00000040     ti.targets.rts6000.ae674 : Error.oe674 (.text:xdc_runtime_Error_check__E)
                  007f9de0    00000040                              : Error.oe674 (.text:xdc_runtime_Error_init__E)
                  007f9e20    00000040                              : Registry.oe674 (.text:xdc_runtime_Registry_findById__E)
                  007f9e60    00000040                              : System.oe674 (.text:xdc_runtime_System_abort__E)
                  007f9ea0    00000040     dss_pe674.oe674 (.text:xdc_runtime_System_aprintf__E)
                  007f9ee0    00000040     ti.targets.rts6000.ae674 : System.oe674 (.text:xdc_runtime_System_exit__E)
                  007f9f20    00000040     dss_pe674.oe674 (.text:xdc_runtime_System_printf__E)
                  007f9f60    00000020     libdopplerproc_hwa_xwr68xx.ae674 : dopplerprochwa.oe674 (.text:DPU_DopplerProcHWA_edmaDoneIsrCallback)
                  007f9f80    00000020                                      : dopplerprochwa.oe674 (.text:DPU_DopplerProcHWA_hwaDoneIsrCallback)
                  007f9fa0    00000020     libedma_xwr68xx.ae674 : edma_low_level.oe674 (.text:EDMA3ChannelToParamMap)
                  007f9fc0    00000020                           : edma_low_level.oe674 (.text:EDMA3ClrCCErr)
                  007f9fe0    00000020                           : edma_low_level.oe674 (.text:EDMA3DisableQdmaEvt)
                  007fa000    00000020                           : edma_low_level.oe674 (.text:EDMA3EnableQdmaEvt)
                  007fa020    00000020                           : edma_low_level.oe674 (.text:EDMA3ErrIntrHighStatusGet)
                  007fa040    00000020                           : edma_low_level.oe674 (.text:EDMA3GetCCErrStatus)
                  007fa060    00000020                           : edma_low_level.oe674 (.text:EDMA3GetErrIntrStatus)
                  007fa080    00000020                           : edma_low_level.oe674 (.text:EDMA3GetIntrStatus)
                  007fa0a0    00000020                           : edma_low_level.oe674 (.text:EDMA3IntrStatusHighGet)
                  007fa0c0    00000020                           : edma_low_level.oe674 (.text:EDMA3QdmaClrMissEvt)
                  007fa0e0    00000020                           : edma_low_level.oe674 (.text:EDMA3QdmaGetErrIntrStatus)
                  007fa100    00000020                           : edma.oe674 (.text:EDMA_getNumInstances)
                  007fa120    00000020                           : edma_low_level.oe674 (.text:EDMAsetRegion)
                  007fa140    00000020     libhwa_xwr68xx.ae674 : hwa.oe674 (.text:HWA_init)
                  007fa160    00000020     libosal_xwr68xx.ae674 : HwiP_tirtos.oe674 (.text:HwiP_Params_init)
                  007fa180    00000020                           : HwiP_tirtos.oe674 (.text:HwiP_disable)
                  007fa1a0    00000020                           : HwiP_tirtos.oe674 (.text:HwiP_disableInterrupt)
                  007fa1c0    00000020                           : HwiP_tirtos.oe674 (.text:HwiP_enableInterrupt)
                  007fa1e0    00000020                           : HwiP_tirtos.oe674 (.text:HwiP_restore)
                  007fa200    00000020     libtestlogger_xwr68xx.ae674 : logger.oe674 (.text:MCPI_setTestResult)
                  007fa220    00000020     libosal_xwr68xx.ae674 : MemoryP_tirtos.oe674 (.text:MemoryP_ctrlAlloc)
                  007fa240    00000020                           : MemoryP_tirtos.oe674 (.text:MemoryP_ctrlFree)
                  007fa260    00000020     doppleprochwa_test_main.oe674 (.text:MmwDemo_EDMA_errorCallbackFxn)
                  007fa280    00000020     doppleprochwa_test_main.oe674 (.text:MmwDemo_EDMA_transferControllerErrorCallbackFxn)
                  007fa2a0    00000020     libosal_xwr68xx.ae674 : SemaphoreP_tirtos.oe674 (.text:SemaphoreP_Params_init)
                  007fa2c0    00000020                           : SemaphoreP_tirtos.oe674 (.text:SemaphoreP_pend)
                  007fa2e0    00000020                           : SemaphoreP_tirtos.oe674 (.text:SemaphoreP_post)
                  007fa300    00000020                           : DebugP_tirtos.oe674 (.text:_DebugP_assert)
                  007fa320    00000020     rts6740_elf.lib : errno.c.obj (.text:__c6xabi_errno_addr)
                  007fa340    00000020                     : trunc.c.obj (.text:__c6xabi_trunc)
                  007fa360    00000020                     : truncf.c.obj (.text:__c6xabi_truncf)
                  007fa380    00000020                     : push.asm.obj (.text:__pop_rts)
                  007fa3a0    00000020                     : push.asm.obj (.text:__push_rts)
                  007fa3c0    00000020                     : _lock.c.obj (.text:_nop)
                  007fa3e0    00000020                     : printf.c.obj (.text:_outc)
                  007fa400    00000020                     : sprintf.c.obj (.text:_outc)
                  007fa420    00000020                     : printf.c.obj (.text:_outs)
                  007fa440    00000020                     : _lock.c.obj (.text:_register_lock)
                  007fa460    00000020                     : _lock.c.obj (.text:_register_unlock)
                  007fa480    00000020                     : signbit.c.obj (.text:_signbit)
                  007fa4a0    00000020     sysbios.ae674 : c62_TaskSupport_asm.obj (.text:_ti_sysbios_family_c62_TaskSupport_glue)
                  007fa4c0    00000020     rts6740_elf.lib : exit.c.obj (.text:abort)
                  007fa4e0    00000020                     : llabs.c.obj (.text:llabs)
                  007fa500    00000020     mathutils.oe674 (.text:mathUtils_ceilLog2)
                  007fa520    00000020     rts6740_elf.lib : fputc.c.obj (.text:putchar)
                  007fa540    00000020     dss_pe674.oe674 (.text:ti_sysbios_BIOS_RtsGateProxy_enter__E)
                  007fa560    00000020     dss_pe674.oe674 (.text:ti_sysbios_BIOS_RtsGateProxy_leave__E)
                  007fa580    00000020     sysbios.ae674 : BIOS.obj (.text:ti_sysbios_BIOS_exit__E)
                  007fa5a0    00000020                   : BIOS.obj (.text:ti_sysbios_BIOS_linkedWithIncorrectBootLibrary__E)
                  007fa5c0    00000020     dss_pe674.oe674 (.text:ti_sysbios_BIOS_nullFunc__I)
                  007fa5e0    00000020     sysbios.ae674 : BIOS.obj (.text:ti_sysbios_BIOS_setThreadType__E)
                  007fa600    00000020                   : BIOS.obj (.text:ti_sysbios_BIOS_start__E)
                  007fa620    00000020     dss_pe674.oe674 (.text:ti_sysbios_family_c62_TaskSupport_Module__startupDone__S)
                  007fa640    00000020     sysbios.ae674 : BIOS.obj (.text:ti_sysbios_family_c62_TaskSupport_checkStack__E)
                  007fa660    00000020                   : BIOS.obj (.text:ti_sysbios_family_c62_TaskSupport_getStackAlignment__E)
                  007fa680    00000020     dss_pe674.oe674 (.text:ti_sysbios_family_c64p_Hwi_Module__startupDone__F)
                  007fa6a0    00000020     sysbios.ae674 : BIOS.obj (.text:ti_sysbios_family_c64p_Hwi_clearInterrupt__E)
                  007fa6c0    00000020                   : BIOS.obj (.text:ti_sysbios_family_c64p_Hwi_startup__E)
                  007fa6e0    00000020                   : BIOS.obj (.text:ti_sysbios_family_c64p_Hwi_switchFromBootStack__E)
                  007fa700    00000020                   : BIOS.obj (.text:ti_sysbios_gates_GateHwi_Instance_init__E)
                  007fa720    00000020                   : BIOS.obj (.text:ti_sysbios_gates_GateHwi_enter__E)
                  007fa740    00000020                   : BIOS.obj (.text:ti_sysbios_gates_GateHwi_leave__E)
                  007fa760    00000020                   : BIOS.obj (.text:ti_sysbios_gates_GateHwi_query__E)
                  007fa780    00000020                   : BIOS.obj (.text:ti_sysbios_gates_GateMutex_Instance_finalize__E)
                  007fa7a0    00000020                   : BIOS.obj (.text:ti_sysbios_gates_GateMutex_query__E)
                  007fa7c0    00000020                   : BIOS.obj (.text:ti_sysbios_hal_Hwi_Module_startup__E)
                  007fa7e0    00000020     dss_pe674.oe674 (.text:ti_sysbios_heaps_HeapMem_Module_GateProxy_enter__E)
                  007fa800    00000020     dss_pe674.oe674 (.text:ti_sysbios_heaps_HeapMem_Module_GateProxy_leave__E)
                  007fa820    00000020     sysbios.ae674 : BIOS.obj (.text:ti_sysbios_heaps_HeapMem_isBlocking__E)
                  007fa840    00000020     dss_pe674.oe674 (.text:ti_sysbios_knl_Clock_TimerProxy_getMaxTicks__E)
                  007fa860    00000020     sysbios.ae674 : BIOS.obj (.text:ti_sysbios_knl_Idle_loop__E)
                  007fa880    00000020                   : BIOS.obj (.text:ti_sysbios_knl_Queue_Instance_init__E)
                  007fa8a0    00000020     dss_pe674.oe674 (.text:ti_sysbios_knl_Queue_Object__get__S)
                  007fa8c0    00000020     dss_pe674.oe674 (.text:ti_sysbios_knl_Queue_destruct)
                  007fa8e0    00000020     sysbios.ae674 : BIOS.obj (.text:ti_sysbios_knl_Queue_empty__E)
                  007fa900    00000020                   : BIOS.obj (.text:ti_sysbios_knl_Semaphore_Instance_finalize__E)
                  007fa920    00000020     dss_pe674.oe674 (.text:ti_sysbios_knl_Semaphore_Params__init__S)
                  007fa940    00000020     sysbios.ae674 : BIOS.obj (.text:ti_sysbios_knl_Swi_disable__E)
                  007fa960    00000020     dss_pe674.oe674 (.text:ti_sysbios_knl_Task_Params__init__S)
                  007fa980    00000020     sysbios.ae674 : BIOS.obj (.text:ti_sysbios_knl_Task_disable__E)
                  007fa9a0    00000020                   : BIOS.obj (.text:ti_sysbios_knl_Task_startup__E)
                  007fa9c0    00000020     dss_pe674.oe674 (.text:ti_sysbios_timers_rti_Timer_Module__startupDone__F)
                  007fa9e0    00000020     sysbios.ae674 : BIOS.obj (.text:ti_sysbios_timers_rti_Timer_getMaxTicks__E)
                  007faa00    00000020     ti.targets.rts6000.ae674 : Error.oe674 (.text:xdc_runtime_Error_getSite__E)
                  007faa20    00000020                              : Error.oe674 (.text:xdc_runtime_Error_raiseX__E)
                  007faa40    00000020                              : Gate.oe674 (.text:xdc_runtime_Gate_enterSystem__E)
                  007faa60    00000020                              : Gate.oe674 (.text:xdc_runtime_Gate_leaveSystem__E)
                  007faa80    00000020     dss_pe674.oe674 (.text:xdc_runtime_IHeap_alloc)
                  007faaa0    00000020     dss_pe674.oe674 (.text:xdc_runtime_IHeap_free)
                  007faac0    00000020     ti.targets.rts6000.ae674 : Memory.oe674 (.text:xdc_runtime_Memory_calloc__E)
                  007faae0    00000020                              : Memory.oe674 (.text:xdc_runtime_Memory_free__E)
                  007fab00    00000020                              : Memory.oe674 (.text:xdc_runtime_Memory_getMaxDefaultTypeAlign__E)
                  007fab20    00000020     dss_pe674.oe674 (.text:xdc_runtime_Startup_exec__I)
                  007fab40    00000020     dss_pe674.oe674 (.text:xdc_runtime_Startup_reset__I)
                  007fab60    00000020     ti.targets.rts6000.ae674 : Startup.oe674 (.text:xdc_runtime_Startup_rtsDone__E)
                  007fab80    00000020                              : SysStd.oe674 (.text:xdc_runtime_SysStd_exit__E)
                  007faba0    00000020                              : SysStd.oe674 (.text:xdc_runtime_SysStd_putch__E)
                  007fabc0    00000020                              : SysStd.oe674 (.text:xdc_runtime_SysStd_ready__E)
                  007fabe0    00000020     dss_pe674.oe674 (.text:xdc_runtime_System_Module_GateProxy_enter__E)
                  007fac00    00000020     dss_pe674.oe674 (.text:xdc_runtime_System_Module_GateProxy_leave__E)
                  007fac20    00000020     ti.targets.rts6000.ae674 : System.oe674 (.text:xdc_runtime_System_Module_startup__E)
                  007fac40    00000020                              : System.oe674 (.text:xdc_runtime_System_vsnprintf__E)
                  007fac60    00000020                              : Text.oe674 (.text:xdc_runtime_Text_ropeText__E)
                  007fac80    00000020     dss_pe674.oe674 (.text:xdc_runtime_Text_visitRope__I)

.MCPILogBuffer 
*          0    007faca0    00002400     UNINITIALIZED
                  007faca0    00002400     doppleprochwa_test_main.oe674 (.MCPILogBuffer)

.stack     0    007fd0a0    00001000     UNINITIALIZED
                  007fd0a0    00000008     boot.ae674 : boot.oe674 (.stack)
                  007fd0a8    00000ff8     --HOLE--

.cinit     0    00800000    00000000     UNINITIALIZED

.cio       0    007fe8b8    00000120     UNINITIALIZED
                  007fe8b8    00000120     rts6740_elf.lib : trgmsg.c.obj (.cio)

.switch    0    007fe9d8    0000008c     
                  007fe9d8    00000038     rts6740_elf.lib : _printfi.c.obj (.switch:__TI_printfi)
                  007fea10    0000001c     libsoc_xwr68xx.ae674 : soc_xwr68xx.oe674 (.switch:SOC_ungateClock)
                  007fea2c    00000018     libhwa_xwr68xx.ae674 : hwa.oe674 (.switch:HWA_configParamSet)
                  007fea44    00000010     libsoc_xwr68xx.ae674 : soc_xwr68xx_dss.oe674 (.switch:SOC_getInAddr_LUTType)
                  007fea54    00000010                          : soc_xwr68xx_dss.oe674 (.switch:SOC_getOutAddr_LUTType)

.rodata    0    007fea68    00000000     UNINITIALIZED

.bss       0    007fea68    00000012     UNINITIALIZED
                  007fea68    00000004     (.common:dopplerProcDpuHandle)
                  007fea6c    00000004     (.common:edmaHandle)
                  007fea70    00000004     (.common:hwaHandle)
                  007fea74    00000004     (.common:socHandle)
                  007fea78    00000001     (.common:checkResults)
                  007fea79    00000001     (.common:finalResults)

.neardata 
*          0    007fea80    0000001c     
                  007fea80    0000000c     libtestlogger_xwr68xx.ae674 : logger.oe674 (.neardata)
                  007fea8c    00000004     doppleprochwa_test_main.oe674 (.neardata)
                  007fea90    00000008     gen_rand_data.oe674 (.neardata)
                  007fea98    00000004     libedma_xwr68xx.ae674 : edma_low_level.oe674 (.neardata)

.far       0    0081ea08    000010b8     UNINITIALIZED
                  0081ea08    00000800     dss_pe674.oe674 (.far:taskStackSection)
                  0081f208    000006f8     libedma_xwr68xx.ae674 : edma.oe674 (.far:EDMA_object)
                  0081f900    00000140     (.common:__TI_tmpnams)
                  0081fa40    00000064     (.common:dopplerProcDpuCfg)
                  0081faa4    00000010     (.common:edmaDbg)
                  0081fab4    00000004     --HOLE--
                  0081fab8    00000008     (.common:parmbuf)

.l3ram     0    20000000    000c0000     UNINITIALIZED
                  20000000    000c0000     doppleprochwa_test_main.oe674 (.l3ram)

.fardata.1 
*          0    007fe0a0    00000814     
                  007fe0a0    000001e0     rts6740_elf.lib : defs.c.obj (.fardata:_ftable)
                  007fe280    00000080     dss_pe674.oe674 (.fardata:ti_sysbios_knl_Task_Module_State_0_readyQ__A)
                  007fe300    00000078     rts6740_elf.lib : write.c.obj (.fardata:_device)
                  007fe378    00000078     dss_pe674.oe674 (.fardata:ti_sysbios_family_c64p_Hwi_Object__table__V)
                  007fe3f0    0000006c     dss_pe674.oe674 (.fardata:ti_sysbios_family_c64p_Hwi_Module__state__V)
                  007fe45c    00000004     rts6740_elf.lib : _lock.c.obj (.fardata:_lock)
                  007fe460    0000005c     dss_pe674.oe674 (.fardata:ti_sysbios_knl_Task_Object__table__V)
                  007fe4bc    00000048     dss_pe674.oe674 (.fardata:ti_sysbios_knl_Task_Module__state__V)
                  007fe504    00000004     rts6740_elf.lib : _lock.c.obj (.fardata:_unlock)
                  007fe508    00000040                     : cos.c.obj (.fardata:R$1)
                  007fe548    00000040                     : sin.c.obj (.fardata:R$1)
                  007fe588    00000040     libsoc_xwr68xx.ae674 : soc_xwr68xx.oe674 (.fardata:SOC_TranslateAddr_LUT)
                  007fe5c8    00000040     dss_pe674.oe674 (.fardata:ti_sysbios_gates_GateMutex_Object__table__V)
                  007fe608    0000003c     dss_pe674.oe674 (.fardata:ti_sysbios_timers_rti_Timer_Object__table__V)
                  007fe644    00000004     rts6740_elf.lib : defs.c.obj (.fardata)
                  007fe648    00000030     libhwa_xwr68xx.ae674 : hwa_xwr68xx.oe674 (.fardata:gHWAHwCfg)
                  007fe678    00000030     dss_pe674.oe674 (.fardata:ti_sysbios_family_c64p_Exception_Module__state__V)
                  007fe6a8    00000030     dss_pe674.oe674 (.fardata:ti_sysbios_knl_Swi_Object__table__V)
                  007fe6d8    0000002c     dss_pe674.oe674 (.fardata:ti_sysbios_knl_Clock_Module__state__V)
                  007fe704    00000024     dss_pe674.oe674 (.fardata:ti_sysbios_BIOS_Module__state__V)
                  007fe728    00000020     dss_pe674.oe674 (.fardata:xdc_runtime_Error_IgnoreBlock)
                  007fe748    00000020     dss_pe674.oe674 (.fardata:xdc_runtime_System_Module_State_0_atexitHandlers__A)
                  007fe768    0000001c     dss_pe674.oe674 (.fardata:ti_sysbios_knl_Swi_Module__state__V)
                  007fe784    00000004     rts6740_elf.lib : errno.c.obj (.fardata)
                  007fe788    00000018                     : log.c.obj (.fardata:A$1)
                  007fe7a0    00000018                     : log.c.obj (.fardata:B$2)
                  007fe7b8    00000018     dss_pe674.oe674 (.fardata:ti_sysbios_heaps_HeapMem_Object__table__V)
                  007fe7d0    00000018     dss_pe674.oe674 (.fardata:ti_sysbios_timers_rti_Timer_Module_State_0_device__A)
                  007fe7e8    00000010     rts6740_elf.lib : cosf.c.obj (.fardata:R$1)
                  007fe7f8    00000010                     : sinf.c.obj (.fardata:R$1)
                  007fe808    00000010     libhwa_xwr68xx.ae674 : hwa.oe674 (.fardata:gHwaEDMAChanMapping)
                  007fe818    00000010     dss_pe674.oe674 (.fardata:ti_sysbios_timers_rti_Timer_Module_State_0_intFreqs__A)
                  007fe828    00000010     dss_pe674.oe674 (.fardata:ti_sysbios_timers_rti_Timer_Module__state__V)
                  007fe838    0000000c     rts6740_elf.lib : exit.c.obj (.fardata)
                  007fe844    00000008     dss_pe674.oe674 (.fardata:ti_sysbios_gates_GateHwi_Module__root__V)
                  007fe84c    00000008     dss_pe674.oe674 (.fardata:ti_sysbios_gates_GateMutex_Module__root__V)
                  007fe854    00000004     dss_pe674.oe674 (.fardata:ti_sysbios_family_c64p_Cache_Module__state__V)
                  007fe858    00000008     dss_pe674.oe674 (.fardata:ti_sysbios_hal_Hwi_Object__table__V)
                  007fe860    00000008     dss_pe674.oe674 (.fardata:ti_sysbios_heaps_HeapMem_Module__root__V)
                  007fe868    00000008     dss_pe674.oe674 (.fardata:ti_sysbios_knl_Queue_Module__root__V)
                  007fe870    00000008     dss_pe674.oe674 (.fardata:ti_sysbios_knl_Semaphore_Module__root__V)
                  007fe878    00000008     dss_pe674.oe674 (.fardata:ti_sysbios_knl_Task_Module__root__V)
                  007fe880    00000008     dss_pe674.oe674 (.fardata:ti_sysbios_timers_rti_Timer_Module_State_0_handles__A)
                  007fe888    00000008     dss_pe674.oe674 (.fardata:xdc_runtime_Registry_Module__state__V)
                  007fe890    00000008     dss_pe674.oe674 (.fardata:xdc_runtime_Startup_Module__state__V)
                  007fe898    00000008     dss_pe674.oe674 (.fardata:xdc_runtime_System_Module__state__V)
                  007fe8a0    00000004     libhwa_xwr68xx.ae674 : hwa_xwr68xx.oe674 (.fardata:gHWADriverPtr)
                  007fe8a4    00000004     dss_pe674.oe674 (.fardata:xdc_runtime_Memory_Module__state__V)
                  007fe8a8    00000004     dss_pe674.oe674 (.fardata:ti_sysbios_gates_GateHwi_Object__table__V)
                  007fe8ac    00000002     dss_pe674.oe674 (.fardata:xdc_runtime_Error_Module__state__V)
                  007fe8ae    00000002     --HOLE-- [fill = 0]
                  007fe8b0    00000004     dss_pe674.oe674 (.fardata:ti_sysbios_knl_Task_Module_State_0_idleTask__A)

.l2data    0    00800000    00013c00     UNINITIALIZED
                  00800000    00013c00     doppleprochwa_test_main.oe674 (.l2data)

systemHeap 
*          0    00813c00    00008000     UNINITIALIZED
                  00813c00    00008000     dss_pe674.oe674 (systemHeap)

.const     0    0081bc00    00002e04     
                  0081bc00    000019be     dss_pe674.oe674 (.const:xdc_runtime_Text_charTab__A)
                  0081d5be    00000002     dss_pe674.oe674 (.const:ti_sysbios_family_c64p_Cache_Module__id__C)
                  0081d5c0    00000518     sysbios.ae674 : BIOS.obj (.const:.string)
                  0081dad8    00000480     doppleprochwa_test_main.oe674 (.const:.string)
                  0081df58    00000101     rts6740_elf.lib : ctype.c.obj (.const:.string:_ctypes_)
                  0081e059    00000001     --HOLE-- [fill = 0]
                  0081e05a    00000002     dss_pe674.oe674 (.const:ti_sysbios_family_c64p_EventCombiner_Module__id__C)
                  0081e05c    00000004     ti.targets.rts6000.ae674 : Assert.oe674 (.const:.string)
                  0081e060    000000c8     dss_pe674.oe674 (.const:xdc_runtime_Text_nodeTab__A)
                  0081e128    00000094     libtestlogger_xwr68xx.ae674 : logger.oe674 (.const:.string)
                  0081e1bc    00000074     dss_pe674.oe674 (.const:.string)
                  0081e230    00000058     libedma_xwr68xx.ae674 : edma.oe674 (.const:.string)
                  0081e288    00000058     ti.targets.rts6000.ae674 : Error.oe674 (.const:.string)
                  0081e2e0    00000044     dss_pe674.oe674 (.const:ti_sysbios_knl_Task_Object__PARAMS__C)
                  0081e324    00000040     ti.targets.rts6000.ae674 : Text.oe674 (.const:.string)
                  0081e364    00000004     dss_pe674.oe674 (.const:ti_sysbios_family_c62_TaskSupport_stackAlignment__C)
                  0081e368    00000040     libhwa_xwr68xx.ae674 : hwa.oe674 (.const:gHwaTrigSignatures)
                  0081e3a8    0000003c     libsoc_xwr68xx.ae674 : soc_xwr68xx_dss.oe674 (.const:.string)
                  0081e3e4    00000004     dss_pe674.oe674 (.const:ti_sysbios_family_c64p_Cache_E_invalidL1CacheSize__C)
                  0081e3e8    00000038     libedma_xwr68xx.ae674 : edma_xwr1xxx.oe674 (.const:gEdmaHwAttrs)
                  0081e420    0000002c     ti.targets.rts6000.ae674 : Startup.oe674 (.const:.string)
                  0081e44c    00000028     dss_pe674.oe674 (.const:ti_sysbios_heaps_HeapMem_Module__FXNS__C)
                  0081e474    00000004     dss_pe674.oe674 (.const:ti_sysbios_family_c64p_Cache_E_invalidL2CacheSize__C)
                  0081e478    00000028     dss_pe674.oe674 (.const:xdc_runtime_Startup_sfxnTab__A)
                  0081e4a0    00000024     doppleprochwa_test_main.oe674 (.const:$P$T1$2)
                  0081e4c4    00000024     rts6740_elf.lib : _printfi.c.obj (.const:.string)
                  0081e4e8    00000024     dss_pe674.oe674 (.const:ti_sysbios_gates_GateHwi_Module__FXNS__C)
                  0081e50c    00000024     dss_pe674.oe674 (.const:ti_sysbios_gates_GateMutex_Module__FXNS__C)
                  0081e530    00000024     dss_pe674.oe674 (.const:ti_sysbios_heaps_HeapMem_Object__PARAMS__C)
                  0081e554    00000024     dss_pe674.oe674 (.const:ti_sysbios_knl_Semaphore_Object__PARAMS__C)
                  0081e578    00000020     libhwa_xwr68xx.ae674 : hwa.oe674 (.const:$P$T0$1)
                  0081e598    00000020                          : hwa.oe674 (.const:.string)
                  0081e5b8    00000020     libosal_xwr68xx.ae674 : SemaphoreP_tirtos.oe674 (.const:.string)
                  0081e5d8    00000020     dss_pe674.oe674 (.const:ti_sysbios_gates_GateHwi_Object__DESC__C)
                  0081e5f8    00000020     dss_pe674.oe674 (.const:ti_sysbios_gates_GateMutex_Object__DESC__C)
                  0081e618    00000020     dss_pe674.oe674 (.const:ti_sysbios_heaps_HeapMem_Object__DESC__C)
                  0081e638    00000020     dss_pe674.oe674 (.const:ti_sysbios_knl_Queue_Object__DESC__C)
                  0081e658    00000020     dss_pe674.oe674 (.const:ti_sysbios_knl_Semaphore_Object__DESC__C)
                  0081e678    00000020     dss_pe674.oe674 (.const:ti_sysbios_knl_Task_Object__DESC__C)
                  0081e698    0000001c     doppleprochwa_test_main.oe674 (.const:$P$T0$1)
                  0081e6b4    0000001c     libosal_xwr68xx.ae674 : HwiP_tirtos.oe674 (.const:.string)
                  0081e6d0    00000018     ti.targets.rts6000.ae674 : System.oe674 (.const:.string)
                  0081e6e8    00000018     dss_pe674.oe674 (.const:ti_sysbios_gates_GateHwi_Object__PARAMS__C)
                  0081e700    00000018     dss_pe674.oe674 (.const:ti_sysbios_gates_GateMutex_Object__PARAMS__C)
                  0081e718    00000018     dss_pe674.oe674 (.const:ti_sysbios_knl_Queue_Object__PARAMS__C)
                  0081e730    00000014     dss_pe674.oe674 (.const:xdc_runtime_Startup_sfxnRts__A)
                  0081e744    00000004     dss_pe674.oe674 (.const:ti_sysbios_family_c64p_Cache_MAR0_31__C)
                  0081e748    00000010     libedma_xwr68xx.ae674 : edma.oe674 (.const:EDMA_config$1)
                  0081e758    00000010     dss_pe674.oe674 (.const:ti_sysbios_family_c64p_EventCombiner_EVTMASK__C)
                  0081e768    0000000c     doppleprochwa_test_main.oe674 (.const:$P$T2$3)
                  0081e774    00000004     dss_pe674.oe674 (.const:ti_sysbios_family_c64p_Cache_MAR128_159__C)
                  0081e778    0000000c     doppleprochwa_test_main.oe674 (.const:$P$T3$4)
                  0081e784    00000008     dss_pe674.oe674 (.const:ti_sysbios_knl_Idle_funcList__C)
                  0081e78c    00000004     dss_pe674.oe674 (.const:ti_sysbios_family_c64p_Cache_MAR160_191__C)
                  0081e790    00000008     dss_pe674.oe674 (.const:xdc_runtime_Startup_firstFxns__A)
                  0081e798    00000008     dss_pe674.oe674 (.const:xdc_runtime_Startup_firstFxns__C)
                  0081e7a0    00000008     dss_pe674.oe674 (.const:xdc_runtime_Startup_lastFxns__C)
                  0081e7a8    00000004     dss_pe674.oe674 (.const:ti_sysbios_family_c64p_Cache_MAR192_223__C)
                  0081e7ac    00000004     dss_pe674.oe674 (.const:ti_sysbios_family_c64p_Cache_MAR224_255__C)
                  0081e7b0    00000004     dss_pe674.oe674 (.const:ti_sysbios_family_c64p_Cache_MAR32_63__C)
                  0081e7b4    00000004     dss_pe674.oe674 (.const:ti_sysbios_family_c64p_Cache_MAR64_95__C)
                  0081e7b8    00000004     dss_pe674.oe674 (.const:ti_sysbios_family_c64p_Cache_MAR96_127__C)
                  0081e7bc    00000004     dss_pe674.oe674 (.const:ti_sysbios_family_c64p_EventCombiner_A_invalidEventId__C)
                  0081e7c0    00000004     dss_pe674.oe674 (.const:ti_sysbios_family_c64p_EventCombiner_EVTRegs__C)
                  0081e7c4    00000004     dss_pe674.oe674 (.const:ti_sysbios_family_c64p_EventCombiner_E_unpluggedEvent__C)
                  0081e7c8    00000004     dss_pe674.oe674 (.const:ti_sysbios_family_c64p_EventCombiner_Module__diagsEnabled__C)
                  0081e7cc    00000004     dss_pe674.oe674 (.const:ti_sysbios_family_c64p_EventCombiner_Module__diagsIncluded__C)
                  0081e7d0    00000004     dss_pe674.oe674 (.const:ti_sysbios_family_c64p_EventCombiner_Module__diagsMask__C)
                  0081e7d4    00000004     dss_pe674.oe674 (.const:ti_sysbios_family_c64p_Exception_E_exceptionMax__C)
                  0081e7d8    00000004     dss_pe674.oe674 (.const:ti_sysbios_family_c64p_Exception_exceptionHook__C)
                  0081e7dc    00000004     dss_pe674.oe674 (.const:ti_sysbios_family_c64p_Exception_externalHook__C)
                  0081e7e0    00000004     dss_pe674.oe674 (.const:ti_sysbios_family_c64p_Exception_internalHook__C)
                  0081e7e4    00000004     dss_pe674.oe674 (.const:ti_sysbios_family_c64p_Exception_nmiHook__C)
                  0081e7e8    00000004     dss_pe674.oe674 (.const:ti_sysbios_family_c64p_Hwi_INTRMUX1Address__C)
                  0081e7ec    00000004     dss_pe674.oe674 (.const:ti_sysbios_family_c64p_Hwi_LD_end__C)
                  0081e7f0    00000004     dss_pe674.oe674 (.const:ti_sysbios_family_c64p_Hwi_LM_begin__C)
                  0081e7f4    00000004     dss_pe674.oe674 (.const:ti_sysbios_family_c64p_Hwi_Module__diagsEnabled__C)
                  0081e7f8    00000004     dss_pe674.oe674 (.const:ti_sysbios_family_c64p_Hwi_Module__diagsIncluded__C)
                  0081e7fc    00000004     dss_pe674.oe674 (.const:ti_sysbios_family_c64p_Hwi_Module__diagsMask__C)
                  0081e800    00000004     dss_pe674.oe674 (.const:ti_sysbios_family_c64p_Hwi_Module__loggerFxn1__C)
                  0081e804    00000004     dss_pe674.oe674 (.const:ti_sysbios_family_c64p_Hwi_Module__loggerFxn8__C)
                  0081e808    00000004     dss_pe674.oe674 (.const:ti_sysbios_family_c64p_Hwi_Module__loggerObj__C)
                  0081e80c    00000004     dss_pe674.oe674 (.const:ti_sysbios_gates_GateMutex_A_badContext__C)
                  0081e810    00000004     dss_pe674.oe674 (.const:ti_sysbios_gates_GateMutex_Instance_State_sem__O)
                  0081e814    00000004     dss_pe674.oe674 (.const:ti_sysbios_gates_GateMutex_Module__diagsEnabled__C)
                  0081e818    00000004     dss_pe674.oe674 (.const:ti_sysbios_gates_GateMutex_Module__diagsIncluded__C)
                  0081e81c    00000004     dss_pe674.oe674 (.const:ti_sysbios_gates_GateMutex_Module__diagsMask__C)
                  0081e820    00000004     dss_pe674.oe674 (.const:ti_sysbios_hal_Hwi_E_stackOverflow__C)
                  0081e824    00000004     dss_pe674.oe674 (.const:ti_sysbios_heaps_HeapMem_A_align__C)
                  0081e828    00000004     dss_pe674.oe674 (.const:ti_sysbios_heaps_HeapMem_A_heapSize__C)
                  0081e82c    00000004     dss_pe674.oe674 (.const:ti_sysbios_heaps_HeapMem_A_invalidFree__C)
                  0081e830    00000004     dss_pe674.oe674 (.const:ti_sysbios_heaps_HeapMem_A_zeroBlock__C)
                  0081e834    00000004     dss_pe674.oe674 (.const:ti_sysbios_heaps_HeapMem_E_memory__C)
                  0081e838    00000004     dss_pe674.oe674 (.const:ti_sysbios_heaps_HeapMem_Module__diagsEnabled__C)
                  0081e83c    00000004     dss_pe674.oe674 (.const:ti_sysbios_heaps_HeapMem_Module__diagsIncluded__C)
                  0081e840    00000004     dss_pe674.oe674 (.const:ti_sysbios_heaps_HeapMem_Module__diagsMask__C)
                  0081e844    00000004     dss_pe674.oe674 (.const:ti_sysbios_heaps_HeapMem_Module__gateObj__C)
                  0081e848    00000004     dss_pe674.oe674 (.const:ti_sysbios_heaps_HeapMem_Object__count__C)
                  0081e84c    00000004     dss_pe674.oe674 (.const:ti_sysbios_heaps_HeapMem_reqAlign__C)
                  0081e850    00000004     dss_pe674.oe674 (.const:ti_sysbios_knl_Clock_LM_begin__C)
                  0081e854    00000004     dss_pe674.oe674 (.const:ti_sysbios_knl_Clock_LM_tick__C)
                  0081e858    00000004     dss_pe674.oe674 (.const:ti_sysbios_knl_Clock_LW_delayed__C)
                  0081e85c    00000004     dss_pe674.oe674 (.const:ti_sysbios_knl_Clock_Module_State_clockQ__O)
                  0081e860    00000004     dss_pe674.oe674 (.const:ti_sysbios_knl_Clock_Module__diagsEnabled__C)
                  0081e864    00000004     dss_pe674.oe674 (.const:ti_sysbios_knl_Clock_Module__diagsIncluded__C)
                  0081e868    00000004     dss_pe674.oe674 (.const:ti_sysbios_knl_Clock_Module__diagsMask__C)
                  0081e86c    00000004     dss_pe674.oe674 (.const:ti_sysbios_knl_Clock_Module__loggerFxn1__C)
                  0081e870    00000004     dss_pe674.oe674 (.const:ti_sysbios_knl_Clock_Module__loggerFxn2__C)
                  0081e874    00000004     dss_pe674.oe674 (.const:ti_sysbios_knl_Clock_Module__loggerObj__C)
                  0081e878    00000004     dss_pe674.oe674 (.const:ti_sysbios_knl_Idle_funcList__A)
                  0081e87c    00000004     dss_pe674.oe674 (.const:ti_sysbios_knl_Semaphore_A_badContext__C)
                  0081e880    00000004     dss_pe674.oe674 (.const:ti_sysbios_knl_Semaphore_A_noEvents__C)
                  0081e884    00000004     dss_pe674.oe674 (.const:ti_sysbios_knl_Semaphore_A_overflow__C)
                  0081e888    00000004     dss_pe674.oe674 (.const:ti_sysbios_knl_Semaphore_A_pendTaskDisabled__C)
                  0081e88c    00000004     dss_pe674.oe674 (.const:ti_sysbios_knl_Semaphore_Instance_State_pendQ__O)
                  0081e890    00000004     dss_pe674.oe674 (.const:ti_sysbios_knl_Semaphore_LM_pend__C)
                  0081e894    00000004     dss_pe674.oe674 (.const:ti_sysbios_knl_Semaphore_LM_post__C)
                  0081e898    00000004     dss_pe674.oe674 (.const:ti_sysbios_knl_Semaphore_Module__diagsEnabled__C)
                  0081e89c    00000004     dss_pe674.oe674 (.const:ti_sysbios_knl_Semaphore_Module__diagsIncluded__C)
                  0081e8a0    00000004     dss_pe674.oe674 (.const:ti_sysbios_knl_Semaphore_Module__diagsMask__C)
                  0081e8a4    00000004     dss_pe674.oe674 (.const:ti_sysbios_knl_Semaphore_Module__loggerFxn2__C)
                  0081e8a8    00000004     dss_pe674.oe674 (.const:ti_sysbios_knl_Semaphore_Module__loggerFxn4__C)
                  0081e8ac    00000004     dss_pe674.oe674 (.const:ti_sysbios_knl_Semaphore_Module__loggerObj__C)
                  0081e8b0    00000004     dss_pe674.oe674 (.const:ti_sysbios_knl_Swi_LD_end__C)
                  0081e8b4    00000004     dss_pe674.oe674 (.const:ti_sysbios_knl_Swi_LM_begin__C)
                  0081e8b8    00000004     dss_pe674.oe674 (.const:ti_sysbios_knl_Swi_LM_post__C)
                  0081e8bc    00000004     dss_pe674.oe674 (.const:ti_sysbios_knl_Swi_Module__diagsEnabled__C)
                  0081e8c0    00000004     dss_pe674.oe674 (.const:ti_sysbios_knl_Swi_Module__diagsIncluded__C)
                  0081e8c4    00000004     dss_pe674.oe674 (.const:ti_sysbios_knl_Swi_Module__diagsMask__C)
                  0081e8c8    00000004     dss_pe674.oe674 (.const:ti_sysbios_knl_Swi_Module__loggerFxn1__C)
                  0081e8cc    00000004     dss_pe674.oe674 (.const:ti_sysbios_knl_Swi_Module__loggerFxn4__C)
                  0081e8d0    00000004     dss_pe674.oe674 (.const:ti_sysbios_knl_Swi_Module__loggerObj__C)
                  0081e8d4    00000004     dss_pe674.oe674 (.const:ti_sysbios_knl_Swi_Object__count__C)
                  0081e8d8    00000004     dss_pe674.oe674 (.const:ti_sysbios_knl_Task_A_badPriority__C)
                  0081e8dc    00000004     dss_pe674.oe674 (.const:ti_sysbios_knl_Task_A_badTaskState__C)
                  0081e8e0    00000004     dss_pe674.oe674 (.const:ti_sysbios_knl_Task_A_badThreadType__C)
                  0081e8e4    00000004     dss_pe674.oe674 (.const:ti_sysbios_knl_Task_A_noPendElem__C)
                  0081e8e8    00000004     dss_pe674.oe674 (.const:ti_sysbios_knl_Task_E_spOutOfBounds__C)
                  0081e8ec    00000004     dss_pe674.oe674 (.const:ti_sysbios_knl_Task_E_stackOverflow__C)
                  0081e8f0    00000004     dss_pe674.oe674 (.const:ti_sysbios_knl_Task_LD_block__C)
                  0081e8f4    00000004     dss_pe674.oe674 (.const:ti_sysbios_knl_Task_LD_exit__C)
                  0081e8f8    00000004     dss_pe674.oe674 (.const:ti_sysbios_knl_Task_LD_ready__C)
                  0081e8fc    00000004     dss_pe674.oe674 (.const:ti_sysbios_knl_Task_LM_switch__C)
                  0081e900    00000004     dss_pe674.oe674 (.const:ti_sysbios_knl_Task_Module_State_inactiveQ__O)
                  0081e904    00000004     dss_pe674.oe674 (.const:ti_sysbios_knl_Task_Module__diagsEnabled__C)
                  0081e908    00000004     dss_pe674.oe674 (.const:ti_sysbios_knl_Task_Module__diagsIncluded__C)
                  0081e90c    00000004     dss_pe674.oe674 (.const:ti_sysbios_knl_Task_Module__diagsMask__C)
                  0081e910    00000004     dss_pe674.oe674 (.const:ti_sysbios_knl_Task_Module__loggerFxn2__C)
                  0081e914    00000004     dss_pe674.oe674 (.const:ti_sysbios_knl_Task_Module__loggerFxn4__C)
                  0081e918    00000004     dss_pe674.oe674 (.const:ti_sysbios_knl_Task_Module__loggerObj__C)
                  0081e91c    00000004     dss_pe674.oe674 (.const:ti_sysbios_knl_Task_Object__count__C)
                  0081e920    00000004     dss_pe674.oe674 (.const:ti_sysbios_knl_Task_allBlockedFunc__C)
                  0081e924    00000004     dss_pe674.oe674 (.const:ti_sysbios_knl_Task_defaultStackHeap__C)
                  0081e928    00000004     dss_pe674.oe674 (.const:ti_sysbios_knl_Task_defaultStackSize__C)
                  0081e92c    00000004     dss_pe674.oe674 (.const:ti_sysbios_knl_Task_numConstructedTasks__C)
                  0081e930    00000004     dss_pe674.oe674 (.const:ti_sysbios_timers_rti_Timer_E_cannotSupport__C)
                  0081e934    00000004     dss_pe674.oe674 (.const:ti_sysbios_timers_rti_Timer_Module__diagsEnabled__C)
                  0081e938    00000004     dss_pe674.oe674 (.const:ti_sysbios_timers_rti_Timer_Module__diagsIncluded__C)
                  0081e93c    00000004     dss_pe674.oe674 (.const:ti_sysbios_timers_rti_Timer_Module__diagsMask__C)
                  0081e940    00000004     dss_pe674.oe674 (.const:ti_sysbios_timers_rti_Timer_numTimerDevices__C)
                  0081e944    00000004     dss_pe674.oe674 (.const:ti_sysbios_timers_rti_Timer_startupNeeded__C)
                  0081e948    00000004     dss_pe674.oe674 (.const:xdc_runtime_Assert_E_assertFailed__C)
                  0081e94c    00000004     dss_pe674.oe674 (.const:xdc_runtime_Core_A_initializedParams__C)
                  0081e950    00000004     dss_pe674.oe674 (.const:xdc_runtime_Core_Module__diagsEnabled__C)
                  0081e954    00000004     dss_pe674.oe674 (.const:xdc_runtime_Core_Module__diagsIncluded__C)
                  0081e958    00000004     dss_pe674.oe674 (.const:xdc_runtime_Core_Module__diagsMask__C)
                  0081e95c    00000004     dss_pe674.oe674 (.const:xdc_runtime_Error_E_memory__C)
                  0081e960    00000004     dss_pe674.oe674 (.const:xdc_runtime_Error_Module__diagsEnabled__C)
                  0081e964    00000004     dss_pe674.oe674 (.const:xdc_runtime_Error_Module__diagsIncluded__C)
                  0081e968    00000004     dss_pe674.oe674 (.const:xdc_runtime_Error_Module__diagsMask__C)
                  0081e96c    00000004     dss_pe674.oe674 (.const:xdc_runtime_Error_Module__loggerFxn8__C)
                  0081e970    00000004     dss_pe674.oe674 (.const:xdc_runtime_Error_Module__loggerObj__C)
                  0081e974    00000004     dss_pe674.oe674 (.const:xdc_runtime_Error_policyFxn__C)
                  0081e978    00000004     dss_pe674.oe674 (.const:xdc_runtime_Error_policy__C)
                  0081e97c    00000004     dss_pe674.oe674 (.const:xdc_runtime_Error_raiseHook__C)
                  0081e980    00000004     dss_pe674.oe674 (.const:xdc_runtime_IGateProvider_Interface__BASE__C)
                  0081e984    00000004     dss_pe674.oe674 (.const:xdc_runtime_IHeap_Interface__BASE__C)
                  0081e988    00000004     dss_pe674.oe674 (.const:xdc_runtime_IModule_Interface__BASE__C)
                  0081e98c    00000004     dss_pe674.oe674 (.const:xdc_runtime_Log_L_error__C)
                  0081e990    00000004     dss_pe674.oe674 (.const:xdc_runtime_Memory_defaultHeapInstance__C)
                  0081e994    00000004     dss_pe674.oe674 (.const:xdc_runtime_Startup_execImpl__C)
                  0081e998    00000004     dss_pe674.oe674 (.const:xdc_runtime_Startup_maxPasses__C)
                  0081e99c    00000004     dss_pe674.oe674 (.const:xdc_runtime_Startup_sfxnRts__C)
                  0081e9a0    00000004     dss_pe674.oe674 (.const:xdc_runtime_Startup_sfxnTab__C)
                  0081e9a4    00000004     dss_pe674.oe674 (.const:xdc_runtime_System_Module__gateObj__C)
                  0081e9a8    00000004     dss_pe674.oe674 (.const:xdc_runtime_System_abortFxn__C)
                  0081e9ac    00000004     dss_pe674.oe674 (.const:xdc_runtime_System_exitFxn__C)
                  0081e9b0    00000004     dss_pe674.oe674 (.const:xdc_runtime_System_extendFxn__C)
                  0081e9b4    00000004     dss_pe674.oe674 (.const:xdc_runtime_System_maxAtexitHandlers__C)
                  0081e9b8    00000004     dss_pe674.oe674 (.const:xdc_runtime_Text_charTab__C)
                  0081e9bc    00000004     dss_pe674.oe674 (.const:xdc_runtime_Text_nameEmpty__C)
                  0081e9c0    00000004     dss_pe674.oe674 (.const:xdc_runtime_Text_nameStatic__C)
                  0081e9c4    00000004     dss_pe674.oe674 (.const:xdc_runtime_Text_nameUnknown__C)
                  0081e9c8    00000004     dss_pe674.oe674 (.const:xdc_runtime_Text_nodeTab__C)
                  0081e9cc    00000004     dss_pe674.oe674 (.const:xdc_runtime_Text_visitRopeFxn__C)
                  0081e9d0    00000002     dss_pe674.oe674 (.const:ti_sysbios_family_c64p_Exception_Module__id__C)
                  0081e9d2    00000002     dss_pe674.oe674 (.const:ti_sysbios_family_c64p_Exception_useInternalBuffer__C)
                  0081e9d4    00000002     dss_pe674.oe674 (.const:ti_sysbios_family_c64p_Hwi_Module__id__C)
                  0081e9d6    00000002     dss_pe674.oe674 (.const:ti_sysbios_family_c64p_Hwi_Module__loggerDefined__C)
                  0081e9d8    00000002     dss_pe674.oe674 (.const:ti_sysbios_gates_GateMutex_Module__id__C)
                  0081e9da    00000002     dss_pe674.oe674 (.const:ti_sysbios_hal_Hwi_Module__id__C)
                  0081e9dc    00000002     dss_pe674.oe674 (.const:ti_sysbios_heaps_HeapMem_Module__id__C)
                  0081e9de    00000002     dss_pe674.oe674 (.const:ti_sysbios_knl_Clock_Module__id__C)
                  0081e9e0    00000002     dss_pe674.oe674 (.const:ti_sysbios_knl_Clock_Module__loggerDefined__C)
                  0081e9e2    00000002     dss_pe674.oe674 (.const:ti_sysbios_knl_Semaphore_Module__id__C)
                  0081e9e4    00000002     dss_pe674.oe674 (.const:ti_sysbios_knl_Semaphore_Module__loggerDefined__C)
                  0081e9e6    00000002     dss_pe674.oe674 (.const:ti_sysbios_knl_Swi_Module__id__C)
                  0081e9e8    00000002     dss_pe674.oe674 (.const:ti_sysbios_knl_Swi_Module__loggerDefined__C)
                  0081e9ea    00000002     dss_pe674.oe674 (.const:ti_sysbios_knl_Task_Module__id__C)
                  0081e9ec    00000002     dss_pe674.oe674 (.const:ti_sysbios_knl_Task_Module__loggerDefined__C)
                  0081e9ee    00000002     dss_pe674.oe674 (.const:ti_sysbios_timers_rti_Timer_Module__id__C)
                  0081e9f0    00000002     dss_pe674.oe674 (.const:ti_sysbios_timers_rti_Timer_continueOnSuspend__C)
                  0081e9f2    00000002     dss_pe674.oe674 (.const:xdc_runtime_Core_Module__id__C)
                  0081e9f4    00000002     dss_pe674.oe674 (.const:xdc_runtime_Error_Module__loggerDefined__C)
                  0081e9f6    00000002     dss_pe674.oe674 (.const:xdc_runtime_Error_maxDepth__C)
                  0081e9f8    00000002     dss_pe674.oe674 (.const:xdc_runtime_Main_Module__id__C)
                  0081e9fa    00000002     dss_pe674.oe674 (.const:xdc_runtime_Memory_Module__id__C)
                  0081e9fc    00000002     dss_pe674.oe674 (.const:xdc_runtime_Text_charCnt__C)
                  0081e9fe    00000002     dss_pe674.oe674 (.const:xdc_runtime_Text_isLoaded__C)
                  0081ea00    00000002     dss_pe674.oe674 (.const:xdc_runtime_Text_registryModsLastId__C)
                  0081ea02    00000002     dss_pe674.oe674 (.const:xdc_runtime_Text_unnamedModsLastId__C)

.fardata.2 
[...]
007fe648  gHWAHwCfg                                                    
007fe678  ti_sysbios_family_c64p_Exception_Module__state__V            
007fe6a8  ti_sysbios_knl_Swi_Object__table__V                          
007fe6d8  ti_sysbios_knl_Clock_Module__state__V                        
007fe704  ti_sysbios_BIOS_Module__state__V                             
007fe728  xdc_runtime_Error_IgnoreBlock                                
007fe748  xdc_runtime_System_Module_State_0_atexitHandlers__A          
007fe768  ti_sysbios_knl_Swi_Module__state__V                          
007fe784  __errno                                                      
007fe784  errno                                                        
007fe7b8  ti_sysbios_heaps_HeapMem_Object__table__V                    
007fe7d0  ti_sysbios_timers_rti_Timer_Module_State_0_device__A         
007fe808  gHwaEDMAChanMapping                                          
007fe818  ti_sysbios_timers_rti_Timer_Module_State_0_intFreqs__A       
007fe828  ti_sysbios_timers_rti_Timer_Module__state__V                 
007fe838  __TI_cleanup_ptr                                             
007fe83c  __TI_dtors_ptr                                               
007fe840  __TI_enable_exit_profile_output                              
007fe844  ti_sysbios_gates_GateHwi_Module__root__V                     
007fe84c  ti_sysbios_gates_GateMutex_Module__root__V                   
007fe854  ti_sysbios_family_c64p_Cache_Module__state__V                
007fe858  ti_sysbios_hal_Hwi_Object__table__V                          
007fe860  ti_sysbios_heaps_HeapMem_Module__root__V                     
007fe868  ti_sysbios_knl_Queue_Module__root__V                         
007fe870  ti_sysbios_knl_Semaphore_Module__root__V                     
007fe878  ti_sysbios_knl_Task_Module__root__V                          
007fe880  ti_sysbios_timers_rti_Timer_Module_State_0_handles__A        
007fe888  xdc_runtime_Registry_Module__state__V                        
007fe890  xdc_runtime_Startup_Module__state__V                         
007fe898  xdc_runtime_System_Module__state__V                          
007fe8a0  gHWADriverPtr                                                
007fe8a4  xdc_runtime_Memory_Module__state__V                          
007fe8a8  ti_sysbios_gates_GateHwi_Object__table__V                    
007fe8ac  xdc_runtime_Error_Module__state__V                           
007fe8b0  ti_sysbios_knl_Task_Module_State_0_idleTask__A               
007fe8b8  __CIOBUF_                                                    
007fea68  __TI_STATIC_BASE                                             
007fea68  dopplerProcDpuHandle                                         
007fea6c  edmaHandle                                                   
007fea70  hwaHandle                                                    
007fea74  socHandle                                                    
007fea78  checkResults                                                 
007fea79  finalResults                                                 
007fea80  MCPI_Result                                                  
007fea84  MCPI_FailSignature                                           
007fea8c  gMCPILogMessageSize                                          
007fea98  regionId                                                     
00800000  calculatedDetMatrix                                          
00810000  testDopplerWindow                                            
00810800  fftDataInBuf                                                 
00811000  fftDataWindow                                                
00812000  fftDataOutBuf                                                
00813000  detMatRefTemp                                                
00813800  detMatRef                                                    
00813c00  ti_sysbios_heaps_HeapMem_Instance_State_0_buf__A             
0081bc00  xdc_runtime_Text_charTab__A                                  
0081d5be  ti_sysbios_family_c64p_Cache_Module__id__C                   
0081df58  _ctypes_                                                     
0081e05a  ti_sysbios_family_c64p_EventCombiner_Module__id__C           
0081e060  xdc_runtime_Text_nodeTab__A                                  
0081e2e0  ti_sysbios_knl_Task_Object__PARAMS__C                        
0081e364  ti_sysbios_family_c62_TaskSupport_stackAlignment__C          
0081e3e4  ti_sysbios_family_c64p_Cache_E_invalidL1CacheSize__C         
0081e3e8  gEdmaHwAttrs                                                 
0081e44c  ti_sysbios_heaps_HeapMem_Module__FXNS__C                     
0081e474  ti_sysbios_family_c64p_Cache_E_invalidL2CacheSize__C         
0081e478  xdc_runtime_Startup_sfxnTab__A                               
0081e4e8  ti_sysbios_gates_GateHwi_Module__FXNS__C                     
0081e50c  ti_sysbios_gates_GateMutex_Module__FXNS__C                   
0081e530  ti_sysbios_heaps_HeapMem_Object__PARAMS__C                   
0081e554  ti_sysbios_knl_Semaphore_Object__PARAMS__C                   
0081e5d8  ti_sysbios_gates_GateHwi_Object__DESC__C                     
0081e5f8  ti_sysbios_gates_GateMutex_Object__DESC__C                   
0081e618  ti_sysbios_heaps_HeapMem_Object__DESC__C                     
0081e638  ti_sysbios_knl_Queue_Object__DESC__C                         
0081e658  ti_sysbios_knl_Semaphore_Object__DESC__C                     
0081e678  ti_sysbios_knl_Task_Object__DESC__C                          
0081e6e8  ti_sysbios_gates_GateHwi_Object__PARAMS__C                   
0081e700  ti_sysbios_gates_GateMutex_Object__PARAMS__C                 
0081e718  ti_sysbios_knl_Queue_Object__PARAMS__C                       
0081e730  xdc_runtime_Startup_sfxnRts__A                               
0081e744  ti_sysbios_family_c64p_Cache_MAR0_31__C                      
0081e758  ti_sysbios_family_c64p_EventCombiner_EVTMASK__C              
0081e774  ti_sysbios_family_c64p_Cache_MAR128_159__C                   
0081e784  ti_sysbios_knl_Idle_funcList__C                              
0081e78c  ti_sysbios_family_c64p_Cache_MAR160_191__C                   
0081e790  xdc_runtime_Startup_firstFxns__A                             
0081e798  xdc_runtime_Startup_firstFxns__C                             
0081e7a0  xdc_runtime_Startup_lastFxns__C                              
0081e7a8  ti_sysbios_family_c64p_Cache_MAR192_223__C                   
0081e7ac  ti_sysbios_family_c64p_Cache_MAR224_255__C                   
0081e7b0  ti_sysbios_family_c64p_Cache_MAR32_63__C                     
0081e7b4  ti_sysbios_family_c64p_Cache_MAR64_95__C                     
0081e7b8  ti_sysbios_family_c64p_Cache_MAR96_127__C                    
0081e7bc  ti_sysbios_family_c64p_EventCombiner_A_invalidEventId__C     
0081e7c0  ti_sysbios_family_c64p_EventCombiner_EVTRegs__C              
0081e7c4  ti_sysbios_family_c64p_EventCombiner_E_unpluggedEvent__C     
0081e7c8  ti_sysbios_family_c64p_EventCombiner_Module__diagsEnabled__C 
0081e7cc  ti_sysbios_family_c64p_EventCombiner_Module__diagsIncluded__C
0081e7d0  ti_sysbios_family_c64p_EventCombiner_Module__diagsMask__C    
0081e7d4  ti_sysbios_family_c64p_Exception_E_exceptionMax__C           
0081e7d8  ti_sysbios_family_c64p_Exception_exceptionHook__C            
0081e7dc  ti_sysbios_family_c64p_Exception_externalHook__C             
0081e7e0  ti_sysbios_family_c64p_Exception_internalHook__C             
0081e7e4  ti_sysbios_family_c64p_Exception_nmiHook__C                  
0081e7e8  ti_sysbios_family_c64p_Hwi_INTRMUX1Address__C                
0081e7ec  ti_sysbios_family_c64p_Hwi_LD_end__C                         
0081e7f0  ti_sysbios_family_c64p_Hwi_LM_begin__C                       
0081e7f4  ti_sysbios_family_c64p_Hwi_Module__diagsEnabled__C           
0081e7f8  ti_sysbios_family_c64p_Hwi_Module__diagsIncluded__C          
0081e7fc  ti_sysbios_family_c64p_Hwi_Module__diagsMask__C              
0081e800  ti_sysbios_family_c64p_Hwi_Module__loggerFxn1__C             
0081e804  ti_sysbios_family_c64p_Hwi_Module__loggerFxn8__C             
0081e808  ti_sysbios_family_c64p_Hwi_Module__loggerObj__C              
0081e80c  ti_sysbios_gates_GateMutex_A_badContext__C                   
0081e810  ti_sysbios_gates_GateMutex_Instance_State_sem__O             
0081e814  ti_sysbios_gates_GateMutex_Module__diagsEnabled__C           
0081e818  ti_sysbios_gates_GateMutex_Module__diagsIncluded__C          
0081e81c  ti_sysbios_gates_GateMutex_Module__diagsMask__C              
0081e820  ti_sysbios_hal_Hwi_E_stackOverflow__C                        
0081e824  ti_sysbios_heaps_HeapMem_A_align__C                          
0081e828  ti_sysbios_heaps_HeapMem_A_heapSize__C                       
0081e82c  ti_sysbios_heaps_HeapMem_A_invalidFree__C                    
0081e830  ti_sysbios_heaps_HeapMem_A_zeroBlock__C                      
0081e834  ti_sysbios_heaps_HeapMem_E_memory__C                         
0081e838  ti_sysbios_heaps_HeapMem_Module__diagsEnabled__C             
0081e83c  ti_sysbios_heaps_HeapMem_Module__diagsIncluded__C            
0081e840  ti_sysbios_heaps_HeapMem_Module__diagsMask__C                
0081e844  ti_sysbios_heaps_HeapMem_Module__gateObj__C                  
0081e848  ti_sysbios_heaps_HeapMem_Object__count__C                    
0081e84c  ti_sysbios_heaps_HeapMem_reqAlign__C                         
0081e850  ti_sysbios_knl_Clock_LM_begin__C                             
0081e854  ti_sysbios_knl_Clock_LM_tick__C                              
0081e858  ti_sysbios_knl_Clock_LW_delayed__C                           
0081e85c  ti_sysbios_knl_Clock_Module_State_clockQ__O                  
0081e860  ti_sysbios_knl_Clock_Module__diagsEnabled__C                 
0081e864  ti_sysbios_knl_Clock_Module__diagsIncluded__C                
0081e868  ti_sysbios_knl_Clock_Module__diagsMask__C                    
0081e86c  ti_sysbios_knl_Clock_Module__loggerFxn1__C                   
0081e870  ti_sysbios_knl_Clock_Module__loggerFxn2__C                   
0081e874  ti_sysbios_knl_Clock_Module__loggerObj__C                    
0081e878  ti_sysbios_knl_Idle_funcList__A                              
0081e87c  ti_sysbios_knl_Semaphore_A_badContext__C                     
0081e880  ti_sysbios_knl_Semaphore_A_noEvents__C                       
0081e884  ti_sysbios_knl_Semaphore_A_overflow__C                       
0081e888  ti_sysbios_knl_Semaphore_A_pendTaskDisabled__C               
0081e88c  ti_sysbios_knl_Semaphore_Instance_State_pendQ__O             
0081e890  ti_sysbios_knl_Semaphore_LM_pend__C                          
0081e894  ti_sysbios_knl_Semaphore_LM_post__C                          
0081e898  ti_sysbios_knl_Semaphore_Module__diagsEnabled__C             
0081e89c  ti_sysbios_knl_Semaphore_Module__diagsIncluded__C            
0081e8a0  ti_sysbios_knl_Semaphore_Module__diagsMask__C                
0081e8a4  ti_sysbios_knl_Semaphore_Module__loggerFxn2__C               
0081e8a8  ti_sysbios_knl_Semaphore_Module__loggerFxn4__C               
0081e8ac  ti_sysbios_knl_Semaphore_Module__loggerObj__C                
0081e8b0  ti_sysbios_knl_Swi_LD_end__C                                 
0081e8b4  ti_sysbios_knl_Swi_LM_begin__C                               
0081e8b8  ti_sysbios_knl_Swi_LM_post__C                                
0081e8bc  ti_sysbios_knl_Swi_Module__diagsEnabled__C                   
0081e8c0  ti_sysbios_knl_Swi_Module__diagsIncluded__C                  
0081e8c4  ti_sysbios_knl_Swi_Module__diagsMask__C                      
0081e8c8  ti_sysbios_knl_Swi_Module__loggerFxn1__C                     
0081e8cc  ti_sysbios_knl_Swi_Module__loggerFxn4__C                     
0081e8d0  ti_sysbios_knl_Swi_Module__loggerObj__C                      
0081e8d4  ti_sysbios_knl_Swi_Object__count__C                          
0081e8d8  ti_sysbios_knl_Task_A_badPriority__C                         
0081e8dc  ti_sysbios_knl_Task_A_badTaskState__C                        
0081e8e0  ti_sysbios_knl_Task_A_badThreadType__C                       
0081e8e4  ti_sysbios_knl_Task_A_noPendElem__C                          
0081e8e8  ti_sysbios_knl_Task_E_spOutOfBounds__C                       
0081e8ec  ti_sysbios_knl_Task_E_stackOverflow__C                       
0081e8f0  ti_sysbios_knl_Task_LD_block__C                              
0081e8f4  ti_sysbios_knl_Task_LD_exit__C                               
0081e8f8  ti_sysbios_knl_Task_LD_ready__C                              
0081e8fc  ti_sysbios_knl_Task_LM_switch__C                             
0081e900  ti_sysbios_knl_Task_Module_State_inactiveQ__O                
0081e904  ti_sysbios_knl_Task_Module__diagsEnabled__C                  
0081e908  ti_sysbios_knl_Task_Module__diagsIncluded__C                 
0081e90c  ti_sysbios_knl_Task_Module__diagsMask__C                     
0081e910  ti_sysbios_knl_Task_Module__loggerFxn2__C                    
0081e914  ti_sysbios_knl_Task_Module__loggerFxn4__C                    
0081e918  ti_sysbios_knl_Task_Module__loggerObj__C                     
0081e91c  ti_sysbios_knl_Task_Object__count__C                         
0081e920  ti_sysbios_knl_Task_allBlockedFunc__C                        
0081e924  ti_sysbios_knl_Task_defaultStackHeap__C                      
0081e928  ti_sysbios_knl_Task_defaultStackSize__C                      
0081e92c  ti_sysbios_knl_Task_numConstructedTasks__C                   
0081e930  ti_sysbios_timers_rti_Timer_E_cannotSupport__C               
0081e934  ti_sysbios_timers_rti_Timer_Module__diagsEnabled__C          
0081e938  ti_sysbios_timers_rti_Timer_Module__diagsIncluded__C         
0081e93c  ti_sysbios_timers_rti_Timer_Module__diagsMask__C             
0081e940  ti_sysbios_timers_rti_Timer_numTimerDevices__C               
0081e944  ti_sysbios_timers_rti_Timer_startupNeeded__C                 
0081e948  xdc_runtime_Assert_E_assertFailed__C                         
0081e94c  xdc_runtime_Core_A_initializedParams__C                      
0081e950  xdc_runtime_Core_Module__diagsEnabled__C                     
0081e954  xdc_runtime_Core_Module__diagsIncluded__C                    
0081e958  xdc_runtime_Core_Module__diagsMask__C                        
0081e95c  xdc_runtime_Error_E_memory__C                                
0081e960  xdc_runtime_Error_Module__diagsEnabled__C                    
0081e964  xdc_runtime_Error_Module__diagsIncluded__C                   
0081e968  xdc_runtime_Error_Module__diagsMask__C                       
0081e96c  xdc_runtime_Error_Module__loggerFxn8__C                      
0081e970  xdc_runtime_Error_Module__loggerObj__C                       
0081e974  xdc_runtime_Error_policyFxn__C                               
0081e978  xdc_runtime_Error_policy__C                                  
0081e97c  xdc_runtime_Error_raiseHook__C                               
0081e980  xdc_runtime_IGateProvider_Interface__BASE__C                 
0081e984  xdc_runtime_IHeap_Interface__BASE__C                         
0081e988  xdc_runtime_IModule_Interface__BASE__C                       
0081e98c  xdc_runtime_Log_L_error__C                                   
0081e990  xdc_runtime_Memory_defaultHeapInstance__C                    
0081e994  xdc_runtime_Startup_execImpl__C                              
0081e998  xdc_runtime_Startup_maxPasses__C                             
0081e99c  xdc_runtime_Startup_sfxnRts__C                               
0081e9a0  xdc_runtime_Startup_sfxnTab__C                               
0081e9a4  xdc_runtime_System_Module__gateObj__C                        
0081e9a8  xdc_runtime_System_abortFxn__C                               
0081e9ac  xdc_runtime_System_exitFxn__C                                
0081e9b0  xdc_runtime_System_extendFxn__C                              
0081e9b4  xdc_runtime_System_maxAtexitHandlers__C                      
0081e9b8  xdc_runtime_Text_charTab__C                                  
0081e9bc  xdc_runtime_Text_nameEmpty__C                                
0081e9c0  xdc_runtime_Text_nameStatic__C                               
0081e9c4  xdc_runtime_Text_nameUnknown__C                              
0081e9c8  xdc_runtime_Text_nodeTab__C                                  
0081e9cc  xdc_runtime_Text_visitRopeFxn__C                             
0081e9d0  ti_sysbios_family_c64p_Exception_Module__id__C               
0081e9d2  ti_sysbios_family_c64p_Exception_useInternalBuffer__C        
0081e9d4  ti_sysbios_family_c64p_Hwi_Module__id__C                     
0081e9d6  ti_sysbios_family_c64p_Hwi_Module__loggerDefined__C          
0081e9d8  ti_sysbios_gates_GateMutex_Module__id__C                     
0081e9da  ti_sysbios_hal_Hwi_Module__id__C                             
0081e9dc  ti_sysbios_heaps_HeapMem_Module__id__C                       
0081e9de  ti_sysbios_knl_Clock_Module__id__C                           
0081e9e0  ti_sysbios_knl_Clock_Module__loggerDefined__C                
0081e9e2  ti_sysbios_knl_Semaphore_Module__id__C                       
0081e9e4  ti_sysbios_knl_Semaphore_Module__loggerDefined__C            
0081e9e6  ti_sysbios_knl_Swi_Module__id__C                             
0081e9e8  ti_sysbios_knl_Swi_Module__loggerDefined__C                  
0081e9ea  ti_sysbios_knl_Task_Module__id__C                            
0081e9ec  ti_sysbios_knl_Task_Module__loggerDefined__C                 
0081e9ee  ti_sysbios_timers_rti_Timer_Module__id__C                    
0081e9f0  ti_sysbios_timers_rti_Timer_continueOnSuspend__C             
0081e9f2  xdc_runtime_Core_Module__id__C                               
0081e9f4  xdc_runtime_Error_Module__loggerDefined__C                   
0081e9f6  xdc_runtime_Error_maxDepth__C                                
0081e9f8  xdc_runtime_Main_Module__id__C                               
0081e9fa  xdc_runtime_Memory_Module__id__C                             
0081e9fc  xdc_runtime_Text_charCnt__C                                  
0081e9fe  xdc_runtime_Text_isLoaded__C                                 
0081ea00  xdc_runtime_Text_registryModsLastId__C                       
0081ea02  xdc_runtime_Text_unnamedModsLastId__C                        
0081ea08  ti_sysbios_knl_Task_Instance_State_0_stack__A                
0081f900  __TI_tmpnams                                                 
0081fa40  dopplerProcDpuCfg                                            
0081faa4  edmaDbg                                                      
0081fab8  parmbuf                                                      
0081fac0  ti_sysbios_family_c64p_EventCombiner_Module__state__V        
0081fec0  _stream                                                      
0081ff60  ti_sysbios_knl_Swi_Module_State_0_readyQ__A                  
0081ffe0  gSOCHwAttrib                                                 
20000000  testRadarCube                                                
ffffffff  __TI_pprof_out_hndl                                          
ffffffff  __TI_prof_data_size                                          
ffffffff  __TI_prof_data_start                                         
ffffffff  __binit__                                                    
ffffffff  __c_args__                                                   
ffffffff  binit                                                        
UNDEFED   __TI_CINIT_Base                                              
UNDEFED   __TI_CINIT_Limit                                             
UNDEFED   __TI_Handler_Table_Base                                      
UNDEFED   __TI_Handler_Table_Limit                                     
UNDEFED   __TI_INITARRAY_Base                                          
UNDEFED   __TI_INITARRAY_Limit                                         
UNDEFED   __TI_TLS_INIT_Base                                           
UNDEFED   __TI_TLS_INIT_Limit                                          

[762 symbols]
